
===========================================================================
report_checks -unconstrained
===========================================================================
======================= min_tt_025C_1v80 Corner ===================================

Startpoint: nrst (input port clocked by clk)
Endpoint: _1334_ (recovery check against rising-edge clock clk)
Path Group: asynchronous
Path Type: max

Fanout         Cap        Slew       Delay        Time   Description
---------------------------------------------------------------------------------------------
                                  0.000000    0.000000   clock clk (rise edge)
                                  0.000000    0.000000   clock network delay (propagated)
                                  5.000000    5.000000 ^ input external delay
     1    0.003018    0.020671    0.011062    5.011062 ^ nrst (in)
                                                         nrst (net)
                      0.020671    0.000000    5.011062 ^ input2/A (sky130_fd_sc_hd__buf_1)
     3    0.014102    0.171239    0.161344    5.172406 ^ input2/X (sky130_fd_sc_hd__buf_1)
                                                         net2 (net)
                      0.171241    0.000547    5.172953 ^ fanout86/A (sky130_fd_sc_hd__buf_4)
    10    0.061665    0.173827    0.248399    5.421351 ^ fanout86/X (sky130_fd_sc_hd__buf_4)
                                                         net86 (net)
                      0.173897    0.000376    5.421728 ^ fanout85/A (sky130_fd_sc_hd__clkbuf_4)
    10    0.046176    0.146110    0.255538    5.677266 ^ fanout85/X (sky130_fd_sc_hd__clkbuf_4)
                                                         net85 (net)
                      0.146123    0.001475    5.678741 ^ _1334_/RESET_B (sky130_fd_sc_hd__dfrtp_2)
                                              5.678741   data arrival time

                                 25.000000   25.000000   clock clk (rise edge)
                                  0.000000   25.000000   clock source latency
     1    0.019302    0.092561    0.063450   25.063450 ^ clk (in)
                                                         clk (net)
                      0.092562    0.000000   25.063450 ^ clkbuf_0_clk/A (sky130_fd_sc_hd__clkbuf_16)
     4    0.041491    0.061126    0.160339   25.223787 ^ clkbuf_0_clk/X (sky130_fd_sc_hd__clkbuf_16)
                                                         clknet_0_clk (net)
                      0.061132    0.000622   25.224409 ^ clkbuf_2_3__f_clk/A (sky130_fd_sc_hd__clkbuf_16)
    11    0.032028    0.052800    0.141851   25.366261 ^ clkbuf_2_3__f_clk/X (sky130_fd_sc_hd__clkbuf_16)
                                                         clknet_2_3__leaf_clk (net)
                      0.052803    0.000663   25.366924 ^ _1334_/CLK (sky130_fd_sc_hd__dfrtp_2)
                                 -0.250000   25.116924   clock uncertainty
                                  0.000000   25.116924   clock reconvergence pessimism
                                  0.191444   25.308367   library recovery time
                                             25.308367   data required time
---------------------------------------------------------------------------------------------
                                             25.308367   data required time
                                             -5.678741   data arrival time
---------------------------------------------------------------------------------------------
                                             19.629627   slack (MET)


Startpoint: prescaler[9] (input port clocked by clk)
Endpoint: _1340_ (rising edge-triggered flip-flop clocked by clk)
Path Group: clk
Path Type: max

Fanout         Cap        Slew       Delay        Time   Description
---------------------------------------------------------------------------------------------
                                  0.000000    0.000000   clock clk (rise edge)
                                  0.000000    0.000000   clock network delay (propagated)
                                  5.000000    5.000000 ^ input external delay
     1    0.002764    0.019578    0.010172    5.010172 ^ prescaler[9] (in)
                                                         prescaler[9] (net)
                      0.019578    0.000000    5.010172 ^ input16/A (sky130_fd_sc_hd__buf_1)
     2    0.018742    0.223989    0.197394    5.207567 ^ input16/X (sky130_fd_sc_hd__buf_1)
                                                         net16 (net)
                      0.223989    0.000112    5.207678 ^ fanout87/A (sky130_fd_sc_hd__clkbuf_4)
    10    0.052776    0.163601    0.285616    5.493295 ^ fanout87/X (sky130_fd_sc_hd__clkbuf_4)
                                                         net87 (net)
                      0.163612    0.001541    5.494836 ^ _0681_/A (sky130_fd_sc_hd__xor2_2)
     3    0.013691    0.204303    0.220484    5.715320 ^ _0681_/X (sky130_fd_sc_hd__xor2_2)
                                                         _0057_ (net)
                      0.204303    0.000100    5.715420 ^ _0682_/B (sky130_fd_sc_hd__xnor2_2)
     2    0.012023    0.199439    0.162917    5.878337 ^ _0682_/Y (sky130_fd_sc_hd__xnor2_2)
                                                         _0058_ (net)
                      0.199439    0.000144    5.878481 ^ _0685_/B (sky130_fd_sc_hd__xor2_2)
     2    0.012321    0.189749    0.218199    6.096681 ^ _0685_/X (sky130_fd_sc_hd__xor2_2)
                                                         _0061_ (net)
                      0.189749    0.000108    6.096788 ^ _0686_/A3 (sky130_fd_sc_hd__a31o_1)
     2    0.012413    0.128622    0.231871    6.328659 ^ _0686_/X (sky130_fd_sc_hd__a31o_1)
                                                         _0062_ (net)
                      0.128622    0.000057    6.328716 ^ _0694_/A (sky130_fd_sc_hd__xor2_2)
     2    0.011764    0.183838    0.199584    6.528301 ^ _0694_/X (sky130_fd_sc_hd__xor2_2)
                                                         _0070_ (net)
                      0.183838    0.000099    6.528400 ^ _0852_/B (sky130_fd_sc_hd__xor2_2)
     2    0.013604    0.203392    0.226690    6.755090 ^ _0852_/X (sky130_fd_sc_hd__xor2_2)
                                                         _0228_ (net)
                      0.203392    0.000233    6.755322 ^ _0854_/B (sky130_fd_sc_hd__xor2_2)
     2    0.015370    0.222306    0.242991    6.998313 ^ _0854_/X (sky130_fd_sc_hd__xor2_2)
                                                         _0230_ (net)
                      0.222306    0.000121    6.998435 ^ _0855_/B (sky130_fd_sc_hd__xnor2_1)
     3    0.011554    0.287378    0.212474    7.210908 ^ _0855_/Y (sky130_fd_sc_hd__xnor2_1)
                                                         _0231_ (net)
                      0.287378    0.000155    7.211063 ^ _0858_/A (sky130_fd_sc_hd__xnor2_1)
     2    0.007820    0.097581    0.153559    7.364623 v _0858_/Y (sky130_fd_sc_hd__xnor2_1)
                                                         _0234_ (net)
                      0.097581    0.000066    7.364688 v _0863_/A (sky130_fd_sc_hd__nor2_1)
     2    0.013293    0.249147    0.244823    7.609511 ^ _0863_/Y (sky130_fd_sc_hd__nor2_1)
                                                         _0239_ (net)
                      0.249147    0.000201    7.609712 ^ _0869_/A4 (sky130_fd_sc_hd__a41oi_4)
     3    0.011305    0.113705    0.161209    7.770921 v _0869_/Y (sky130_fd_sc_hd__a41oi_4)
                                                         _0245_ (net)
                      0.113705    0.000292    7.771213 v _0902_/A2 (sky130_fd_sc_hd__a211o_1)
     2    0.012855    0.091853    0.365187    8.136400 v _0902_/X (sky130_fd_sc_hd__a211o_1)
                                                         _0278_ (net)
                      0.091853    0.000209    8.136609 v _0912_/A1 (sky130_fd_sc_hd__a21oi_4)
     5    0.021785    0.194283    0.211903    8.348513 ^ _0912_/Y (sky130_fd_sc_hd__a21oi_4)
                                                         _0288_ (net)
                      0.194283    0.000105    8.348618 ^ _0922_/C1 (sky130_fd_sc_hd__a211o_1)
     3    0.008940    0.088484    0.160923    8.509540 ^ _0922_/X (sky130_fd_sc_hd__a211o_1)
                                                         _0298_ (net)
                      0.088484    0.000161    8.509701 ^ _0924_/C_N (sky130_fd_sc_hd__or3b_1)
     2    0.005228    0.078897    0.366986    8.876686 v _0924_/X (sky130_fd_sc_hd__or3b_1)
                                                         _0300_ (net)
                      0.078897    0.000051    8.876737 v _0956_/C_N (sky130_fd_sc_hd__or3b_1)
     1    0.002618    0.043499    0.167522    9.044259 ^ _0956_/X (sky130_fd_sc_hd__or3b_1)
                                                         _0332_ (net)
                      0.043499    0.000011    9.044270 ^ _0957_/A2 (sky130_fd_sc_hd__a211oi_1)
     2    0.007696    0.102272    0.088856    9.133125 v _0957_/Y (sky130_fd_sc_hd__a211oi_1)
                                                         _0333_ (net)
                      0.102272    0.000095    9.133221 v _0960_/B (sky130_fd_sc_hd__or3_1)
     1    0.003329    0.068301    0.362665    9.495885 v _0960_/X (sky130_fd_sc_hd__or3_1)
                                                         _0336_ (net)
                      0.068301    0.000028    9.495914 v fanout60/A (sky130_fd_sc_hd__buf_2)
     7    0.039139    0.097231    0.198966    9.694880 v fanout60/X (sky130_fd_sc_hd__buf_2)
                                                         net60 (net)
                      0.097233    0.000597    9.695477 v fanout59/A (sky130_fd_sc_hd__buf_2)
    10    0.038764    0.096477    0.211397    9.906874 v fanout59/X (sky130_fd_sc_hd__buf_2)
                                                         net59 (net)
                      0.096509    0.001683    9.908557 v _1035_/C (sky130_fd_sc_hd__or4_1)
     4    0.012416    0.138901    0.556842   10.465399 v _1035_/X (sky130_fd_sc_hd__or4_1)
                                                         _0411_ (net)
                      0.138901    0.000088   10.465487 v _1053_/B (sky130_fd_sc_hd__or2_1)
     2    0.005468    0.059882    0.254953   10.720440 v _1053_/X (sky130_fd_sc_hd__or2_1)
                                                         _0428_ (net)
                      0.059882    0.000040   10.720480 v _1213_/A2 (sky130_fd_sc_hd__a311o_1)
     1    0.002676    0.052144    0.307054   11.027534 v _1213_/X (sky130_fd_sc_hd__a311o_1)
                                                         _0557_ (net)
                      0.052144    0.000033   11.027567 v _1214_/C (sky130_fd_sc_hd__or4b_1)
     1    0.009004    0.121718    0.519589   11.547155 v _1214_/X (sky130_fd_sc_hd__or4b_1)
                                                         _0558_ (net)
                      0.121718    0.000355   11.547511 v _1228_/A (sky130_fd_sc_hd__or4_1)
     1    0.003111    0.084787    0.538998   12.086509 v _1228_/X (sky130_fd_sc_hd__or4_1)
                                                         _0572_ (net)
                      0.084787    0.000034   12.086543 v _1253_/A (sky130_fd_sc_hd__nor2_1)
     1    0.008235    0.164807    0.177963   12.264506 ^ _1253_/Y (sky130_fd_sc_hd__nor2_1)
                                                         clk_divider.next_flag (net)
                      0.164808    0.000263   12.264770 ^ _1340_/D (sky130_fd_sc_hd__dfrtp_1)
                                             12.264770   data arrival time

                                 25.000000   25.000000   clock clk (rise edge)
                                  0.000000   25.000000   clock source latency
     1    0.019302    0.092561    0.063450   25.063450 ^ clk (in)
                                                         clk (net)
                      0.092562    0.000000   25.063450 ^ clkbuf_0_clk/A (sky130_fd_sc_hd__clkbuf_16)
     4    0.041491    0.061126    0.160339   25.223787 ^ clkbuf_0_clk/X (sky130_fd_sc_hd__clkbuf_16)
                                                         clknet_0_clk (net)
                      0.061132    0.000622   25.224409 ^ clkbuf_2_3__f_clk/A (sky130_fd_sc_hd__clkbuf_16)
    11    0.032028    0.052800    0.141851   25.366261 ^ clkbuf_2_3__f_clk/X (sky130_fd_sc_hd__clkbuf_16)
                                                         clknet_2_3__leaf_clk (net)
                      0.052801    0.000126   25.366386 ^ _1340_/CLK (sky130_fd_sc_hd__dfrtp_1)
                                 -0.250000   25.116388   clock uncertainty
                                  0.000000   25.116388   clock reconvergence pessimism
                                 -0.086274   25.030113   library setup time
                                             25.030113   data required time
---------------------------------------------------------------------------------------------
                                             25.030113   data required time
                                            -12.264770   data arrival time
---------------------------------------------------------------------------------------------
                                             12.765345   slack (MET)




===========================================================================
report_checks --slack_max -0.01
============================================================================
======================= min_tt_025C_1v80 Corner ===================================

No paths found.


===========================================================================
 report_check_types -max_slew -max_cap -max_fanout -violators
============================================================================
======================= min_tt_025C_1v80 Corner ===================================

max fanout

Pin                                   Limit Fanout  Slack
---------------------------------------------------------
clkbuf_2_3__f_clk/X                      10     11        (VIOLATED)



===========================================================================
report_parasitic_annotation -report_unannotated
============================================================================
Found 3 unannotated drivers.
 clkload0/X
 clkload1/Y
 clkload2/Y
Found 0 partially unannotated drivers.

===========================================================================
max slew violation count 0
max fanout violation count 1
max cap violation count 0
============================================================================

===========================================================================
check_setup -verbose -unconstrained_endpoints -multiple_clock -no_clock -no_input_delay -loops -generated_clocks
===========================================================================
