
===========================================================================
 report_power
============================================================================
======================= min_tt_025C_1v80 Corner ===================================

Group                    Internal    Switching      Leakage        Total
                            Power        Power        Power        Power (Watts)
------------------------------------------------------------------------
Sequential           6.632597e-05 9.870825e-06 4.695168e-10 7.619727e-05  19.7%
Combinational        1.061357e-04 1.414185e-04 2.594723e-09 2.475568e-04  63.9%
Clock                3.919579e-05 2.431879e-05 1.861901e-09 6.351644e-05  16.4%
Macro                0.000000e+00 0.000000e+00 0.000000e+00 0.000000e+00   0.0%
Pad                  0.000000e+00 0.000000e+00 0.000000e+00 0.000000e+00   0.0%
------------------------------------------------------------------------
Total                2.116573e-04 1.756081e-04 4.926134e-09 3.872703e-04 100.0%
                            54.7%        45.3%         0.0%

