
===========================================================================
 report_power
============================================================================
======================= nom_ff_n40C_1v95 Corner ===================================

Group                    Internal    Switching      Leakage        Total
                            Power        Power        Power        Power (Watts)
------------------------------------------------------------------------
Sequential           6.278712e-04 1.577818e-14 7.929263e-09 6.278791e-04  47.5%
Combinational        8.290640e-06 2.946547e-05 1.545769e-08 3.777157e-05   2.9%
Clock                3.246391e-04 3.313242e-04 1.024027e-08 6.559736e-04  49.6%
Macro                0.000000e+00 0.000000e+00 0.000000e+00 0.000000e+00   0.0%
Pad                  0.000000e+00 0.000000e+00 0.000000e+00 0.000000e+00   0.0%
------------------------------------------------------------------------
Total                9.608008e-04 3.607897e-04 3.362712e-08 1.321624e-03 100.0%
                            72.7%        27.3%         0.0%

