
===========================================================================
report_checks -unconstrained
===========================================================================
======================= nom_ff_n40C_1v95 Corner ===================================

Startpoint: nrst (input port clocked by clk)
Endpoint: _2715_ (recovery check against rising-edge clock clk)
Path Group: asynchronous
Path Type: max

Fanout         Cap        Slew       Delay        Time   Description
---------------------------------------------------------------------------------------------
                                  0.000000    0.000000   clock clk (rise edge)
                                  0.000000    0.000000   clock network delay (propagated)
                                 20.000000   20.000000 ^ input external delay
     1    0.002849    0.014092    0.007367   20.007366 ^ nrst (in)
                                                         nrst (net)
                      0.014092    0.000000   20.007366 ^ input9/A (sky130_fd_sc_hd__clkbuf_2)
     4    0.030670    0.130711    0.130791   20.138159 ^ input9/X (sky130_fd_sc_hd__clkbuf_2)
                                                         net9 (net)
                      0.130742    0.001638   20.139795 ^ fanout140/A (sky130_fd_sc_hd__buf_2)
     5    0.048818    0.180002    0.194721   20.334517 ^ fanout140/X (sky130_fd_sc_hd__buf_2)
                                                         net140 (net)
                      0.180004    0.000476   20.334993 ^ fanout133/A (sky130_fd_sc_hd__buf_2)
     5    0.039145    0.145728    0.176222   20.511215 ^ fanout133/X (sky130_fd_sc_hd__buf_2)
                                                         net133 (net)
                      0.145737    0.000982   20.512197 ^ fanout132/A (sky130_fd_sc_hd__clkbuf_4)
    10    0.050855    0.119964    0.180199   20.692396 ^ fanout132/X (sky130_fd_sc_hd__clkbuf_4)
                                                         net132 (net)
                      0.120059    0.001908   20.694304 ^ fanout131/A (sky130_fd_sc_hd__clkbuf_4)
    10    0.047908    0.113441    0.171232   20.865536 ^ fanout131/X (sky130_fd_sc_hd__clkbuf_4)
                                                         net131 (net)
                      0.113529    0.001902   20.867437 ^ _2715_/RESET_B (sky130_fd_sc_hd__dfrtp_2)
                                             20.867437   data arrival time

                                100.000000  100.000000   clock clk (rise edge)
                                  0.000000  100.000000   clock source latency
     1    0.035821    0.123837    0.086921  100.086914 ^ clk (in)
                                                         clk (net)
                      0.123963    0.000000  100.086914 ^ clkbuf_0_clk/A (sky130_fd_sc_hd__clkbuf_16)
    16    0.161531    0.134327    0.185452  100.272369 ^ clkbuf_0_clk/X (sky130_fd_sc_hd__clkbuf_16)
                                                         clknet_0_clk (net)
                      0.134564    0.004569  100.276939 ^ clkbuf_4_3_0_clk/A (sky130_fd_sc_hd__clkbuf_8)
     8    0.043969    0.066899    0.136872  100.413811 ^ clkbuf_4_3_0_clk/X (sky130_fd_sc_hd__clkbuf_8)
                                                         clknet_4_3_0_clk (net)
                      0.066904    0.000625  100.414436 ^ _2715_/CLK (sky130_fd_sc_hd__dfrtp_2)
                                 -0.250000  100.164436   clock uncertainty
                                  0.000000  100.164436   clock reconvergence pessimism
                                  0.118122  100.282555   library recovery time
                                            100.282555   data required time
---------------------------------------------------------------------------------------------
                                            100.282555   data required time
                                            -20.867437   data arrival time
---------------------------------------------------------------------------------------------
                                             79.415115   slack (MET)


Startpoint: clk (clock source 'clk')
Endpoint: gpio[24] (output port clocked by clk)
Path Group: clk
Path Type: max

Fanout         Cap        Slew       Delay        Time   Description
---------------------------------------------------------------------------------------------
                                 50.000000   50.000000   clock clk (fall edge)
                                  0.000000   50.000000   clock source latency
     1    0.034858    0.054872    0.038579   50.038578 v clk (in)
                                                         clk (net)
                      0.055136    0.000000   50.038578 v clkbuf_0_clk/A (sky130_fd_sc_hd__clkbuf_16)
    16    0.154075    0.080990    0.159186   50.197765 v clkbuf_0_clk/X (sky130_fd_sc_hd__clkbuf_16)
                                                         clknet_0_clk (net)
                      0.081358    0.004334   50.202099 v clkbuf_4_8_0_clk/A (sky130_fd_sc_hd__clkbuf_8)
     8    0.037251    0.040429    0.129891   50.331989 v clkbuf_4_8_0_clk/X (sky130_fd_sc_hd__clkbuf_8)
                                                         clknet_4_8_0_clk (net)
                      0.040496    0.001414   50.333405 v _2272_/A (sky130_fd_sc_hd__and2_2)
     1    0.034388    0.073710    0.158323   50.491726 v _2272_/X (sky130_fd_sc_hd__and2_2)
                                                         gpio[24] (net)
     0    0.034388    0.073717    0.000746   50.492474 v gpio[24] (inout)
                                                         gpio[24] (net)
                                             50.492474   data arrival time

                                100.000000  100.000000   clock clk (rise edge)
                                  0.000000  100.000000   clock network delay (propagated)
                                 -0.250000   99.750000   clock uncertainty
                                  0.000000   99.750000   clock reconvergence pessimism
                                -20.000000   79.750000   output external delay
                                             79.750000   data required time
---------------------------------------------------------------------------------------------
                                             79.750000   data required time
                                            -50.492474   data arrival time
---------------------------------------------------------------------------------------------
                                             29.257524   slack (MET)




===========================================================================
report_checks --slack_max -0.01
============================================================================
======================= nom_ff_n40C_1v95 Corner ===================================

No paths found.


===========================================================================
 report_check_types -max_slew -max_cap -max_fanout -violators
============================================================================
======================= nom_ff_n40C_1v95 Corner ===================================

max fanout

Pin                                   Limit Fanout  Slack
---------------------------------------------------------
clkbuf_0_clk/X                           10     16     -6 (VIOLATED)
clkbuf_4_7_0_clk/X                       10     15     -5 (VIOLATED)
clkbuf_4_4_0_clk/X                       10     14     -4 (VIOLATED)
clkbuf_4_2_0_clk/X                       10     13     -3 (VIOLATED)
clkbuf_4_6_0_clk/X                       10     11        (VIOLATED)



===========================================================================
report_parasitic_annotation -report_unannotated
============================================================================
Found 17 unannotated drivers.
 cs
 gpio[25]
 clkload0/Y
 clkload1/Y
 clkload10/Y
 clkload11/Y
 clkload12/Y
 clkload13/Y
 clkload14/Y
 clkload2/X
 clkload3/Y
 clkload4/Y
 clkload5/Y
 clkload6/X
 clkload7/Y
 clkload8/Y
 clkload9/Y
Found 0 partially unannotated drivers.

===========================================================================
max slew violation count 0
max fanout violation count 5
max cap violation count 0
============================================================================

===========================================================================
check_setup -verbose -unconstrained_endpoints -multiple_clock -no_clock -no_input_delay -loops -generated_clocks
===========================================================================
Warning: There are 6 unconstrained endpoints.
  gpio[16]
  gpio[17]
  gpio[18]
  gpio[19]
  gpio[20]
  gpio[25]
