
===========================================================================
 report_power
============================================================================
======================= nom_ff_n40C_1v95 Corner ===================================

Group                    Internal    Switching      Leakage        Total
                            Power        Power        Power        Power (Watts)
------------------------------------------------------------------------
Sequential           6.109989e-05 5.455821e-07 2.784292e-09 6.164826e-05  49.0%
Combinational        1.259746e-06 3.205984e-06 1.243029e-08 4.478161e-06   3.6%
Clock                2.602860e-05 3.370590e-05 5.241827e-09 5.973975e-05  47.5%
Macro                0.000000e+00 0.000000e+00 0.000000e+00 0.000000e+00   0.0%
Pad                  0.000000e+00 0.000000e+00 0.000000e+00 0.000000e+00   0.0%
------------------------------------------------------------------------
Total                8.838824e-05 3.745748e-05 2.045634e-08 1.258662e-04 100.0%
                            70.2%        29.8%         0.0%

