
===========================================================================
 report_power
============================================================================
======================= nom_ff_n40C_1v95 Corner ===================================

Group                    Internal    Switching      Leakage        Total
                            Power        Power        Power        Power (Watts)
------------------------------------------------------------------------
Sequential           2.443761e-04 2.310115e-06 2.752143e-09 2.466890e-04  49.5%
Combinational        5.001264e-06 1.315111e-05 1.256669e-08 1.816494e-05   3.6%
Clock                9.225586e-05 1.413381e-04 4.228857e-09 2.335982e-04  46.9%
Macro                0.000000e+00 0.000000e+00 0.000000e+00 0.000000e+00   0.0%
Pad                  0.000000e+00 0.000000e+00 0.000000e+00 0.000000e+00   0.0%
------------------------------------------------------------------------
Total                3.416331e-04 1.567993e-04 1.954765e-08 4.984520e-04 100.0%
                            68.5%        31.5%         0.0%

