
===========================================================================
 report_power
============================================================================
======================= max_ff_n40C_1v95 Corner ===================================

Group                    Internal    Switching      Leakage        Total
                            Power        Power        Power        Power (Watts)
------------------------------------------------------------------------
Sequential           7.853092e-04 9.429936e-06 6.658853e-09 7.947457e-04  56.5%
Combinational        1.593067e-05 8.278827e-06 2.155935e-08 2.423106e-05   1.7%
Clock                2.573231e-04 3.295653e-04 6.901829e-09 5.868954e-04  41.7%
Macro                0.000000e+00 0.000000e+00 0.000000e+00 0.000000e+00   0.0%
Pad                  0.000000e+00 0.000000e+00 0.000000e+00 0.000000e+00   0.0%
------------------------------------------------------------------------
Total                1.058563e-03 3.472741e-04 3.511983e-08 1.405872e-03 100.0%
                            75.3%        24.7%         0.0%

