
===========================================================================
 report_power
============================================================================
======================= max_ff_n40C_1v95 Corner ===================================

Group                    Internal    Switching      Leakage        Total
                            Power        Power        Power        Power (Watts)
------------------------------------------------------------------------
Sequential           6.109258e-05 5.497220e-07 2.784292e-09 6.164509e-05  48.4%
Combinational        1.260512e-06 3.336520e-06 1.243029e-08 4.609463e-06   3.6%
Clock                2.605044e-05 3.507188e-05 5.241827e-09 6.112756e-05  48.0%
Macro                0.000000e+00 0.000000e+00 0.000000e+00 0.000000e+00   0.0%
Pad                  0.000000e+00 0.000000e+00 0.000000e+00 0.000000e+00   0.0%
------------------------------------------------------------------------
Total                8.840355e-05 3.895811e-05 2.045634e-08 1.273821e-04 100.0%
                            69.4%        30.6%         0.0%

