
===========================================================================
report_checks -unconstrained
===========================================================================
======================= nom_ss_100C_1v60 Corner ===================================

Startpoint: nRST (input port clocked by CLK)
Endpoint: _3828_ (recovery check against rising-edge clock CLK)
Path Group: asynchronous
Path Type: max

Fanout         Cap        Slew       Delay        Time   Description
---------------------------------------------------------------------------------------------
                                  0.000000    0.000000   clock CLK (rise edge)
                                  0.000000    0.000000   clock network delay (propagated)
                                  5.000000    5.000000 ^ input external delay
     2    0.004192    0.041638    0.023130    5.023130 ^ nRST (in)
                                                         nRST (net)
                      0.041638    0.000000    5.023130 ^ input33/A (sky130_fd_sc_hd__clkbuf_4)
     9    0.074132    0.354829    0.440794    5.463924 ^ input33/X (sky130_fd_sc_hd__clkbuf_4)
                                                         net33 (net)
                      0.354906    0.004381    5.468305 ^ fanout170/A (sky130_fd_sc_hd__clkbuf_4)
    11    0.066565    0.320661    0.556886    6.025191 ^ fanout170/X (sky130_fd_sc_hd__clkbuf_4)
                                                         net170 (net)
                      0.320661    0.000699    6.025890 ^ fanout169/A (sky130_fd_sc_hd__buf_2)
    11    0.049571    0.386550    0.533630    6.559521 ^ fanout169/X (sky130_fd_sc_hd__buf_2)
                                                         net169 (net)
                      0.386550    0.000907    6.560428 ^ fanout168/A (sky130_fd_sc_hd__clkbuf_4)
    21    0.064070    0.310475    0.567058    7.127485 ^ fanout168/X (sky130_fd_sc_hd__clkbuf_4)
                                                         net168 (net)
                      0.310482    0.001894    7.129380 ^ fanout167/A (sky130_fd_sc_hd__clkbuf_4)
    10    0.045076    0.227432    0.472062    7.601442 ^ fanout167/X (sky130_fd_sc_hd__clkbuf_4)
                                                         net167 (net)
                      0.227454    0.002360    7.603802 ^ _3828_/RESET_B (sky130_fd_sc_hd__dfrtp_4)
                                              7.603802   data arrival time

                                 25.000000   25.000000   clock CLK (rise edge)
                                  0.000000   25.000000   clock source latency
     2    0.044308    0.319258    0.225636   25.225636 ^ CLK (in)
                                                         CLK (net)
                      0.319492    0.000000   25.225636 ^ clkbuf_0_CLK/A (sky130_fd_sc_hd__clkbuf_16)
     9    0.083242    0.153724    0.405764   25.631399 ^ clkbuf_0_CLK/X (sky130_fd_sc_hd__clkbuf_16)
                                                         clknet_0_CLK (net)
                      0.153812    0.003393   25.634792 ^ clkbuf_2_3__f_CLK/A (sky130_fd_sc_hd__clkbuf_16)
    25    0.132917    0.222377    0.387965   26.022758 ^ clkbuf_2_3__f_CLK/X (sky130_fd_sc_hd__clkbuf_16)
                                                         clknet_2_3__leaf_CLK (net)
                      0.222477    0.004395   26.027153 ^ clkbuf_leaf_19_CLK/A (sky130_fd_sc_hd__clkbuf_8)
     4    0.026195    0.098464    0.319897   26.347050 ^ clkbuf_leaf_19_CLK/X (sky130_fd_sc_hd__clkbuf_8)
                                                         clknet_leaf_19_CLK (net)
                      0.098465    0.000451   26.347502 ^ _3828_/CLK (sky130_fd_sc_hd__dfrtp_4)
                                 -0.250000   26.097502   clock uncertainty
                                  0.000000   26.097502   clock reconvergence pessimism
                                  0.379724   26.477224   library recovery time
                                             26.477224   data required time
---------------------------------------------------------------------------------------------
                                             26.477224   data required time
                                             -7.603802   data arrival time
---------------------------------------------------------------------------------------------
                                             18.873423   slack (MET)


Startpoint: _3943_ (rising edge-triggered flip-flop clocked by CLK)
Endpoint: _3922_ (rising edge-triggered flip-flop clocked by CLK)
Path Group: CLK
Path Type: max

Fanout         Cap        Slew       Delay        Time   Description
---------------------------------------------------------------------------------------------
                                  0.000000    0.000000   clock CLK (rise edge)
                                  0.000000    0.000000   clock source latency
     2    0.044308    0.319258    0.225636    0.225636 ^ CLK (in)
                                                         CLK (net)
                      0.319492    0.000000    0.225636 ^ clkbuf_0_CLK/A (sky130_fd_sc_hd__clkbuf_16)
     9    0.083242    0.153724    0.405765    0.631400 ^ clkbuf_0_CLK/X (sky130_fd_sc_hd__clkbuf_16)
                                                         clknet_0_CLK (net)
                      0.153846    0.003904    0.635304 ^ clkbuf_2_0__f_CLK/A (sky130_fd_sc_hd__clkbuf_16)
    25    0.131821    0.220977    0.385432    1.020736 ^ clkbuf_2_0__f_CLK/X (sky130_fd_sc_hd__clkbuf_16)
                                                         clknet_2_0__leaf_CLK (net)
                      0.221041    0.003137    1.023873 ^ clkbuf_leaf_38_CLK/A (sky130_fd_sc_hd__clkbuf_8)
     5    0.034541    0.116751    0.337090    1.360963 ^ clkbuf_leaf_38_CLK/X (sky130_fd_sc_hd__clkbuf_8)
                                                         clknet_leaf_38_CLK (net)
                      0.116751    0.000507    1.361470 ^ _3943_/CLK (sky130_fd_sc_hd__dfrtp_1)
     3    0.010880    0.146341    0.832720    2.194190 v _3943_/Q (sky130_fd_sc_hd__dfrtp_1)
                                                         myPWM.g_pwm_channel[0].CHANNEL.f_count[20] (net)
                      0.146341    0.000336    2.194525 v fanout108/A (sky130_fd_sc_hd__buf_2)
    10    0.034010    0.165130    0.379842    2.574367 v fanout108/X (sky130_fd_sc_hd__buf_2)
                                                         net108 (net)
                      0.165134    0.001027    2.575393 v _2448_/B (sky130_fd_sc_hd__or2_1)
     1    0.003858    0.106692    0.508938    3.084332 v _2448_/X (sky130_fd_sc_hd__or2_1)
                                                         _0317_ (net)
                      0.106692    0.000131    3.084463 v _2449_/B2 (sky130_fd_sc_hd__a221o_1)
     1    0.009859    0.159840    0.683618    3.768081 v _2449_/X (sky130_fd_sc_hd__a221o_1)
                                                         _0318_ (net)
                      0.159840    0.000290    3.768371 v _2474_/B (sky130_fd_sc_hd__or4_1)
     1    0.002384    0.170688    1.184444    4.952815 v _2474_/X (sky130_fd_sc_hd__or4_1)
                                                         _0343_ (net)
                      0.170688    0.000071    4.952886 v _2479_/C (sky130_fd_sc_hd__or4_1)
     1    0.002354    0.170466    1.117266    6.070153 v _2479_/X (sky130_fd_sc_hd__or4_1)
                                                         _0348_ (net)
                      0.170466    0.000069    6.070221 v _2480_/C (sky130_fd_sc_hd__or3_1)
     2    0.008910    0.198317    0.840848    6.911069 v _2480_/X (sky130_fd_sc_hd__or3_1)
                                                         _0349_ (net)
                      0.198317    0.000386    6.911455 v _2481_/B (sky130_fd_sc_hd__or2_1)
     4    0.022124    0.255303    0.685576    7.597031 v _2481_/X (sky130_fd_sc_hd__or2_1)
                                                         _0350_ (net)
                      0.255303    0.000340    7.597371 v fanout70/A (sky130_fd_sc_hd__buf_2)
    21    0.058427    0.263154    0.509199    8.106570 v fanout70/X (sky130_fd_sc_hd__buf_2)
                                                         net70 (net)
                      0.263193    0.003188    8.109757 v fanout69/A (sky130_fd_sc_hd__clkbuf_4)
    10    0.051296    0.193373    0.458576    8.568334 v fanout69/X (sky130_fd_sc_hd__clkbuf_4)
                                                         net69 (net)
                      0.193373    0.000615    8.568949 v _2482_/A (sky130_fd_sc_hd__clkinv_4)
    21    0.080311    0.249271    0.279980    8.848928 ^ _2482_/Y (sky130_fd_sc_hd__clkinv_4)
                                                         _0351_ (net)
                      0.249384    0.004388    8.853316 ^ _2509_/A (sky130_fd_sc_hd__or3_1)
     3    0.013504    0.207320    0.361267    9.214583 ^ _2509_/X (sky130_fd_sc_hd__or3_1)
                                                         _0371_ (net)
                      0.207320    0.000269    9.214852 ^ _2589_/B (sky130_fd_sc_hd__nor2_1)
     1    0.002726    0.075590    0.121871    9.336722 v _2589_/Y (sky130_fd_sc_hd__nor2_1)
                                                         _0426_ (net)
                      0.075590    0.000054    9.336777 v _2591_/C1 (sky130_fd_sc_hd__a2111o_1)
     1    0.002041    0.099257    0.648692    9.985469 v _2591_/X (sky130_fd_sc_hd__a2111o_1)
                                                         _0428_ (net)
                      0.099257    0.000060    9.985528 v _2595_/A (sky130_fd_sc_hd__or3b_1)
     1    0.004858    0.161792    0.897734   10.883263 v _2595_/X (sky130_fd_sc_hd__or3b_1)
                                                         _0432_ (net)
                      0.161792    0.000195   10.883458 v _2600_/C (sky130_fd_sc_hd__or4_1)
     1    0.008467    0.244052    1.236694   12.120152 v _2600_/X (sky130_fd_sc_hd__or4_1)
                                                         _0437_ (net)
                      0.244052    0.000290   12.120442 v _2609_/A (sky130_fd_sc_hd__or4_1)
     1    0.008402    0.243376    1.370384   13.490827 v _2609_/X (sky130_fd_sc_hd__or4_1)
                                                         _0446_ (net)
                      0.243376    0.000416   13.491242 v _2617_/C (sky130_fd_sc_hd__or4_1)
     1    0.008580    0.246974    1.265107   14.756350 v _2617_/X (sky130_fd_sc_hd__or4_1)
                                                         _0454_ (net)
                      0.246974    0.000415   14.756764 v _2618_/D1 (sky130_fd_sc_hd__a2111o_1)
     1    0.003971    0.119861    0.638894   15.395658 v _2618_/X (sky130_fd_sc_hd__a2111o_1)
                                                         _0455_ (net)
                      0.119861    0.000128   15.395786 v _2621_/B1 (sky130_fd_sc_hd__a211o_1)
     1    0.003538    0.092271    0.523940   15.919726 v _2621_/X (sky130_fd_sc_hd__a211o_1)
                                                         _0458_ (net)
                      0.092271    0.000107   15.919833 v _2622_/B (sky130_fd_sc_hd__nor2_1)
     1    0.003268    0.141079    0.159314   16.079147 ^ _2622_/Y (sky130_fd_sc_hd__nor2_1)
                                                         myPWM.g_pwm_channel[0].CHANNEL.fcnt.rollover_flag_c (net)
                      0.141079    0.000101   16.079248 ^ _3922_/D (sky130_fd_sc_hd__dfrtp_1)
                                             16.079248   data arrival time

                                 25.000000   25.000000   clock CLK (rise edge)
                                  0.000000   25.000000   clock source latency
     2    0.044308    0.319258    0.225636   25.225636 ^ CLK (in)
                                                         CLK (net)
                      0.319492    0.000000   25.225636 ^ clkbuf_0_CLK/A (sky130_fd_sc_hd__clkbuf_16)
     9    0.083242    0.153724    0.405764   25.631399 ^ clkbuf_0_CLK/X (sky130_fd_sc_hd__clkbuf_16)
                                                         clknet_0_CLK (net)
                      0.153846    0.003903   25.635303 ^ clkbuf_2_0__f_CLK/A (sky130_fd_sc_hd__clkbuf_16)
    25    0.131821    0.220977    0.385432   26.020735 ^ clkbuf_2_0__f_CLK/X (sky130_fd_sc_hd__clkbuf_16)
                                                         clknet_2_0__leaf_CLK (net)
                      0.221108    0.004459   26.025194 ^ clkbuf_leaf_40_CLK/A (sky130_fd_sc_hd__clkbuf_8)
    11    0.038992    0.127511    0.345354   26.370548 ^ clkbuf_leaf_40_CLK/X (sky130_fd_sc_hd__clkbuf_8)
                                                         clknet_leaf_40_CLK (net)
                      0.127511    0.000556   26.371103 ^ _3922_/CLK (sky130_fd_sc_hd__dfrtp_1)
                                 -0.250000   26.121105   clock uncertainty
                                  0.000000   26.121105   clock reconvergence pessimism
                                 -0.140851   25.980253   library setup time
                                             25.980253   data required time
---------------------------------------------------------------------------------------------
                                             25.980253   data required time
                                            -16.079248   data arrival time
---------------------------------------------------------------------------------------------
                                              9.901005   slack (MET)




===========================================================================
report_checks --slack_max -0.01
============================================================================
======================= nom_ss_100C_1v60 Corner ===================================

No paths found.


===========================================================================
 report_check_types -max_slew -max_cap -max_fanout -violators
============================================================================
======================= nom_ss_100C_1v60 Corner ===================================

max fanout

Pin                                   Limit Fanout  Slack
---------------------------------------------------------
clkbuf_2_0__f_CLK/X                      10     25    -15 (VIOLATED)
clkbuf_2_1__f_CLK/X                      10     25    -15 (VIOLATED)
clkbuf_2_2__f_CLK/X                      10     25    -15 (VIOLATED)
clkbuf_2_3__f_CLK/X                      10     25    -15 (VIOLATED)
_2482_/Y                                 10     21    -11 (VIOLATED)
_3773_/Q                                 10     21    -11 (VIOLATED)
_3774_/Q                                 10     21    -11 (VIOLATED)
_3940_/Q                                 10     21    -11 (VIOLATED)
fanout100/X                              10     21    -11 (VIOLATED)
fanout102/X                              10     21    -11 (VIOLATED)
fanout104/X                              10     21    -11 (VIOLATED)
fanout115/X                              10     21    -11 (VIOLATED)
fanout117/X                              10     21    -11 (VIOLATED)
fanout124/X                              10     21    -11 (VIOLATED)
fanout127/X                              10     21    -11 (VIOLATED)
fanout129/X                              10     21    -11 (VIOLATED)
fanout137/X                              10     21    -11 (VIOLATED)
fanout144/X                              10     21    -11 (VIOLATED)
fanout165/X                              10     21    -11 (VIOLATED)
fanout168/X                              10     21    -11 (VIOLATED)
fanout70/X                               10     21    -11 (VIOLATED)
fanout71/X                               10     21    -11 (VIOLATED)
fanout72/X                               10     21    -11 (VIOLATED)
fanout73/X                               10     21    -11 (VIOLATED)
fanout75/X                               10     21    -11 (VIOLATED)
fanout77/X                               10     21    -11 (VIOLATED)
fanout79/X                               10     21    -11 (VIOLATED)
fanout81/X                               10     21    -11 (VIOLATED)
fanout83/X                               10     21    -11 (VIOLATED)
fanout85/X                               10     21    -11 (VIOLATED)
fanout87/X                               10     21    -11 (VIOLATED)
fanout90/X                               10     21    -11 (VIOLATED)
fanout92/X                               10     21    -11 (VIOLATED)
fanout94/X                               10     21    -11 (VIOLATED)
fanout96/X                               10     21    -11 (VIOLATED)
fanout98/X                               10     21    -11 (VIOLATED)
_2291_/Y                                 10     19     -9 (VIOLATED)
_3772_/Q                                 10     19     -9 (VIOLATED)
_3782_/Q                                 10     19     -9 (VIOLATED)
_3823_/Q                                 10     19     -9 (VIOLATED)
_3827_/Q                                 10     19     -9 (VIOLATED)
_3828_/Q                                 10     19     -9 (VIOLATED)
_3919_/Q                                 10     19     -9 (VIOLATED)
_3948_/Q                                 10     19     -9 (VIOLATED)
fanout158/X                              10     19     -9 (VIOLATED)
_3658_/Q                                 10     17     -7 (VIOLATED)
_3664_/Q                                 10     17     -7 (VIOLATED)
_3668_/Q                                 10     17     -7 (VIOLATED)
_3675_/Q                                 10     17     -7 (VIOLATED)
_3681_/Q                                 10     17     -7 (VIOLATED)
_3819_/Q                                 10     17     -7 (VIOLATED)
_3821_/Q                                 10     17     -7 (VIOLATED)
_3824_/Q                                 10     17     -7 (VIOLATED)
_3825_/Q                                 10     17     -7 (VIOLATED)
_3831_/Q                                 10     17     -7 (VIOLATED)
_3832_/Q                                 10     17     -7 (VIOLATED)
_3834_/Q                                 10     17     -7 (VIOLATED)
_3840_/Q                                 10     17     -7 (VIOLATED)
fanout154/X                              10     17     -7 (VIOLATED)
fanout74/X                               10     17     -7 (VIOLATED)
fanout78/X                               10     17     -7 (VIOLATED)
fanout82/X                               10     17     -7 (VIOLATED)
_2170_/Y                                 10     15     -5 (VIOLATED)
_2172_/Y                                 10     15     -5 (VIOLATED)
_3659_/Q                                 10     15     -5 (VIOLATED)
_3677_/Q                                 10     15     -5 (VIOLATED)
_3682_/Q                                 10     15     -5 (VIOLATED)
_3733_/Q                                 10     15     -5 (VIOLATED)
_3826_/Q                                 10     15     -5 (VIOLATED)
_3838_/Q                                 10     15     -5 (VIOLATED)
_3849_/Q                                 10     15     -5 (VIOLATED)
clkbuf_leaf_43_CLK/X                     10     15     -5 (VIOLATED)
clkbuf_leaf_4_CLK/X                      10     15     -5 (VIOLATED)
fanout149/X                              10     15     -5 (VIOLATED)
fanout86/X                               10     15     -5 (VIOLATED)
fanout99/X                               10     15     -5 (VIOLATED)
clkbuf_leaf_0_CLK/X                      10     14     -4 (VIOLATED)
_2138_/Y                                 10     13     -3 (VIOLATED)
_3655_/Q                                 10     13     -3 (VIOLATED)
_3661_/Q                                 10     13     -3 (VIOLATED)
_3662_/Q                                 10     13     -3 (VIOLATED)
_3663_/Q                                 10     13     -3 (VIOLATED)
_3676_/Q                                 10     13     -3 (VIOLATED)
_3680_/Q                                 10     13     -3 (VIOLATED)
_3683_/Q                                 10     13     -3 (VIOLATED)
_3734_/Q                                 10     13     -3 (VIOLATED)
_3836_/Q                                 10     13     -3 (VIOLATED)
_3839_/Q                                 10     13     -3 (VIOLATED)
_3842_/Q                                 10     13     -3 (VIOLATED)
_3843_/Q                                 10     13     -3 (VIOLATED)
_3844_/Q                                 10     13     -3 (VIOLATED)
_3845_/Q                                 10     13     -3 (VIOLATED)
clkbuf_leaf_21_CLK/X                     10     13     -3 (VIOLATED)
clkbuf_leaf_6_CLK/X                      10     13     -3 (VIOLATED)
fanout103/X                              10     13     -3 (VIOLATED)
fanout105/X                              10     13     -3 (VIOLATED)
fanout132/X                              10     13     -3 (VIOLATED)
fanout88/X                               10     13     -3 (VIOLATED)
fanout91/X                               10     13     -3 (VIOLATED)
fanout93/X                               10     13     -3 (VIOLATED)
fanout95/X                               10     13     -3 (VIOLATED)
fanout97/X                               10     13     -3 (VIOLATED)
input34/X                                10     13     -3 (VIOLATED)
input45/X                                10     13     -3 (VIOLATED)
input56/X                                10     13     -3 (VIOLATED)
clkbuf_leaf_23_CLK/X                     10     12     -2 (VIOLATED)
clkbuf_leaf_2_CLK/X                      10     12     -2 (VIOLATED)
_2140_/Y                                 10     11        (VIOLATED)
_3673_/Q                                 10     11        (VIOLATED)
_3678_/Q                                 10     11        (VIOLATED)
_3679_/Q                                 10     11        (VIOLATED)
_3847_/Q                                 10     11        (VIOLATED)
_3897_/Q                                 10     11        (VIOLATED)
clkbuf_leaf_12_CLK/X                     10     11        (VIOLATED)
clkbuf_leaf_29_CLK/X                     10     11        (VIOLATED)
clkbuf_leaf_33_CLK/X                     10     11        (VIOLATED)
clkbuf_leaf_40_CLK/X                     10     11        (VIOLATED)
clkbuf_leaf_42_CLK/X                     10     11        (VIOLATED)
fanout101/X                              10     11        (VIOLATED)
fanout169/X                              10     11        (VIOLATED)
fanout170/X                              10     11        (VIOLATED)
fanout76/X                               10     11        (VIOLATED)
fanout80/X                               10     11        (VIOLATED)
fanout84/X                               10     11        (VIOLATED)



===========================================================================
report_parasitic_annotation -report_unannotated
============================================================================
Found 82 unannotated drivers.
 ren
 strobe[0]
 strobe[1]
 strobe[2]
 strobe[3]
 _3974__171/HI
 _3977__172/HI
 _3978__173/HI
 _3979__174/HI
 _3980__175/HI
 _3981__176/HI
 _3982__177/HI
 _3983__178/HI
 _3984__179/HI
 _3985__180/HI
 _3986__181/HI
 _3987__182/HI
 _3988__183/HI
 _3989__184/HI
 _3990__185/HI
 _3991__186/HI
 _3992__187/HI
 _3993__188/HI
 _3994__189/HI
 _3995__190/HI
 _3996__191/HI
 _3997__192/HI
 _3998__193/HI
 _3999__194/HI
 _4000__195/HI
 _4001__196/HI
 _4002__197/HI
 _4003__198/HI
 _4004__199/HI
 _4005__200/HI
 _4006__201/HI
 _4007__202/HI
 _4008__203/HI
 _4009__204/HI
 clkload0/X
 clkload1/Y
 clkload10/Y
 clkload11/Y
 clkload12/Y
 clkload13/X
 clkload14/X
 clkload15/Y
 clkload16/Y
 clkload17/Y
 clkload18/Y
 clkload19/X
 clkload2/X
 clkload20/Y
 clkload21/Y
 clkload22/Y
 clkload23/Y
 clkload24/Y
 clkload25/Y
 clkload26/Y
 clkload27/Y
 clkload28/Y
 clkload29/Y
 clkload3/X
 clkload30/Y
 clkload31/Y
 clkload32/Y
 clkload33/Y
 clkload34/Y
 clkload35/Y
 clkload36/Y
 clkload37/Y
 clkload38/Y
 clkload39/Y
 clkload4/Y
 clkload40/Y
 clkload41/X
 clkload42/Y
 clkload5/Y
 clkload6/Y
 clkload7/Y
 clkload8/Y
 clkload9/Y
Found 0 partially unannotated drivers.

===========================================================================
max slew violation count 0
max fanout violation count 124
max cap violation count 0
============================================================================

===========================================================================
check_setup -verbose -unconstrained_endpoints -multiple_clock -no_clock -no_input_delay -loops -generated_clocks
===========================================================================
Warning: There are 34 unconstrained endpoints.
  error
  rdata[0]
  rdata[10]
  rdata[11]
  rdata[12]
  rdata[13]
  rdata[14]
  rdata[15]
  rdata[16]
  rdata[17]
  rdata[18]
  rdata[19]
  rdata[1]
  rdata[20]
  rdata[21]
  rdata[22]
  rdata[23]
  rdata[24]
  rdata[25]
  rdata[26]
  rdata[27]
  rdata[28]
  rdata[29]
  rdata[2]
  rdata[30]
  rdata[31]
  rdata[3]
  rdata[4]
  rdata[5]
  rdata[6]
  rdata[7]
  rdata[8]
  rdata[9]
  request_stall
