
===========================================================================
 report_power
============================================================================
======================= nom_ss_100C_1v60 Corner ===================================

Group                    Internal    Switching      Leakage        Total
                            Power        Power        Power        Power (Watts)
------------------------------------------------------------------------
Sequential           4.127728e-04 1.012743e-14 6.341791e-06 4.191146e-04  46.2%
Combinational        5.988476e-06 1.938476e-05 1.037624e-05 3.574948e-05   3.9%
Clock                2.336287e-04 2.174645e-04 9.520185e-07 4.520451e-04  49.8%
Macro                0.000000e+00 0.000000e+00 0.000000e+00 0.000000e+00   0.0%
Pad                  0.000000e+00 0.000000e+00 0.000000e+00 0.000000e+00   0.0%
------------------------------------------------------------------------
Total                6.523904e-04 2.368492e-04 1.766992e-05 9.069095e-04 100.0%
                            71.9%        26.1%         1.9%

