
===========================================================================
 report_power
============================================================================
======================= max_ss_100C_1v60 Corner ===================================

Group                    Internal    Switching      Leakage        Total
                            Power        Power        Power        Power (Watts)
------------------------------------------------------------------------
Sequential           4.019551e-05 3.659692e-07 2.437765e-06 4.299925e-05  45.2%
Combinational        8.953447e-07 2.175745e-06 7.205647e-06 1.027674e-05  10.8%
Clock                1.869253e-05 2.292908e-05 3.234631e-07 4.194508e-05  44.1%
Macro                0.000000e+00 0.000000e+00 0.000000e+00 0.000000e+00   0.0%
Pad                  0.000000e+00 0.000000e+00 0.000000e+00 0.000000e+00   0.0%
------------------------------------------------------------------------
Total                5.978339e-05 2.547080e-05 9.966868e-06 9.522105e-05 100.0%
                            62.8%        26.7%        10.5%

