
===========================================================================
 report_power
============================================================================
======================= max_ss_100C_1v60 Corner ===================================

Group                    Internal    Switching      Leakage        Total
                            Power        Power        Power        Power (Watts)
------------------------------------------------------------------------
Sequential           1.607607e-04 1.558090e-06 2.436776e-06 1.647556e-04  47.5%
Combinational        3.555182e-06 8.970306e-06 7.291843e-06 1.981733e-05   5.7%
Clock                6.602021e-05 9.585953e-05 3.286474e-07 1.622084e-04  46.8%
Macro                0.000000e+00 0.000000e+00 0.000000e+00 0.000000e+00   0.0%
Pad                  0.000000e+00 0.000000e+00 0.000000e+00 0.000000e+00   0.0%
------------------------------------------------------------------------
Total                2.303362e-04 1.063880e-04 1.005726e-05 3.467814e-04 100.0%
                            66.4%        30.7%         2.9%

