
===========================================================================
report_checks -unconstrained
===========================================================================
======================= max_ff_n40C_1v95 Corner ===================================

Startpoint: nrst (input port clocked by clk)
Endpoint: _1334_ (recovery check against rising-edge clock clk)
Path Group: asynchronous
Path Type: max

Fanout         Cap        Slew       Delay        Time   Description
---------------------------------------------------------------------------------------------
                                  0.000000    0.000000   clock clk (rise edge)
                                  0.000000    0.000000   clock network delay (propagated)
                                  5.000000    5.000000 ^ input external delay
     1    0.003189    0.015312    0.008305    5.008305 ^ nrst (in)
                                                         nrst (net)
                      0.015314    0.000000    5.008305 ^ input2/A (sky130_fd_sc_hd__buf_1)
     3    0.015758    0.141690    0.123000    5.131305 ^ input2/X (sky130_fd_sc_hd__buf_1)
                                                         net2 (net)
                      0.141722    0.001762    5.133067 ^ fanout86/A (sky130_fd_sc_hd__buf_4)
    10    0.067770    0.143275    0.171893    5.304960 ^ fanout86/X (sky130_fd_sc_hd__buf_4)
                                                         net86 (net)
                      0.143357    0.002878    5.307838 ^ fanout85/A (sky130_fd_sc_hd__clkbuf_4)
    10    0.048245    0.114953    0.174660    5.482498 ^ fanout85/X (sky130_fd_sc_hd__clkbuf_4)
                                                         net85 (net)
                      0.115262    0.004826    5.487324 ^ _1334_/RESET_B (sky130_fd_sc_hd__dfrtp_2)
                                              5.487324   data arrival time

                                 25.000000   25.000000   clock clk (rise edge)
                                  0.000000   25.000000   clock source latency
     1    0.020587    0.073680    0.050665   25.050665 ^ clk (in)
                                                         clk (net)
                      0.073702    0.000000   25.050665 ^ clkbuf_0_clk/A (sky130_fd_sc_hd__clkbuf_16)
     4    0.044315    0.048349    0.110258   25.160923 ^ clkbuf_0_clk/X (sky130_fd_sc_hd__clkbuf_16)
                                                         clknet_0_clk (net)
                      0.048640    0.002631   25.163553 ^ clkbuf_2_3__f_clk/A (sky130_fd_sc_hd__clkbuf_16)
    11    0.035488    0.041870    0.099027   25.262581 ^ clkbuf_2_3__f_clk/X (sky130_fd_sc_hd__clkbuf_16)
                                                         clknet_2_3__leaf_clk (net)
                      0.042141    0.002373   25.264954 ^ _1334_/CLK (sky130_fd_sc_hd__dfrtp_2)
                                 -0.250000   25.014954   clock uncertainty
                                  0.000000   25.014954   clock reconvergence pessimism
                                  0.113816   25.128771   library recovery time
                                             25.128771   data required time
---------------------------------------------------------------------------------------------
                                             25.128771   data required time
                                             -5.487324   data arrival time
---------------------------------------------------------------------------------------------
                                             19.641447   slack (MET)


Startpoint: prescaler[9] (input port clocked by clk)
Endpoint: _1340_ (rising edge-triggered flip-flop clocked by clk)
Path Group: clk
Path Type: max

Fanout         Cap        Slew       Delay        Time   Description
---------------------------------------------------------------------------------------------
                                  0.000000    0.000000   clock clk (rise edge)
                                  0.000000    0.000000   clock network delay (propagated)
                                  5.000000    5.000000 ^ input external delay
     1    0.002925    0.014366    0.007609    5.007609 ^ prescaler[9] (in)
                                                         prescaler[9] (net)
                      0.014367    0.000000    5.007609 ^ input16/A (sky130_fd_sc_hd__buf_1)
     2    0.021129    0.187461    0.154097    5.161706 ^ input16/X (sky130_fd_sc_hd__buf_1)
                                                         net16 (net)
                      0.187465    0.000718    5.162425 ^ fanout87/A (sky130_fd_sc_hd__clkbuf_4)
    10    0.056095    0.132179    0.192828    5.355252 ^ fanout87/X (sky130_fd_sc_hd__clkbuf_4)
                                                         net87 (net)
                      0.132395    0.004406    5.359658 ^ _0681_/A (sky130_fd_sc_hd__xor2_2)
     3    0.013977    0.155824    0.144388    5.504046 ^ _0681_/X (sky130_fd_sc_hd__xor2_2)
                                                         _0057_ (net)
                      0.155827    0.000882    5.504928 ^ _0682_/B (sky130_fd_sc_hd__xnor2_2)
     2    0.012142    0.151015    0.096564    5.601492 ^ _0682_/Y (sky130_fd_sc_hd__xnor2_2)
                                                         _0058_ (net)
                      0.151017    0.000727    5.602219 ^ _0685_/B (sky130_fd_sc_hd__xor2_2)
     2    0.012651    0.145319    0.137626    5.739845 ^ _0685_/X (sky130_fd_sc_hd__xor2_2)
                                                         _0061_ (net)
                      0.145319    0.000652    5.740497 ^ _0686_/A3 (sky130_fd_sc_hd__a31o_1)
     2    0.012551    0.095260    0.142062    5.882559 ^ _0686_/X (sky130_fd_sc_hd__a31o_1)
                                                         _0062_ (net)
                      0.095261    0.000532    5.883091 ^ _0694_/A (sky130_fd_sc_hd__xor2_2)
     2    0.011940    0.139740    0.130377    6.013468 ^ _0694_/X (sky130_fd_sc_hd__xor2_2)
                                                         _0070_ (net)
                      0.139741    0.000637    6.014105 ^ _0852_/B (sky130_fd_sc_hd__xor2_2)
     2    0.014049    0.156365    0.146252    6.160357 ^ _0852_/X (sky130_fd_sc_hd__xor2_2)
                                                         _0228_ (net)
                      0.156423    0.000883    6.161241 ^ _0854_/B (sky130_fd_sc_hd__xor2_2)
     2    0.015599    0.168754    0.154595    6.315835 ^ _0854_/X (sky130_fd_sc_hd__xor2_2)
                                                         _0230_ (net)
                      0.168761    0.000856    6.316691 ^ _0855_/B (sky130_fd_sc_hd__xnor2_1)
     3    0.011932    0.209332    0.129520    6.446211 ^ _0855_/Y (sky130_fd_sc_hd__xnor2_1)
                                                         _0231_ (net)
                      0.209337    0.000816    6.447027 ^ _0858_/A (sky130_fd_sc_hd__xnor2_1)
     2    0.008126    0.071255    0.080789    6.527815 v _0858_/Y (sky130_fd_sc_hd__xnor2_1)
                                                         _0234_ (net)
                      0.071284    0.000493    6.528309 v _0863_/A (sky130_fd_sc_hd__nor2_1)
     2    0.013763    0.183222    0.172823    6.701132 ^ _0863_/Y (sky130_fd_sc_hd__nor2_1)
                                                         _0239_ (net)
                      0.183231    0.001043    6.702175 ^ _0869_/A4 (sky130_fd_sc_hd__a41oi_4)
     3    0.012298    0.081110    0.085200    6.787375 v _0869_/Y (sky130_fd_sc_hd__a41oi_4)
                                                         _0245_ (net)
                      0.081112    0.000954    6.788329 v _0902_/A2 (sky130_fd_sc_hd__a211o_1)
     2    0.013635    0.067006    0.234481    7.022810 v _0902_/X (sky130_fd_sc_hd__a211o_1)
                                                         _0278_ (net)
                      0.067021    0.000995    7.023805 v _0912_/A1 (sky130_fd_sc_hd__a21oi_4)
     5    0.022485    0.148940    0.151671    7.175476 ^ _0912_/Y (sky130_fd_sc_hd__a21oi_4)
                                                         _0288_ (net)
                      0.148998    0.000966    7.176442 ^ _0922_/C1 (sky130_fd_sc_hd__a211o_1)
     3    0.009710    0.070747    0.095328    7.271770 ^ _0922_/X (sky130_fd_sc_hd__a211o_1)
                                                         _0298_ (net)
                      0.070753    0.000699    7.272470 ^ _0924_/C_N (sky130_fd_sc_hd__or3b_1)
     2    0.005924    0.054990    0.211044    7.483513 v _0924_/X (sky130_fd_sc_hd__or3b_1)
                                                         _0300_ (net)
                      0.054990    0.000278    7.483791 v _0956_/C_N (sky130_fd_sc_hd__or3b_1)
     1    0.002637    0.032303    0.110516    7.594307 ^ _0956_/X (sky130_fd_sc_hd__or3b_1)
                                                         _0332_ (net)
                      0.032303    0.000122    7.594429 ^ _0957_/A2 (sky130_fd_sc_hd__a211oi_1)
     2    0.008305    0.075196    0.056438    7.650868 v _0957_/Y (sky130_fd_sc_hd__a211oi_1)
                                                         _0333_ (net)
                      0.075204    0.000636    7.651504 v _0960_/B (sky130_fd_sc_hd__or3_1)
     1    0.003734    0.047211    0.212514    7.864017 v _0960_/X (sky130_fd_sc_hd__or3_1)
                                                         _0336_ (net)
                      0.047211    0.000232    7.864249 v fanout60/A (sky130_fd_sc_hd__buf_2)
     7    0.044891    0.077133    0.135316    7.999565 v fanout60/X (sky130_fd_sc_hd__buf_2)
                                                         net60 (net)
                      0.077267    0.002673    8.002238 v fanout59/A (sky130_fd_sc_hd__buf_2)
    10    0.044279    0.076524    0.146060    8.148298 v fanout59/X (sky130_fd_sc_hd__buf_2)
                                                         net59 (net)
                      0.077293    0.006183    8.154482 v _1035_/C (sky130_fd_sc_hd__or4_1)
     4    0.013577    0.096300    0.327105    8.481586 v _1035_/X (sky130_fd_sc_hd__or4_1)
                                                         _0411_ (net)
                      0.096302    0.000630    8.482216 v _1053_/B (sky130_fd_sc_hd__or2_1)
     2    0.006078    0.042832    0.155691    8.637908 v _1053_/X (sky130_fd_sc_hd__or2_1)
                                                         _0428_ (net)
                      0.042833    0.000300    8.638207 v _1213_/A2 (sky130_fd_sc_hd__a311o_1)
     1    0.003089    0.040397    0.192400    8.830607 v _1213_/X (sky130_fd_sc_hd__a311o_1)
                                                         _0557_ (net)
                      0.040397    0.000185    8.830792 v _1214_/C (sky130_fd_sc_hd__or4b_1)
     1    0.010926    0.087491    0.305595    9.136387 v _1214_/X (sky130_fd_sc_hd__or4b_1)
                                                         _0558_ (net)
                      0.087502    0.000899    9.137286 v _1228_/A (sky130_fd_sc_hd__or4_1)
     1    0.003349    0.055979    0.309467    9.446753 v _1228_/X (sky130_fd_sc_hd__or4_1)
                                                         _0572_ (net)
                      0.055979    0.000229    9.446982 v _1253_/A (sky130_fd_sc_hd__nor2_1)
     1    0.009593    0.132954    0.132018    9.579000 ^ _1253_/Y (sky130_fd_sc_hd__nor2_1)
                                                         clk_divider.next_flag (net)
                      0.132959    0.000668    9.579668 ^ _1340_/D (sky130_fd_sc_hd__dfrtp_1)
                                              9.579668   data arrival time

                                 25.000000   25.000000   clock clk (rise edge)
                                  0.000000   25.000000   clock source latency
     1    0.020587    0.073680    0.050665   25.050665 ^ clk (in)
                                                         clk (net)
                      0.073702    0.000000   25.050665 ^ clkbuf_0_clk/A (sky130_fd_sc_hd__clkbuf_16)
     4    0.044315    0.048349    0.110258   25.160923 ^ clkbuf_0_clk/X (sky130_fd_sc_hd__clkbuf_16)
                                                         clknet_0_clk (net)
                      0.048640    0.002631   25.163553 ^ clkbuf_2_3__f_clk/A (sky130_fd_sc_hd__clkbuf_16)
    11    0.035488    0.041870    0.099027   25.262581 ^ clkbuf_2_3__f_clk/X (sky130_fd_sc_hd__clkbuf_16)
                                                         clknet_2_3__leaf_clk (net)
                      0.041893    0.000970   25.263550 ^ _1340_/CLK (sky130_fd_sc_hd__dfrtp_1)
                                 -0.250000   25.013552   clock uncertainty
                                  0.000000   25.013552   clock reconvergence pessimism
                                 -0.043057   24.970493   library setup time
                                             24.970493   data required time
---------------------------------------------------------------------------------------------
                                             24.970493   data required time
                                             -9.579668   data arrival time
---------------------------------------------------------------------------------------------
                                             15.390825   slack (MET)




===========================================================================
report_checks --slack_max -0.01
============================================================================
======================= max_ff_n40C_1v95 Corner ===================================

No paths found.


===========================================================================
 report_check_types -max_slew -max_cap -max_fanout -violators
============================================================================
======================= max_ff_n40C_1v95 Corner ===================================

max fanout

Pin                                   Limit Fanout  Slack
---------------------------------------------------------
clkbuf_2_3__f_clk/X                      10     11        (VIOLATED)



===========================================================================
report_parasitic_annotation -report_unannotated
============================================================================
Found 3 unannotated drivers.
 clkload0/X
 clkload1/Y
 clkload2/Y
Found 0 partially unannotated drivers.

===========================================================================
max slew violation count 0
max fanout violation count 1
max cap violation count 0
============================================================================

===========================================================================
check_setup -verbose -unconstrained_endpoints -multiple_clock -no_clock -no_input_delay -loops -generated_clocks
===========================================================================
