
===========================================================================
 report_power
============================================================================
======================= max_ff_n40C_1v95 Corner ===================================

Group                    Internal    Switching      Leakage        Total
                            Power        Power        Power        Power (Watts)
------------------------------------------------------------------------
Sequential           7.704881e-05 1.243531e-05 6.461048e-10 8.948477e-05  19.4%
Combinational        1.166631e-04 1.782377e-04 5.921207e-09 2.949066e-04  64.0%
Clock                4.490964e-05 3.157468e-05 2.464817e-09 7.648679e-05  16.6%
Macro                0.000000e+00 0.000000e+00 0.000000e+00 0.000000e+00   0.0%
Pad                  0.000000e+00 0.000000e+00 0.000000e+00 0.000000e+00   0.0%
------------------------------------------------------------------------
Total                2.386214e-04 2.222477e-04 9.032140e-09 4.608781e-04 100.0%
                            51.8%        48.2%         0.0%

