
===========================================================================
report_checks -unconstrained
===========================================================================
======================= max_ss_100C_1v60 Corner ===================================

Startpoint: nrst (input port clocked by clk)
Endpoint: _1334_ (recovery check against rising-edge clock clk)
Path Group: asynchronous
Path Type: max

Fanout         Cap        Slew       Delay        Time   Description
---------------------------------------------------------------------------------------------
                                  0.000000    0.000000   clock clk (rise edge)
                                  0.000000    0.000000   clock network delay (propagated)
                                  5.000000    5.000000 ^ input external delay
     1    0.003056    0.033937    0.017192    5.017192 ^ nrst (in)
                                                         nrst (net)
                      0.033939    0.000000    5.017192 ^ input2/A (sky130_fd_sc_hd__buf_1)
     3    0.015544    0.301944    0.298777    5.315968 ^ input2/X (sky130_fd_sc_hd__buf_1)
                                                         net2 (net)
                      0.301958    0.001740    5.317708 ^ fanout86/A (sky130_fd_sc_hd__buf_4)
    10    0.064536    0.290334    0.471370    5.789078 ^ fanout86/X (sky130_fd_sc_hd__buf_4)
                                                         net86 (net)
                      0.290353    0.002747    5.791825 ^ fanout85/A (sky130_fd_sc_hd__clkbuf_4)
    10    0.044689    0.225107    0.460986    6.252812 ^ fanout85/X (sky130_fd_sc_hd__clkbuf_4)
                                                         net85 (net)
                      0.225209    0.004477    6.257288 ^ _1334_/RESET_B (sky130_fd_sc_hd__dfrtp_2)
                                              6.257288   data arrival time

                                 25.000000   25.000000   clock clk (rise edge)
                                  0.000000   25.000000   clock source latency
     1    0.020518    0.153568    0.105025   25.105024 ^ clk (in)
                                                         clk (net)
                      0.153578    0.000000   25.105024 ^ clkbuf_0_clk/A (sky130_fd_sc_hd__clkbuf_16)
     4    0.044039    0.099193    0.292340   25.397366 ^ clkbuf_0_clk/X (sky130_fd_sc_hd__clkbuf_16)
                                                         clknet_0_clk (net)
                      0.099291    0.002622   25.399986 ^ clkbuf_2_3__f_clk/A (sky130_fd_sc_hd__clkbuf_16)
    11    0.033469    0.085335    0.253390   25.653378 ^ clkbuf_2_3__f_clk/X (sky130_fd_sc_hd__clkbuf_16)
                                                         clknet_2_3__leaf_clk (net)
                      0.085410    0.002235   25.655611 ^ _1334_/CLK (sky130_fd_sc_hd__dfrtp_2)
                                 -0.250000   25.405613   clock uncertainty
                                  0.000000   25.405613   clock reconvergence pessimism
                                  0.383435   25.789047   library recovery time
                                             25.789047   data required time
---------------------------------------------------------------------------------------------
                                             25.789047   data required time
                                             -6.257288   data arrival time
---------------------------------------------------------------------------------------------
                                             19.531759   slack (MET)


Startpoint: prescaler[9] (input port clocked by clk)
Endpoint: _1340_ (rising edge-triggered flip-flop clocked by clk)
Path Group: clk
Path Type: max

Fanout         Cap        Slew       Delay        Time   Description
---------------------------------------------------------------------------------------------
                                  0.000000    0.000000   clock clk (rise edge)
                                  0.000000    0.000000   clock network delay (propagated)
                                  5.000000    5.000000 ^ input external delay
     1    0.002792    0.032196    0.015794    5.015795 ^ prescaler[9] (in)
                                                         prescaler[9] (net)
                      0.032196    0.000000    5.015795 ^ input16/A (sky130_fd_sc_hd__buf_1)
     2    0.021014    0.401548    0.368543    5.384337 ^ input16/X (sky130_fd_sc_hd__buf_1)
                                                         net16 (net)
                      0.401550    0.000713    5.385051 ^ fanout87/A (sky130_fd_sc_hd__clkbuf_4)
    10    0.055747    0.273837    0.544130    5.929181 ^ fanout87/X (sky130_fd_sc_hd__clkbuf_4)
                                                         net87 (net)
                      0.273909    0.004393    5.933574 ^ _0681_/A (sky130_fd_sc_hd__xor2_2)
     3    0.013928    0.321714    0.410700    6.344275 ^ _0681_/X (sky130_fd_sc_hd__xor2_2)
                                                         _0057_ (net)
                      0.321714    0.000884    6.345159 ^ _0682_/B (sky130_fd_sc_hd__xnor2_2)
     2    0.012240    0.314703    0.328257    6.673416 ^ _0682_/Y (sky130_fd_sc_hd__xnor2_2)
                                                         _0058_ (net)
                      0.314703    0.000733    6.674149 ^ _0685_/B (sky130_fd_sc_hd__xor2_2)
     2    0.012719    0.301464    0.411588    7.085737 ^ _0685_/X (sky130_fd_sc_hd__xor2_2)
                                                         _0061_ (net)
                      0.301464    0.000655    7.086391 ^ _0686_/A3 (sky130_fd_sc_hd__a31o_1)
     2    0.012574    0.215411    0.485814    7.572205 ^ _0686_/X (sky130_fd_sc_hd__a31o_1)
                                                         _0062_ (net)
                      0.215411    0.000533    7.572738 ^ _0694_/A (sky130_fd_sc_hd__xor2_2)
     2    0.012070    0.290621    0.368985    7.941723 ^ _0694_/X (sky130_fd_sc_hd__xor2_2)
                                                         _0070_ (net)
                      0.290621    0.000645    7.942368 ^ _0852_/B (sky130_fd_sc_hd__xor2_2)
     2    0.014181    0.325922    0.424203    8.366570 ^ _0852_/X (sky130_fd_sc_hd__xor2_2)
                                                         _0228_ (net)
                      0.325922    0.000894    8.367464 ^ _0854_/B (sky130_fd_sc_hd__xor2_2)
     2    0.015387    0.346250    0.447999    8.815463 ^ _0854_/X (sky130_fd_sc_hd__xor2_2)
                                                         _0230_ (net)
                      0.346250    0.000841    8.816304 ^ _0855_/B (sky130_fd_sc_hd__xnor2_1)
     3    0.011846    0.479821    0.392840    9.209145 ^ _0855_/Y (sky130_fd_sc_hd__xnor2_1)
                                                         _0231_ (net)
                      0.479823    0.000808    9.209953 ^ _0858_/A (sky130_fd_sc_hd__xnor2_1)
     2    0.008167    0.190553    0.349597    9.559550 v _0858_/Y (sky130_fd_sc_hd__xnor2_1)
                                                         _0234_ (net)
                      0.190553    0.000496    9.560046 v _0863_/A (sky130_fd_sc_hd__nor2_1)
     2    0.013765    0.429984    0.440248   10.000295 ^ _0863_/Y (sky130_fd_sc_hd__nor2_1)
                                                         _0239_ (net)
                      0.429987    0.001044   10.001339 ^ _0869_/A4 (sky130_fd_sc_hd__a41oi_4)
     3    0.012364    0.225218    0.396767   10.398106 v _0869_/Y (sky130_fd_sc_hd__a41oi_4)
                                                         _0245_ (net)
                      0.225219    0.000960   10.399066 v _0902_/A2 (sky130_fd_sc_hd__a211o_1)
     2    0.013600    0.175741    0.709461   11.108527 v _0902_/X (sky130_fd_sc_hd__a211o_1)
                                                         _0278_ (net)
                      0.175743    0.000998   11.109525 v _0912_/A1 (sky130_fd_sc_hd__a21oi_4)
     5    0.022346    0.308833    0.368861   11.478387 ^ _0912_/Y (sky130_fd_sc_hd__a21oi_4)
                                                         _0288_ (net)
                      0.308847    0.000959   11.479346 ^ _0922_/C1 (sky130_fd_sc_hd__a211o_1)
     3    0.009536    0.152251    0.316957   11.796303 ^ _0922_/X (sky130_fd_sc_hd__a211o_1)
                                                         _0298_ (net)
                      0.152251    0.000683   11.796986 ^ _0924_/C_N (sky130_fd_sc_hd__or3b_1)
     2    0.005637    0.168361    0.868575   12.665561 v _0924_/X (sky130_fd_sc_hd__or3b_1)
                                                         _0300_ (net)
                      0.168361    0.000262   12.665823 v _0956_/C_N (sky130_fd_sc_hd__or3b_1)
     1    0.002649    0.070143    0.338321   13.004144 ^ _0956_/X (sky130_fd_sc_hd__or3b_1)
                                                         _0332_ (net)
                      0.070143    0.000123   13.004267 ^ _0957_/A2 (sky130_fd_sc_hd__a211oi_1)
     2    0.008248    0.185676    0.204127   13.208394 v _0957_/Y (sky130_fd_sc_hd__a211oi_1)
                                                         _0333_ (net)
                      0.185676    0.000629   13.209023 v _0960_/B (sky130_fd_sc_hd__or3_1)
     1    0.003640    0.144552    0.847261   14.056284 v _0960_/X (sky130_fd_sc_hd__or3_1)
                                                         _0336_ (net)
                      0.144552    0.000223   14.056506 v fanout60/A (sky130_fd_sc_hd__buf_2)
     7    0.044629    0.207130    0.411356   14.467863 v fanout60/X (sky130_fd_sc_hd__buf_2)
                                                         net60 (net)
                      0.207164    0.002656   14.470518 v fanout59/A (sky130_fd_sc_hd__buf_2)
    10    0.043761    0.203861    0.438186   14.908704 v fanout59/X (sky130_fd_sc_hd__buf_2)
                                                         net59 (net)
                      0.204097    0.006164   14.914868 v _1035_/C (sky130_fd_sc_hd__or4_1)
     4    0.013466    0.299059    1.333333   16.248201 v _1035_/X (sky130_fd_sc_hd__or4_1)
                                                         _0411_ (net)
                      0.299059    0.000620   16.248821 v _1053_/B (sky130_fd_sc_hd__or2_1)
     2    0.005974    0.125424    0.590379   16.839201 v _1053_/X (sky130_fd_sc_hd__or2_1)
                                                         _0428_ (net)
                      0.125424    0.000298   16.839499 v _1213_/A2 (sky130_fd_sc_hd__a311o_1)
     1    0.002983    0.094400    0.602132   17.441631 v _1213_/X (sky130_fd_sc_hd__a311o_1)
                                                         _0557_ (net)
                      0.094400    0.000176   17.441807 v _1214_/C (sky130_fd_sc_hd__or4b_1)
     1    0.010792    0.272863    1.248889   18.690695 v _1214_/X (sky130_fd_sc_hd__or4b_1)
                                                         _0558_ (net)
                      0.272863    0.000878   18.691574 v _1228_/A (sky130_fd_sc_hd__or4_1)
     1    0.003375    0.184318    1.286988   19.978561 v _1228_/X (sky130_fd_sc_hd__or4_1)
                                                         _0572_ (net)
                      0.184318    0.000231   19.978792 v _1253_/A (sky130_fd_sc_hd__nor2_1)
     1    0.009360    0.307971    0.347940   20.326733 ^ _1253_/Y (sky130_fd_sc_hd__nor2_1)
                                                         clk_divider.next_flag (net)
                      0.307973    0.000641   20.327374 ^ _1340_/D (sky130_fd_sc_hd__dfrtp_1)
                                             20.327374   data arrival time

                                 25.000000   25.000000   clock clk (rise edge)
                                  0.000000   25.000000   clock source latency
     1    0.020518    0.153568    0.105025   25.105024 ^ clk (in)
                                                         clk (net)
                      0.153578    0.000000   25.105024 ^ clkbuf_0_clk/A (sky130_fd_sc_hd__clkbuf_16)
     4    0.044039    0.099193    0.292340   25.397366 ^ clkbuf_0_clk/X (sky130_fd_sc_hd__clkbuf_16)
                                                         clknet_0_clk (net)
                      0.099291    0.002622   25.399986 ^ clkbuf_2_3__f_clk/A (sky130_fd_sc_hd__clkbuf_16)
    11    0.033469    0.085335    0.253390   25.653378 ^ clkbuf_2_3__f_clk/X (sky130_fd_sc_hd__clkbuf_16)
                                                         clknet_2_3__leaf_clk (net)
                      0.085342    0.000913   25.654289 ^ _1340_/CLK (sky130_fd_sc_hd__dfrtp_1)
                                 -0.250000   25.404291   clock uncertainty
                                  0.000000   25.404291   clock reconvergence pessimism
                                 -0.190306   25.213985   library setup time
                                             25.213985   data required time
---------------------------------------------------------------------------------------------
                                             25.213985   data required time
                                            -20.327374   data arrival time
---------------------------------------------------------------------------------------------
                                              4.886611   slack (MET)




===========================================================================
report_checks --slack_max -0.01
============================================================================
======================= max_ss_100C_1v60 Corner ===================================

No paths found.


===========================================================================
 report_check_types -max_slew -max_cap -max_fanout -violators
============================================================================
======================= max_ss_100C_1v60 Corner ===================================

max slew

Pin                                        Limit        Slew       Slack
------------------------------------------------------------------------
fanout62/A                              1.000000    1.004237   -0.004237 (VIOLATED)
_1144_/A1                               1.000000    1.004234   -0.004234 (VIOLATED)
_1034_/A                                1.000000    1.004219   -0.004219 (VIOLATED)
fanout61/A                              1.000000    1.004199   -0.004199 (VIOLATED)
_0959_/Y                                1.000000    1.004196   -0.004196 (VIOLATED)

max fanout

Pin                                   Limit Fanout  Slack
---------------------------------------------------------
clkbuf_2_3__f_clk/X                      10     11        (VIOLATED)



===========================================================================
report_parasitic_annotation -report_unannotated
============================================================================
Found 3 unannotated drivers.
 clkload0/X
 clkload1/Y
 clkload2/Y
Found 0 partially unannotated drivers.

===========================================================================
max slew violation count 5
max fanout violation count 1
max cap violation count 0
============================================================================

===========================================================================
check_setup -verbose -unconstrained_endpoints -multiple_clock -no_clock -no_input_delay -loops -generated_clocks
===========================================================================
