
===========================================================================
 report_power
============================================================================
======================= min_tt_025C_1v80 Corner ===================================

Group                    Internal    Switching      Leakage        Total
                            Power        Power        Power        Power (Watts)
------------------------------------------------------------------------
Sequential           6.764427e-04 7.210902e-06 4.050435e-09 6.836577e-04  57.6%
Combinational        1.393915e-05 6.488205e-06 1.007787e-08 2.043743e-05   1.7%
Clock                2.250170e-04 2.584221e-04 4.430753e-09 4.834436e-04  40.7%
Macro                0.000000e+00 0.000000e+00 0.000000e+00 0.000000e+00   0.0%
Pad                  0.000000e+00 0.000000e+00 0.000000e+00 0.000000e+00   0.0%
------------------------------------------------------------------------
Total                9.153985e-04 2.721213e-04 1.855925e-08 1.187538e-03 100.0%
                            77.1%        22.9%         0.0%

