
===========================================================================
report_checks -unconstrained
===========================================================================
======================= nom_ss_100C_1v60 Corner ===================================

Startpoint: nrst (input port clocked by clk)
Endpoint: _2718_ (recovery check against rising-edge clock clk)
Path Group: asynchronous
Path Type: max

Fanout         Cap        Slew       Delay        Time   Description
---------------------------------------------------------------------------------------------
                                  0.000000    0.000000   clock clk (rise edge)
                                  0.000000    0.000000   clock network delay (propagated)
                                  5.000000    5.000000 ^ input external delay
     1    0.002533    0.030494    0.014382    5.014382 ^ nrst (in)
                                                         nrst (net)
                      0.030494    0.000000    5.014382 ^ input9/A (sky130_fd_sc_hd__clkbuf_1)
     1    0.005846    0.126066    0.172600    5.186982 ^ input9/X (sky130_fd_sc_hd__clkbuf_1)
                                                         net9 (net)
                      0.126066    0.000222    5.187203 ^ fanout144/A (sky130_fd_sc_hd__clkbuf_4)
     7    0.072906    0.349178    0.477264    5.664467 ^ fanout144/X (sky130_fd_sc_hd__clkbuf_4)
                                                         net144 (net)
                      0.349376    0.004494    5.668961 ^ fanout143/A (sky130_fd_sc_hd__buf_2)
     6    0.041524    0.327085    0.501555    6.170516 ^ fanout143/X (sky130_fd_sc_hd__buf_2)
                                                         net143 (net)
                      0.327092    0.002045    6.172561 ^ fanout142/A (sky130_fd_sc_hd__buf_2)
     7    0.033710    0.268861    0.452388    6.624949 ^ fanout142/X (sky130_fd_sc_hd__buf_2)
                                                         net142 (net)
                      0.268865    0.001470    6.626419 ^ fanout141/A (sky130_fd_sc_hd__clkbuf_2)
     6    0.031575    0.273318    0.425453    7.051872 ^ fanout141/X (sky130_fd_sc_hd__clkbuf_2)
                                                         net141 (net)
                      0.273321    0.001500    7.053371 ^ fanout139/A (sky130_fd_sc_hd__clkbuf_4)
    10    0.041358    0.210801    0.444390    7.497762 ^ fanout139/X (sky130_fd_sc_hd__clkbuf_4)
                                                         net139 (net)
                      0.210801    0.000669    7.498431 ^ _2718_/SET_B (sky130_fd_sc_hd__dfstp_1)
                                              7.498431   data arrival time

                                 25.000000   25.000000   clock clk (rise edge)
                                  0.000000   25.000000   clock source latency
     1    0.035791    0.260672    0.181139   25.181137 ^ clk (in)
                                                         clk (net)
                      0.260721    0.000000   25.181137 ^ clkbuf_0_clk/A (sky130_fd_sc_hd__clkbuf_16)
    16    0.141859    0.235270    0.443460   25.624598 ^ clkbuf_0_clk/X (sky130_fd_sc_hd__clkbuf_16)
                                                         clknet_0_clk (net)
                      0.235497    0.004095   25.628693 ^ clkbuf_4_12_0_clk/A (sky130_fd_sc_hd__clkbuf_8)
     9    0.042302    0.135469    0.357419   25.986113 ^ clkbuf_4_12_0_clk/X (sky130_fd_sc_hd__clkbuf_8)
                                                         clknet_4_12_0_clk (net)
                      0.135473    0.000957   25.987070 ^ _2718_/CLK (sky130_fd_sc_hd__dfstp_1)
                                 -0.250000   25.737070   clock uncertainty
                                  0.000000   25.737070   clock reconvergence pessimism
                                  0.269982   26.007051   library recovery time
                                             26.007051   data required time
---------------------------------------------------------------------------------------------
                                             26.007051   data required time
                                             -7.498431   data arrival time
---------------------------------------------------------------------------------------------
                                             18.508621   slack (MET)


Startpoint: clk (clock source 'clk')
Endpoint: gpio[24] (output port clocked by clk)
Path Group: clk
Path Type: max

Fanout         Cap        Slew       Delay        Time   Description
---------------------------------------------------------------------------------------------
                                 12.500000   12.500000   clock clk (fall edge)
                                  0.000000   12.500000   clock source latency
     1    0.034905    0.152578    0.108159   12.608158 v clk (in)
                                                         clk (net)
                      0.152656    0.000000   12.608158 v clkbuf_0_clk/A (sky130_fd_sc_hd__clkbuf_16)
    16    0.134963    0.163711    0.394704   13.002862 v clkbuf_0_clk/X (sky130_fd_sc_hd__clkbuf_16)
                                                         clknet_0_clk (net)
                      0.163731    0.002125   13.004987 v clkbuf_4_8_0_clk/A (sky130_fd_sc_hd__clkbuf_8)
     6    0.051728    0.116871    0.351064   13.356050 v clkbuf_4_8_0_clk/X (sky130_fd_sc_hd__clkbuf_8)
                                                         clknet_4_8_0_clk (net)
                      0.116882    0.001205   13.357256 v _2272_/A (sky130_fd_sc_hd__and2_2)
     1    0.034415    0.193016    0.510386   13.867642 v _2272_/X (sky130_fd_sc_hd__and2_2)
                                                         gpio[24] (net)
     0    0.034415    0.193016    0.000784   13.868426 v gpio[24] (inout)
                                                         gpio[24] (net)
                                             13.868426   data arrival time

                                 25.000000   25.000000   clock clk (rise edge)
                                  0.000000   25.000000   clock network delay (propagated)
                                 -0.250000   24.750000   clock uncertainty
                                  0.000000   24.750000   clock reconvergence pessimism
                                 -5.000000   19.750000   output external delay
                                             19.750000   data required time
---------------------------------------------------------------------------------------------
                                             19.750000   data required time
                                            -13.868426   data arrival time
---------------------------------------------------------------------------------------------
                                              5.881573   slack (MET)




===========================================================================
report_checks --slack_max -0.01
============================================================================
======================= nom_ss_100C_1v60 Corner ===================================

No paths found.


===========================================================================
 report_check_types -max_slew -max_cap -max_fanout -violators
============================================================================
======================= nom_ss_100C_1v60 Corner ===================================

max fanout

Pin                                   Limit Fanout  Slack
---------------------------------------------------------
clkbuf_0_clk/X                           10     16     -6 (VIOLATED)
clkbuf_4_5_0_clk/X                       10     16     -6 (VIOLATED)
clkbuf_4_4_0_clk/X                       10     14     -4 (VIOLATED)
clkbuf_4_2_0_clk/X                       10     12     -2 (VIOLATED)
clkbuf_4_6_0_clk/X                       10     11        (VIOLATED)



===========================================================================
report_parasitic_annotation -report_unannotated
============================================================================
Found 17 unannotated drivers.
 cs
 gpio[25]
 clkload0/Y
 clkload1/Y
 clkload10/Y
 clkload11/Y
 clkload12/Y
 clkload13/Y
 clkload14/Y
 clkload2/Y
 clkload3/Y
 clkload4/Y
 clkload5/Y
 clkload6/Y
 clkload7/Y
 clkload8/Y
 clkload9/Y
Found 0 partially unannotated drivers.

===========================================================================
max slew violation count 0
max fanout violation count 5
max cap violation count 0
============================================================================

===========================================================================
check_setup -verbose -unconstrained_endpoints -multiple_clock -no_clock -no_input_delay -loops -generated_clocks
===========================================================================
Warning: There are 6 unconstrained endpoints.
  gpio[16]
  gpio[17]
  gpio[18]
  gpio[19]
  gpio[20]
  gpio[25]
