
===========================================================================
 report_power
============================================================================
======================= nom_ss_100C_1v60 Corner ===================================

Group                    Internal    Switching      Leakage        Total
                            Power        Power        Power        Power (Watts)
------------------------------------------------------------------------
Sequential           1.607777e-04 1.538756e-06 2.436776e-06 1.647532e-04  48.0%
Combinational        3.554424e-06 8.565195e-06 7.291843e-06 1.941146e-05   5.7%
Clock                6.605595e-05 9.253001e-05 3.286474e-07 1.589146e-04  46.3%
Macro                0.000000e+00 0.000000e+00 0.000000e+00 0.000000e+00   0.0%
Pad                  0.000000e+00 0.000000e+00 0.000000e+00 0.000000e+00   0.0%
------------------------------------------------------------------------
Total                2.303880e-04 1.026340e-04 1.005726e-05 3.430792e-04 100.0%
                            67.2%        29.9%         2.9%

