
===========================================================================
report_checks -unconstrained
===========================================================================
======================= min_ss_100C_1v60 Corner ===================================

Startpoint: nrst (input port clocked by clk)
Endpoint: _2715_ (recovery check against rising-edge clock clk)
Path Group: asynchronous
Path Type: max

Fanout         Cap        Slew       Delay        Time   Description
---------------------------------------------------------------------------------------------
                                  0.000000    0.000000   clock clk (rise edge)
                                  0.000000    0.000000   clock network delay (propagated)
                                 20.000000   20.000000 ^ input external delay
     1    0.002758    0.031982    0.015548   20.015549 ^ nrst (in)
                                                         nrst (net)
                      0.031982    0.000000   20.015549 ^ input9/A (sky130_fd_sc_hd__clkbuf_2)
     4    0.028540    0.248394    0.303425   20.318974 ^ input9/X (sky130_fd_sc_hd__clkbuf_2)
                                                         net9 (net)
                      0.248395    0.001007   20.319981 ^ fanout140/A (sky130_fd_sc_hd__buf_2)
     5    0.046034    0.360193    0.486805   20.806786 ^ fanout140/X (sky130_fd_sc_hd__buf_2)
                                                         net140 (net)
                      0.360193    0.000080   20.806866 ^ fanout133/A (sky130_fd_sc_hd__buf_2)
     5    0.035473    0.282181    0.474143   21.281010 ^ fanout133/X (sky130_fd_sc_hd__buf_2)
                                                         net133 (net)
                      0.282181    0.000393   21.281403 ^ fanout132/A (sky130_fd_sc_hd__clkbuf_4)
    10    0.046025    0.231215    0.463194   21.744596 ^ fanout132/X (sky130_fd_sc_hd__clkbuf_4)
                                                         net132 (net)
                      0.231215    0.000931   21.745527 ^ fanout131/A (sky130_fd_sc_hd__clkbuf_4)
    10    0.043206    0.218527    0.431813   22.177340 ^ fanout131/X (sky130_fd_sc_hd__clkbuf_4)
                                                         net131 (net)
                      0.218528    0.000895   22.178234 ^ _2715_/RESET_B (sky130_fd_sc_hd__dfrtp_2)
                                             22.178234   data arrival time

                                100.000000  100.000000   clock clk (rise edge)
                                  0.000000  100.000000   clock source latency
     1    0.033144    0.242058    0.167745  100.167740 ^ clk (in)
                                                         clk (net)
                      0.242088    0.000000  100.167740 ^ clkbuf_0_clk/A (sky130_fd_sc_hd__clkbuf_16)
    16    0.151028    0.248553    0.448416  100.616158 ^ clkbuf_0_clk/X (sky130_fd_sc_hd__clkbuf_16)
                                                         clknet_0_clk (net)
                      0.248559    0.001606  100.617767 ^ clkbuf_4_3_0_clk/A (sky130_fd_sc_hd__clkbuf_8)
     8    0.040858    0.132303    0.360707  100.978470 ^ clkbuf_4_3_0_clk/X (sky130_fd_sc_hd__clkbuf_8)
                                                         clknet_4_3_0_clk (net)
                      0.132303    0.000163  100.978638 ^ _2715_/CLK (sky130_fd_sc_hd__dfrtp_2)
                                 -0.250000  100.728638   clock uncertainty
                                  0.000000  100.728638   clock reconvergence pessimism
                                  0.402167  101.130806   library recovery time
                                            101.130806   data required time
---------------------------------------------------------------------------------------------
                                            101.130806   data required time
                                            -22.178234   data arrival time
---------------------------------------------------------------------------------------------
                                             78.952568   slack (MET)


Startpoint: clk (clock source 'clk')
Endpoint: gpio[24] (output port clocked by clk)
Path Group: clk
Path Type: max

Fanout         Cap        Slew       Delay        Time   Description
---------------------------------------------------------------------------------------------
                                 50.000000   50.000000   clock clk (fall edge)
                                  0.000000   50.000000   clock source latency
     1    0.032258    0.141216    0.099782   50.099781 v clk (in)
                                                         clk (net)
                      0.141263    0.000000   50.099781 v clkbuf_0_clk/A (sky130_fd_sc_hd__clkbuf_16)
    16    0.144132    0.171519    0.399073   50.498852 v clkbuf_0_clk/X (sky130_fd_sc_hd__clkbuf_16)
                                                         clknet_0_clk (net)
                      0.171531    0.001563   50.500416 v clkbuf_4_8_0_clk/A (sky130_fd_sc_hd__clkbuf_8)
     8    0.034831    0.090411    0.332353   50.832767 v clkbuf_4_8_0_clk/X (sky130_fd_sc_hd__clkbuf_8)
                                                         clknet_4_8_0_clk (net)
                      0.090417    0.000764   50.833534 v _2272_/A (sky130_fd_sc_hd__and2_2)
     1    0.034315    0.192490    0.497543   51.331078 v _2272_/X (sky130_fd_sc_hd__and2_2)
                                                         gpio[24] (net)
     0    0.034315    0.192490    0.000355   51.331432 v gpio[24] (inout)
                                                         gpio[24] (net)
                                             51.331432   data arrival time

                                100.000000  100.000000   clock clk (rise edge)
                                  0.000000  100.000000   clock network delay (propagated)
                                 -0.250000   99.750000   clock uncertainty
                                  0.000000   99.750000   clock reconvergence pessimism
                                -20.000000   79.750000   output external delay
                                             79.750000   data required time
---------------------------------------------------------------------------------------------
                                             79.750000   data required time
                                            -51.331432   data arrival time
---------------------------------------------------------------------------------------------
                                             28.418566   slack (MET)




===========================================================================
report_checks --slack_max -0.01
============================================================================
======================= min_ss_100C_1v60 Corner ===================================

No paths found.


===========================================================================
 report_check_types -max_slew -max_cap -max_fanout -violators
============================================================================
======================= min_ss_100C_1v60 Corner ===================================

max fanout

Pin                                   Limit Fanout  Slack
---------------------------------------------------------
clkbuf_0_clk/X                           10     16     -6 (VIOLATED)
clkbuf_4_7_0_clk/X                       10     15     -5 (VIOLATED)
clkbuf_4_4_0_clk/X                       10     14     -4 (VIOLATED)
clkbuf_4_2_0_clk/X                       10     13     -3 (VIOLATED)
clkbuf_4_6_0_clk/X                       10     11        (VIOLATED)



===========================================================================
report_parasitic_annotation -report_unannotated
============================================================================
Found 17 unannotated drivers.
 cs
 gpio[25]
 clkload0/Y
 clkload1/Y
 clkload10/Y
 clkload11/Y
 clkload12/Y
 clkload13/Y
 clkload14/Y
 clkload2/X
 clkload3/Y
 clkload4/Y
 clkload5/Y
 clkload6/X
 clkload7/Y
 clkload8/Y
 clkload9/Y
Found 0 partially unannotated drivers.

===========================================================================
max slew violation count 0
max fanout violation count 5
max cap violation count 0
============================================================================

===========================================================================
check_setup -verbose -unconstrained_endpoints -multiple_clock -no_clock -no_input_delay -loops -generated_clocks
===========================================================================
Warning: There are 6 unconstrained endpoints.
  gpio[16]
  gpio[17]
  gpio[18]
  gpio[19]
  gpio[20]
  gpio[25]
