
===========================================================================
report_checks -unconstrained
===========================================================================
======================= min_ss_100C_1v60 Corner ===================================

Startpoint: nrst (input port clocked by clk)
Endpoint: _2718_ (recovery check against rising-edge clock clk)
Path Group: asynchronous
Path Type: max

Fanout         Cap        Slew       Delay        Time   Description
---------------------------------------------------------------------------------------------
                                  0.000000    0.000000   clock clk (rise edge)
                                  0.000000    0.000000   clock network delay (propagated)
                                  5.000000    5.000000 ^ input external delay
     1    0.002509    0.030338    0.014235    5.014235 ^ nrst (in)
                                                         nrst (net)
                      0.030338    0.000000    5.014235 ^ input9/A (sky130_fd_sc_hd__clkbuf_1)
     1    0.005546    0.120692    0.168691    5.182927 ^ input9/X (sky130_fd_sc_hd__clkbuf_1)
                                                         net9 (net)
                      0.120692    0.000129    5.183055 ^ fanout144/A (sky130_fd_sc_hd__clkbuf_4)
     7    0.067274    0.324140    0.457683    5.640738 ^ fanout144/X (sky130_fd_sc_hd__clkbuf_4)
                                                         net144 (net)
                      0.324158    0.002745    5.643484 ^ fanout143/A (sky130_fd_sc_hd__buf_2)
     6    0.038866    0.307120    0.478364    6.121848 ^ fanout143/X (sky130_fd_sc_hd__buf_2)
                                                         net143 (net)
                      0.307120    0.001132    6.122980 ^ fanout142/A (sky130_fd_sc_hd__buf_2)
     7    0.032458    0.259387    0.438335    6.561315 ^ fanout142/X (sky130_fd_sc_hd__buf_2)
                                                         net142 (net)
                      0.259387    0.000825    6.562140 ^ fanout141/A (sky130_fd_sc_hd__clkbuf_2)
     6    0.030071    0.260992    0.413680    6.975820 ^ fanout141/X (sky130_fd_sc_hd__clkbuf_2)
                                                         net141 (net)
                      0.260992    0.000775    6.976595 ^ fanout139/A (sky130_fd_sc_hd__clkbuf_4)
    10    0.040461    0.206725    0.436323    7.412918 ^ fanout139/X (sky130_fd_sc_hd__clkbuf_4)
                                                         net139 (net)
                      0.206725    0.000273    7.413191 ^ _2718_/SET_B (sky130_fd_sc_hd__dfstp_1)
                                              7.413191   data arrival time

                                 25.000000   25.000000   clock clk (rise edge)
                                  0.000000   25.000000   clock source latency
     1    0.033014    0.241123    0.166992   25.166990 ^ clk (in)
                                                         clk (net)
                      0.241148    0.000000   25.166990 ^ clkbuf_0_clk/A (sky130_fd_sc_hd__clkbuf_16)
    16    0.135107    0.226162    0.430074   25.597065 ^ clkbuf_0_clk/X (sky130_fd_sc_hd__clkbuf_16)
                                                         clknet_0_clk (net)
                      0.226169    0.001723   25.598787 ^ clkbuf_4_12_0_clk/A (sky130_fd_sc_hd__clkbuf_8)
     9    0.040801    0.131874    0.351053   25.949841 ^ clkbuf_4_12_0_clk/X (sky130_fd_sc_hd__clkbuf_8)
                                                         clknet_4_12_0_clk (net)
                      0.131874    0.000396   25.950237 ^ _2718_/CLK (sky130_fd_sc_hd__dfstp_1)
                                 -0.250000   25.700237   clock uncertainty
                                  0.000000   25.700237   clock reconvergence pessimism
                                  0.269423   25.969660   library recovery time
                                             25.969660   data required time
---------------------------------------------------------------------------------------------
                                             25.969660   data required time
                                             -7.413191   data arrival time
---------------------------------------------------------------------------------------------
                                             18.556467   slack (MET)


Startpoint: clk (clock source 'clk')
Endpoint: gpio[24] (output port clocked by clk)
Path Group: clk
Path Type: max

Fanout         Cap        Slew       Delay        Time   Description
---------------------------------------------------------------------------------------------
                                 12.500000   12.500000   clock clk (fall edge)
                                  0.000000   12.500000   clock source latency
     1    0.032128    0.140638    0.099280   12.599279 v clk (in)
                                                         clk (net)
                      0.140677    0.000000   12.599279 v clkbuf_0_clk/A (sky130_fd_sc_hd__clkbuf_16)
    16    0.128211    0.156039    0.385497   12.984776 v clkbuf_0_clk/X (sky130_fd_sc_hd__clkbuf_16)
                                                         clknet_0_clk (net)
                      0.156039    0.000806   12.985581 v clkbuf_4_8_0_clk/A (sky130_fd_sc_hd__clkbuf_8)
     6    0.049809    0.113672    0.345198   13.330779 v clkbuf_4_8_0_clk/X (sky130_fd_sc_hd__clkbuf_8)
                                                         clknet_4_8_0_clk (net)
                      0.113672    0.000374   13.331154 v _2272_/A (sky130_fd_sc_hd__and2_2)
     1    0.034348    0.192637    0.508860   13.840014 v _2272_/X (sky130_fd_sc_hd__and2_2)
                                                         gpio[24] (net)
     0    0.034348    0.192637    0.000387   13.840401 v gpio[24] (inout)
                                                         gpio[24] (net)
                                             13.840401   data arrival time

                                 25.000000   25.000000   clock clk (rise edge)
                                  0.000000   25.000000   clock network delay (propagated)
                                 -0.250000   24.750000   clock uncertainty
                                  0.000000   24.750000   clock reconvergence pessimism
                                 -5.000000   19.750000   output external delay
                                             19.750000   data required time
---------------------------------------------------------------------------------------------
                                             19.750000   data required time
                                            -13.840401   data arrival time
---------------------------------------------------------------------------------------------
                                              5.909599   slack (MET)




===========================================================================
report_checks --slack_max -0.01
============================================================================
======================= min_ss_100C_1v60 Corner ===================================

No paths found.


===========================================================================
 report_check_types -max_slew -max_cap -max_fanout -violators
============================================================================
======================= min_ss_100C_1v60 Corner ===================================

max fanout

Pin                                   Limit Fanout  Slack
---------------------------------------------------------
clkbuf_0_clk/X                           10     16     -6 (VIOLATED)
clkbuf_4_5_0_clk/X                       10     16     -6 (VIOLATED)
clkbuf_4_4_0_clk/X                       10     14     -4 (VIOLATED)
clkbuf_4_2_0_clk/X                       10     12     -2 (VIOLATED)
clkbuf_4_6_0_clk/X                       10     11        (VIOLATED)



===========================================================================
report_parasitic_annotation -report_unannotated
============================================================================
Found 17 unannotated drivers.
 cs
 gpio[25]
 clkload0/Y
 clkload1/Y
 clkload10/Y
 clkload11/Y
 clkload12/Y
 clkload13/Y
 clkload14/Y
 clkload2/Y
 clkload3/Y
 clkload4/Y
 clkload5/Y
 clkload6/Y
 clkload7/Y
 clkload8/Y
 clkload9/Y
Found 0 partially unannotated drivers.

===========================================================================
max slew violation count 0
max fanout violation count 5
max cap violation count 0
============================================================================

===========================================================================
check_setup -verbose -unconstrained_endpoints -multiple_clock -no_clock -no_input_delay -loops -generated_clocks
===========================================================================
Warning: There are 6 unconstrained endpoints.
  gpio[16]
  gpio[17]
  gpio[18]
  gpio[19]
  gpio[20]
  gpio[25]
