Clock: hz100
Sources: hz100 
Generated: no
Virtual: yes
Propagated: no
Period: 25.000000

===========================================================================
report_clock_properties
============================================================================
Clock                   Period          Waveform
----------------------------------------------------
hz100                25.000000    0.000000 12.500000

===========================================================================
report_clock_latency
============================================================================
Clock hz100
rise -> rise
    min     max
0.000000 0.000000 source latency
1.161734         network latency _3404_/CLK
        6.574312 network latency _3316_/CLK
---------------
1.161734 6.574312 latency
        5.412577 skew

rise -> fall
    min     max
0.000000 0.000000 source latency
5.634473         network latency _3275_/CLK
        6.815898 network latency _3316_/CLK
---------------
5.634473 6.815898 latency
        1.181425 skew

fall -> fall
    min     max
0.000000 0.000000 source latency
1.065109         network latency _3404_/CLK
        1.119666 network latency _3310_/CLK
---------------
1.065109 1.119666 latency
        0.054557 skew



===========================================================================
report_clock_min_period
============================================================================
hz100 period_min = 9.37 fmax = 106.71
