
===========================================================================
report_checks -unconstrained
===========================================================================
======================= max_ss_100C_1v60 Corner ===================================

Startpoint: nRST (input port clocked by CLK)
Endpoint: _3828_ (recovery check against rising-edge clock CLK)
Path Group: asynchronous
Path Type: max

Fanout         Cap        Slew       Delay        Time   Description
---------------------------------------------------------------------------------------------
                                  0.000000    0.000000   clock CLK (rise edge)
                                  0.000000    0.000000   clock network delay (propagated)
                                  5.000000    5.000000 ^ input external delay
     2    0.004261    0.042108    0.023543    5.023543 ^ nRST (in)
                                                         nRST (net)
                      0.042122    0.000000    5.023543 ^ input33/A (sky130_fd_sc_hd__clkbuf_4)
     9    0.076032    0.363931    0.443674    5.467217 ^ input33/X (sky130_fd_sc_hd__clkbuf_4)
                                                         net33 (net)
                      0.364155    0.007549    5.474766 ^ fanout170/A (sky130_fd_sc_hd__clkbuf_4)
    11    0.070625    0.340573    0.570767    6.045533 ^ fanout170/X (sky130_fd_sc_hd__clkbuf_4)
                                                         net170 (net)
                      0.340586    0.001814    6.047347 ^ fanout169/A (sky130_fd_sc_hd__buf_2)
    11    0.052111    0.405758    0.553534    6.600881 ^ fanout169/X (sky130_fd_sc_hd__buf_2)
                                                         net169 (net)
                      0.405767    0.002489    6.603369 ^ fanout168/A (sky130_fd_sc_hd__clkbuf_4)
    21    0.066185    0.320162    0.580973    7.184342 ^ fanout168/X (sky130_fd_sc_hd__clkbuf_4)
                                                         net168 (net)
                      0.320220    0.004233    7.188574 ^ fanout167/A (sky130_fd_sc_hd__clkbuf_4)
    10    0.046341    0.232497    0.479259    7.667834 ^ fanout167/X (sky130_fd_sc_hd__clkbuf_4)
                                                         net167 (net)
                      0.232620    0.004951    7.672784 ^ _3828_/RESET_B (sky130_fd_sc_hd__dfrtp_4)
                                              7.672784   data arrival time

                                 25.000000   25.000000   clock CLK (rise edge)
                                  0.000000   25.000000   clock source latency
     2    0.046360    0.333554    0.236726   25.236725 ^ CLK (in)
                                                         CLK (net)
                      0.333922    0.000000   25.236725 ^ clkbuf_0_CLK/A (sky130_fd_sc_hd__clkbuf_16)
     9    0.087588    0.160623    0.414746   25.651470 ^ clkbuf_0_CLK/X (sky130_fd_sc_hd__clkbuf_16)
                                                         clknet_0_CLK (net)
                      0.160950    0.006333   25.657804 ^ clkbuf_2_3__f_CLK/A (sky130_fd_sc_hd__clkbuf_16)
    25    0.137980    0.230866    0.394135   26.051939 ^ clkbuf_2_3__f_CLK/X (sky130_fd_sc_hd__clkbuf_16)
                                                         clknet_2_3__leaf_CLK (net)
                      0.231377    0.007947   26.059885 ^ clkbuf_leaf_19_CLK/A (sky130_fd_sc_hd__clkbuf_8)
     4    0.026482    0.099318    0.323762   26.383648 ^ clkbuf_leaf_19_CLK/X (sky130_fd_sc_hd__clkbuf_8)
                                                         clknet_leaf_19_CLK (net)
                      0.099330    0.001156   26.384804 ^ _3828_/CLK (sky130_fd_sc_hd__dfrtp_4)
                                 -0.250000   26.134806   clock uncertainty
                                  0.000000   26.134806   clock reconvergence pessimism
                                  0.377600   26.512405   library recovery time
                                             26.512405   data required time
---------------------------------------------------------------------------------------------
                                             26.512405   data required time
                                             -7.672784   data arrival time
---------------------------------------------------------------------------------------------
                                             18.839622   slack (MET)


Startpoint: _3943_ (rising edge-triggered flip-flop clocked by CLK)
Endpoint: _3922_ (rising edge-triggered flip-flop clocked by CLK)
Path Group: CLK
Path Type: max

Fanout         Cap        Slew       Delay        Time   Description
---------------------------------------------------------------------------------------------
                                  0.000000    0.000000   clock CLK (rise edge)
                                  0.000000    0.000000   clock source latency
     2    0.046360    0.333554    0.236726    0.236726 ^ CLK (in)
                                                         CLK (net)
                      0.333922    0.000000    0.236726 ^ clkbuf_0_CLK/A (sky130_fd_sc_hd__clkbuf_16)
     9    0.087588    0.160623    0.414747    0.651472 ^ clkbuf_0_CLK/X (sky130_fd_sc_hd__clkbuf_16)
                                                         clknet_0_CLK (net)
                      0.161042    0.007074    0.658546 ^ clkbuf_2_0__f_CLK/A (sky130_fd_sc_hd__clkbuf_16)
    25    0.138826    0.232415    0.392571    1.051117 ^ clkbuf_2_0__f_CLK/X (sky130_fd_sc_hd__clkbuf_16)
                                                         clknet_2_0__leaf_CLK (net)
                      0.232781    0.007645    1.058762 ^ clkbuf_leaf_38_CLK/A (sky130_fd_sc_hd__clkbuf_8)
     5    0.035159    0.118288    0.342707    1.401468 ^ clkbuf_leaf_38_CLK/X (sky130_fd_sc_hd__clkbuf_8)
                                                         clknet_leaf_38_CLK (net)
                      0.118296    0.001135    1.402603 ^ _3943_/CLK (sky130_fd_sc_hd__dfrtp_1)
     3    0.011403    0.151393    0.837936    2.240539 v _3943_/Q (sky130_fd_sc_hd__dfrtp_1)
                                                         myPWM.g_pwm_channel[0].CHANNEL.f_count[20] (net)
                      0.151396    0.000809    2.241348 v fanout108/A (sky130_fd_sc_hd__buf_2)
    10    0.035267    0.169858    0.385359    2.626707 v fanout108/X (sky130_fd_sc_hd__buf_2)
                                                         net108 (net)
                      0.169888    0.002289    2.628996 v _2448_/B (sky130_fd_sc_hd__or2_1)
     1    0.004091    0.109402    0.514306    3.143302 v _2448_/X (sky130_fd_sc_hd__or2_1)
                                                         _0317_ (net)
                      0.109402    0.000267    3.143569 v _2449_/B2 (sky130_fd_sc_hd__a221o_1)
     1    0.010450    0.166095    0.690779    3.834348 v _2449_/X (sky130_fd_sc_hd__a221o_1)
                                                         _0318_ (net)
                      0.166096    0.000723    3.835071 v _2474_/B (sky130_fd_sc_hd__or4_1)
     1    0.002488    0.171999    1.189252    5.024323 v _2474_/X (sky130_fd_sc_hd__or4_1)
                                                         _0343_ (net)
                      0.171999    0.000167    5.024490 v _2479_/C (sky130_fd_sc_hd__or4_1)
     1    0.002470    0.172007    1.120688    6.145178 v _2479_/X (sky130_fd_sc_hd__or4_1)
                                                         _0348_ (net)
                      0.172007    0.000143    6.145321 v _2480_/C (sky130_fd_sc_hd__or3_1)
     2    0.009531    0.205246    0.849595    6.994916 v _2480_/X (sky130_fd_sc_hd__or3_1)
                                                         _0349_ (net)
                      0.205246    0.000810    6.995726 v _2481_/B (sky130_fd_sc_hd__or2_1)
     4    0.022162    0.255866    0.688165    7.683891 v _2481_/X (sky130_fd_sc_hd__or2_1)
                                                         _0350_ (net)
                      0.255866    0.000930    7.684821 v fanout70/A (sky130_fd_sc_hd__buf_2)
    21    0.061743    0.271551    0.517581    8.202402 v fanout70/X (sky130_fd_sc_hd__buf_2)
                                                         net70 (net)
                      0.271821    0.007769    8.210171 v fanout69/A (sky130_fd_sc_hd__clkbuf_4)
    10    0.053989    0.202359    0.468383    8.678554 v fanout69/X (sky130_fd_sc_hd__clkbuf_4)
                                                         net69 (net)
                      0.202367    0.001521    8.680074 v _2482_/A (sky130_fd_sc_hd__clkinv_4)
    21    0.084363    0.261234    0.291118    8.971192 ^ _2482_/Y (sky130_fd_sc_hd__clkinv_4)
                                                         _0351_ (net)
                      0.261583    0.007836    8.979029 ^ _2509_/A (sky130_fd_sc_hd__or3_1)
     3    0.013953    0.213635    0.369900    9.348928 ^ _2509_/X (sky130_fd_sc_hd__or3_1)
                                                         _0371_ (net)
                      0.213635    0.000615    9.349543 ^ _2589_/B (sky130_fd_sc_hd__nor2_1)
     1    0.002767    0.076904    0.124684    9.474227 v _2589_/Y (sky130_fd_sc_hd__nor2_1)
                                                         _0426_ (net)
                      0.076904    0.000127    9.474354 v _2591_/C1 (sky130_fd_sc_hd__a2111o_1)
     1    0.002119    0.100063    0.650429   10.124784 v _2591_/X (sky130_fd_sc_hd__a2111o_1)
                                                         _0428_ (net)
                      0.100063    0.000149   10.124932 v _2595_/A (sky130_fd_sc_hd__or3b_1)
     1    0.005328    0.165789    0.904355   11.029287 v _2595_/X (sky130_fd_sc_hd__or3b_1)
                                                         _0432_ (net)
                      0.165789    0.000391   11.029678 v _2600_/C (sky130_fd_sc_hd__or4_1)
     1    0.009033    0.251274    1.247168   12.276846 v _2600_/X (sky130_fd_sc_hd__or4_1)
                                                         _0437_ (net)
                      0.251274    0.000844   12.277689 v _2609_/A (sky130_fd_sc_hd__or4_1)
     1    0.009069    0.251801    1.383904   13.661593 v _2609_/X (sky130_fd_sc_hd__or4_1)
                                                         _0446_ (net)
                      0.251801    0.000863   13.662457 v _2617_/C (sky130_fd_sc_hd__or4_1)
     1    0.009554    0.259177    1.284414   14.946871 v _2617_/X (sky130_fd_sc_hd__or4_1)
                                                         _0454_ (net)
                      0.259177    0.000767   14.947639 v _2618_/D1 (sky130_fd_sc_hd__a2111o_1)
     1    0.004179    0.122509    0.647058   15.594696 v _2618_/X (sky130_fd_sc_hd__a2111o_1)
                                                         _0455_ (net)
                      0.122509    0.000263   15.594958 v _2621_/B1 (sky130_fd_sc_hd__a211o_1)
     1    0.003637    0.093289    0.526331   16.121290 v _2621_/X (sky130_fd_sc_hd__a211o_1)
                                                         _0458_ (net)
                      0.093289    0.000229   16.121519 v _2622_/B (sky130_fd_sc_hd__nor2_1)
     1    0.003460    0.146171    0.163801   16.285320 ^ _2622_/Y (sky130_fd_sc_hd__nor2_1)
                                                         myPWM.g_pwm_channel[0].CHANNEL.fcnt.rollover_flag_c (net)
                      0.146171    0.000261   16.285582 ^ _3922_/D (sky130_fd_sc_hd__dfrtp_1)
                                             16.285582   data arrival time

                                 25.000000   25.000000   clock CLK (rise edge)
                                  0.000000   25.000000   clock source latency
     2    0.046360    0.333554    0.236726   25.236725 ^ CLK (in)
                                                         CLK (net)
                      0.333922    0.000000   25.236725 ^ clkbuf_0_CLK/A (sky130_fd_sc_hd__clkbuf_16)
     9    0.087588    0.160623    0.414746   25.651470 ^ clkbuf_0_CLK/X (sky130_fd_sc_hd__clkbuf_16)
                                                         clknet_0_CLK (net)
                      0.161042    0.007073   25.658545 ^ clkbuf_2_0__f_CLK/A (sky130_fd_sc_hd__clkbuf_16)
    25    0.138826    0.232415    0.392571   26.051115 ^ clkbuf_2_0__f_CLK/X (sky130_fd_sc_hd__clkbuf_16)
                                                         clknet_2_0__leaf_CLK (net)
                      0.232999    0.009571   26.060686 ^ clkbuf_leaf_40_CLK/A (sky130_fd_sc_hd__clkbuf_8)
    11    0.040038    0.129968    0.351850   26.412537 ^ clkbuf_leaf_40_CLK/X (sky130_fd_sc_hd__clkbuf_8)
                                                         clknet_leaf_40_CLK (net)
                      0.129979    0.001309   26.413847 ^ _3922_/CLK (sky130_fd_sc_hd__dfrtp_1)
                                 -0.250000   26.163847   clock uncertainty
                                  0.000000   26.163847   clock reconvergence pessimism
                                 -0.141698   26.022148   library setup time
                                             26.022148   data required time
---------------------------------------------------------------------------------------------
                                             26.022148   data required time
                                            -16.285582   data arrival time
---------------------------------------------------------------------------------------------
                                              9.736567   slack (MET)




===========================================================================
report_checks --slack_max -0.01
============================================================================
======================= max_ss_100C_1v60 Corner ===================================

No paths found.


===========================================================================
 report_check_types -max_slew -max_cap -max_fanout -violators
============================================================================
======================= max_ss_100C_1v60 Corner ===================================

max fanout

Pin                                   Limit Fanout  Slack
---------------------------------------------------------
clkbuf_2_0__f_CLK/X                      10     25    -15 (VIOLATED)
clkbuf_2_1__f_CLK/X                      10     25    -15 (VIOLATED)
clkbuf_2_2__f_CLK/X                      10     25    -15 (VIOLATED)
clkbuf_2_3__f_CLK/X                      10     25    -15 (VIOLATED)
_2482_/Y                                 10     21    -11 (VIOLATED)
_3773_/Q                                 10     21    -11 (VIOLATED)
_3774_/Q                                 10     21    -11 (VIOLATED)
_3940_/Q                                 10     21    -11 (VIOLATED)
fanout100/X                              10     21    -11 (VIOLATED)
fanout102/X                              10     21    -11 (VIOLATED)
fanout104/X                              10     21    -11 (VIOLATED)
fanout115/X                              10     21    -11 (VIOLATED)
fanout117/X                              10     21    -11 (VIOLATED)
fanout124/X                              10     21    -11 (VIOLATED)
fanout127/X                              10     21    -11 (VIOLATED)
fanout129/X                              10     21    -11 (VIOLATED)
fanout137/X                              10     21    -11 (VIOLATED)
fanout144/X                              10     21    -11 (VIOLATED)
fanout165/X                              10     21    -11 (VIOLATED)
fanout168/X                              10     21    -11 (VIOLATED)
fanout70/X                               10     21    -11 (VIOLATED)
fanout71/X                               10     21    -11 (VIOLATED)
fanout72/X                               10     21    -11 (VIOLATED)
fanout73/X                               10     21    -11 (VIOLATED)
fanout75/X                               10     21    -11 (VIOLATED)
fanout77/X                               10     21    -11 (VIOLATED)
fanout79/X                               10     21    -11 (VIOLATED)
fanout81/X                               10     21    -11 (VIOLATED)
fanout83/X                               10     21    -11 (VIOLATED)
fanout85/X                               10     21    -11 (VIOLATED)
fanout87/X                               10     21    -11 (VIOLATED)
fanout90/X                               10     21    -11 (VIOLATED)
fanout92/X                               10     21    -11 (VIOLATED)
fanout94/X                               10     21    -11 (VIOLATED)
fanout96/X                               10     21    -11 (VIOLATED)
fanout98/X                               10     21    -11 (VIOLATED)
_2291_/Y                                 10     19     -9 (VIOLATED)
_3772_/Q                                 10     19     -9 (VIOLATED)
_3782_/Q                                 10     19     -9 (VIOLATED)
_3823_/Q                                 10     19     -9 (VIOLATED)
_3827_/Q                                 10     19     -9 (VIOLATED)
_3828_/Q                                 10     19     -9 (VIOLATED)
_3919_/Q                                 10     19     -9 (VIOLATED)
_3948_/Q                                 10     19     -9 (VIOLATED)
fanout158/X                              10     19     -9 (VIOLATED)
_3658_/Q                                 10     17     -7 (VIOLATED)
_3664_/Q                                 10     17     -7 (VIOLATED)
_3668_/Q                                 10     17     -7 (VIOLATED)
_3675_/Q                                 10     17     -7 (VIOLATED)
_3681_/Q                                 10     17     -7 (VIOLATED)
_3819_/Q                                 10     17     -7 (VIOLATED)
_3821_/Q                                 10     17     -7 (VIOLATED)
_3824_/Q                                 10     17     -7 (VIOLATED)
_3825_/Q                                 10     17     -7 (VIOLATED)
_3831_/Q                                 10     17     -7 (VIOLATED)
_3832_/Q                                 10     17     -7 (VIOLATED)
_3834_/Q                                 10     17     -7 (VIOLATED)
_3840_/Q                                 10     17     -7 (VIOLATED)
fanout154/X                              10     17     -7 (VIOLATED)
fanout74/X                               10     17     -7 (VIOLATED)
fanout78/X                               10     17     -7 (VIOLATED)
fanout82/X                               10     17     -7 (VIOLATED)
_2170_/Y                                 10     15     -5 (VIOLATED)
_2172_/Y                                 10     15     -5 (VIOLATED)
_3659_/Q                                 10     15     -5 (VIOLATED)
_3677_/Q                                 10     15     -5 (VIOLATED)
_3682_/Q                                 10     15     -5 (VIOLATED)
_3733_/Q                                 10     15     -5 (VIOLATED)
_3826_/Q                                 10     15     -5 (VIOLATED)
_3838_/Q                                 10     15     -5 (VIOLATED)
_3849_/Q                                 10     15     -5 (VIOLATED)
clkbuf_leaf_43_CLK/X                     10     15     -5 (VIOLATED)
clkbuf_leaf_4_CLK/X                      10     15     -5 (VIOLATED)
fanout149/X                              10     15     -5 (VIOLATED)
fanout86/X                               10     15     -5 (VIOLATED)
fanout99/X                               10     15     -5 (VIOLATED)
clkbuf_leaf_0_CLK/X                      10     14     -4 (VIOLATED)
_2138_/Y                                 10     13     -3 (VIOLATED)
_3655_/Q                                 10     13     -3 (VIOLATED)
_3661_/Q                                 10     13     -3 (VIOLATED)
_3662_/Q                                 10     13     -3 (VIOLATED)
_3663_/Q                                 10     13     -3 (VIOLATED)
_3676_/Q                                 10     13     -3 (VIOLATED)
_3680_/Q                                 10     13     -3 (VIOLATED)
_3683_/Q                                 10     13     -3 (VIOLATED)
_3734_/Q                                 10     13     -3 (VIOLATED)
_3836_/Q                                 10     13     -3 (VIOLATED)
_3839_/Q                                 10     13     -3 (VIOLATED)
_3842_/Q                                 10     13     -3 (VIOLATED)
_3843_/Q                                 10     13     -3 (VIOLATED)
_3844_/Q                                 10     13     -3 (VIOLATED)
_3845_/Q                                 10     13     -3 (VIOLATED)
clkbuf_leaf_21_CLK/X                     10     13     -3 (VIOLATED)
clkbuf_leaf_6_CLK/X                      10     13     -3 (VIOLATED)
fanout103/X                              10     13     -3 (VIOLATED)
fanout105/X                              10     13     -3 (VIOLATED)
fanout132/X                              10     13     -3 (VIOLATED)
fanout88/X                               10     13     -3 (VIOLATED)
fanout91/X                               10     13     -3 (VIOLATED)
fanout93/X                               10     13     -3 (VIOLATED)
fanout95/X                               10     13     -3 (VIOLATED)
fanout97/X                               10     13     -3 (VIOLATED)
input34/X                                10     13     -3 (VIOLATED)
input45/X                                10     13     -3 (VIOLATED)
input56/X                                10     13     -3 (VIOLATED)
clkbuf_leaf_23_CLK/X                     10     12     -2 (VIOLATED)
clkbuf_leaf_2_CLK/X                      10     12     -2 (VIOLATED)
_2140_/Y                                 10     11        (VIOLATED)
_3673_/Q                                 10     11        (VIOLATED)
_3678_/Q                                 10     11        (VIOLATED)
_3679_/Q                                 10     11        (VIOLATED)
_3847_/Q                                 10     11        (VIOLATED)
_3897_/Q                                 10     11        (VIOLATED)
clkbuf_leaf_12_CLK/X                     10     11        (VIOLATED)
clkbuf_leaf_29_CLK/X                     10     11        (VIOLATED)
clkbuf_leaf_33_CLK/X                     10     11        (VIOLATED)
clkbuf_leaf_40_CLK/X                     10     11        (VIOLATED)
clkbuf_leaf_42_CLK/X                     10     11        (VIOLATED)
fanout101/X                              10     11        (VIOLATED)
fanout169/X                              10     11        (VIOLATED)
fanout170/X                              10     11        (VIOLATED)
fanout76/X                               10     11        (VIOLATED)
fanout80/X                               10     11        (VIOLATED)
fanout84/X                               10     11        (VIOLATED)



===========================================================================
report_parasitic_annotation -report_unannotated
============================================================================
Found 82 unannotated drivers.
 ren
 strobe[0]
 strobe[1]
 strobe[2]
 strobe[3]
 _3974__171/HI
 _3977__172/HI
 _3978__173/HI
 _3979__174/HI
 _3980__175/HI
 _3981__176/HI
 _3982__177/HI
 _3983__178/HI
 _3984__179/HI
 _3985__180/HI
 _3986__181/HI
 _3987__182/HI
 _3988__183/HI
 _3989__184/HI
 _3990__185/HI
 _3991__186/HI
 _3992__187/HI
 _3993__188/HI
 _3994__189/HI
 _3995__190/HI
 _3996__191/HI
 _3997__192/HI
 _3998__193/HI
 _3999__194/HI
 _4000__195/HI
 _4001__196/HI
 _4002__197/HI
 _4003__198/HI
 _4004__199/HI
 _4005__200/HI
 _4006__201/HI
 _4007__202/HI
 _4008__203/HI
 _4009__204/HI
 clkload0/X
 clkload1/Y
 clkload10/Y
 clkload11/Y
 clkload12/Y
 clkload13/X
 clkload14/X
 clkload15/Y
 clkload16/Y
 clkload17/Y
 clkload18/Y
 clkload19/X
 clkload2/X
 clkload20/Y
 clkload21/Y
 clkload22/Y
 clkload23/Y
 clkload24/Y
 clkload25/Y
 clkload26/Y
 clkload27/Y
 clkload28/Y
 clkload29/Y
 clkload3/X
 clkload30/Y
 clkload31/Y
 clkload32/Y
 clkload33/Y
 clkload34/Y
 clkload35/Y
 clkload36/Y
 clkload37/Y
 clkload38/Y
 clkload39/Y
 clkload4/Y
 clkload40/Y
 clkload41/X
 clkload42/Y
 clkload5/Y
 clkload6/Y
 clkload7/Y
 clkload8/Y
 clkload9/Y
Found 0 partially unannotated drivers.

===========================================================================
max slew violation count 0
max fanout violation count 124
max cap violation count 0
============================================================================

===========================================================================
check_setup -verbose -unconstrained_endpoints -multiple_clock -no_clock -no_input_delay -loops -generated_clocks
===========================================================================
Warning: There are 34 unconstrained endpoints.
  error
  rdata[0]
  rdata[10]
  rdata[11]
  rdata[12]
  rdata[13]
  rdata[14]
  rdata[15]
  rdata[16]
  rdata[17]
  rdata[18]
  rdata[19]
  rdata[1]
  rdata[20]
  rdata[21]
  rdata[22]
  rdata[23]
  rdata[24]
  rdata[25]
  rdata[26]
  rdata[27]
  rdata[28]
  rdata[29]
  rdata[2]
  rdata[30]
  rdata[31]
  rdata[3]
  rdata[4]
  rdata[5]
  rdata[6]
  rdata[7]
  rdata[8]
  rdata[9]
  request_stall
