
===========================================================================
report_checks -unconstrained
===========================================================================
======================= nom_ss_100C_1v60 Corner ===================================

Startpoint: nrst (input port clocked by clk)
Endpoint: _1334_ (recovery check against rising-edge clock clk)
Path Group: asynchronous
Path Type: max

Fanout         Cap        Slew       Delay        Time   Description
---------------------------------------------------------------------------------------------
                                  0.000000    0.000000   clock clk (rise edge)
                                  0.000000    0.000000   clock network delay (propagated)
                                  5.000000    5.000000 ^ input external delay
     1    0.003009    0.033633    0.016894    5.016894 ^ nrst (in)
                                                         nrst (net)
                      0.033633    0.000000    5.016894 ^ input2/A (sky130_fd_sc_hd__buf_1)
     3    0.014703    0.286471    0.288298    5.305192 ^ input2/X (sky130_fd_sc_hd__buf_1)
                                                         net2 (net)
                      0.286475    0.000893    5.306085 ^ fanout86/A (sky130_fd_sc_hd__buf_4)
    10    0.061449    0.278397    0.457864    5.763948 ^ fanout86/X (sky130_fd_sc_hd__buf_4)
                                                         net86 (net)
                      0.278397    0.001052    5.765001 ^ fanout85/A (sky130_fd_sc_hd__clkbuf_4)
    10    0.043549    0.220543    0.453057    6.218058 ^ fanout85/X (sky130_fd_sc_hd__clkbuf_4)
                                                         net85 (net)
                      0.220563    0.002245    6.220304 ^ _1334_/RESET_B (sky130_fd_sc_hd__dfrtp_2)
                                              6.220304   data arrival time

                                 25.000000   25.000000   clock clk (rise edge)
                                  0.000000   25.000000   clock source latency
     1    0.020006    0.149958    0.102240   25.102240 ^ clk (in)
                                                         clk (net)
                      0.149962    0.000000   25.102240 ^ clkbuf_0_clk/A (sky130_fd_sc_hd__clkbuf_16)
     4    0.042664    0.097319    0.289766   25.392006 ^ clkbuf_0_clk/X (sky130_fd_sc_hd__clkbuf_16)
                                                         clknet_0_clk (net)
                      0.097375    0.001242   25.393248 ^ clkbuf_2_3__f_clk/A (sky130_fd_sc_hd__clkbuf_16)
    11    0.032070    0.083271    0.250996   25.644243 ^ clkbuf_2_3__f_clk/X (sky130_fd_sc_hd__clkbuf_16)
                                                         clknet_2_3__leaf_clk (net)
                      0.083287    0.001130   25.645372 ^ _1334_/CLK (sky130_fd_sc_hd__dfrtp_2)
                                 -0.250000   25.395374   clock uncertainty
                                  0.000000   25.395374   clock reconvergence pessimism
                                  0.384700   25.780073   library recovery time
                                             25.780073   data required time
---------------------------------------------------------------------------------------------
                                             25.780073   data required time
                                             -6.220304   data arrival time
---------------------------------------------------------------------------------------------
                                             19.559771   slack (MET)


Startpoint: prescaler[9] (input port clocked by clk)
Endpoint: _1340_ (rising edge-triggered flip-flop clocked by clk)
Path Group: clk
Path Type: max

Fanout         Cap        Slew       Delay        Time   Description
---------------------------------------------------------------------------------------------
                                  0.000000    0.000000   clock clk (rise edge)
                                  0.000000    0.000000   clock network delay (propagated)
                                  5.000000    5.000000 ^ input external delay
     1    0.002744    0.031882    0.015495    5.015495 ^ prescaler[9] (in)
                                                         prescaler[9] (net)
                      0.031882    0.000000    5.015495 ^ input16/A (sky130_fd_sc_hd__buf_1)
     2    0.019959    0.382213    0.355106    5.370601 ^ input16/X (sky130_fd_sc_hd__buf_1)
                                                         net16 (net)
                      0.382213    0.000317    5.370918 ^ fanout87/A (sky130_fd_sc_hd__clkbuf_4)
    10    0.054237    0.267931    0.532423    5.903342 ^ fanout87/X (sky130_fd_sc_hd__clkbuf_4)
                                                         net87 (net)
                      0.267949    0.002493    5.905835 ^ _0681_/A (sky130_fd_sc_hd__xor2_2)
     3    0.013811    0.319715    0.407752    6.313587 ^ _0681_/X (sky130_fd_sc_hd__xor2_2)
                                                         _0057_ (net)
                      0.319715    0.000334    6.313920 ^ _0682_/B (sky130_fd_sc_hd__xnor2_2)
     2    0.012135    0.312868    0.327283    6.641203 ^ _0682_/Y (sky130_fd_sc_hd__xnor2_2)
                                                         _0058_ (net)
                      0.312868    0.000310    6.641513 ^ _0685_/B (sky130_fd_sc_hd__xor2_2)
     2    0.012523    0.298188    0.408909    7.050422 ^ _0685_/X (sky130_fd_sc_hd__xor2_2)
                                                         _0061_ (net)
                      0.298188    0.000273    7.050695 ^ _0686_/A3 (sky130_fd_sc_hd__a31o_1)
     2    0.012484    0.214263    0.483993    7.534688 ^ _0686_/X (sky130_fd_sc_hd__a31o_1)
                                                         _0062_ (net)
                      0.214263    0.000229    7.534917 ^ _0694_/A (sky130_fd_sc_hd__xor2_2)
     2    0.011905    0.287870    0.366619    7.901536 ^ _0694_/X (sky130_fd_sc_hd__xor2_2)
                                                         _0070_ (net)
                      0.287870    0.000250    7.901786 ^ _0852_/B (sky130_fd_sc_hd__xor2_2)
     2    0.013926    0.321617    0.420532    8.322318 ^ _0852_/X (sky130_fd_sc_hd__xor2_2)
                                                         _0228_ (net)
                      0.321617    0.000429    8.322747 ^ _0854_/B (sky130_fd_sc_hd__xor2_2)
     2    0.015273    0.344284    0.445816    8.768563 ^ _0854_/X (sky130_fd_sc_hd__xor2_2)
                                                         _0230_ (net)
                      0.344284    0.000336    8.768899 ^ _0855_/B (sky130_fd_sc_hd__xnor2_1)
     3    0.011689    0.474558    0.390797    9.159696 ^ _0855_/Y (sky130_fd_sc_hd__xnor2_1)
                                                         _0231_ (net)
                      0.474558    0.000349    9.160045 ^ _0858_/A (sky130_fd_sc_hd__xnor2_1)
     2    0.008019    0.188084    0.345818    9.505863 v _0858_/Y (sky130_fd_sc_hd__xnor2_1)
                                                         _0234_ (net)
                      0.188084    0.000188    9.506051 v _0863_/A (sky130_fd_sc_hd__nor2_1)
     2    0.013502    0.422601    0.434293    9.940344 ^ _0863_/Y (sky130_fd_sc_hd__nor2_1)
                                                         _0239_ (net)
                      0.422602    0.000465    9.940809 ^ _0869_/A4 (sky130_fd_sc_hd__a41oi_4)
     3    0.011843    0.221148    0.391192   10.332002 v _0869_/Y (sky130_fd_sc_hd__a41oi_4)
                                                         _0245_ (net)
                      0.221148    0.000497   10.332499 v _0902_/A2 (sky130_fd_sc_hd__a211o_1)
     2    0.013315    0.175083    0.705436   11.037934 v _0902_/X (sky130_fd_sc_hd__a211o_1)
                                                         _0278_ (net)
                      0.175083    0.000455   11.038389 v _0912_/A1 (sky130_fd_sc_hd__a21oi_4)
     5    0.022015    0.305617    0.366362   11.404751 ^ _0912_/Y (sky130_fd_sc_hd__a21oi_4)
                                                         _0288_ (net)
                      0.305617    0.000360   11.405111 ^ _0922_/C1 (sky130_fd_sc_hd__a211o_1)
     3    0.009159    0.147406    0.312536   11.717647 ^ _0922_/X (sky130_fd_sc_hd__a211o_1)
                                                         _0298_ (net)
                      0.147406    0.000304   11.717951 ^ _0924_/C_N (sky130_fd_sc_hd__or3b_1)
     2    0.005452    0.166753    0.864429   12.582380 v _0924_/X (sky130_fd_sc_hd__or3b_1)
                                                         _0300_ (net)
                      0.166753    0.000125   12.582505 v _0956_/C_N (sky130_fd_sc_hd__or3b_1)
     1    0.002639    0.069302    0.337455   12.919961 ^ _0956_/X (sky130_fd_sc_hd__or3b_1)
                                                         _0332_ (net)
                      0.069302    0.000051   12.920012 ^ _0957_/A2 (sky130_fd_sc_hd__a211oi_1)
     2    0.007979    0.181940    0.200871   13.120883 v _0957_/Y (sky130_fd_sc_hd__a211oi_1)
                                                         _0333_ (net)
                      0.181940    0.000261   13.121143 v _0960_/B (sky130_fd_sc_hd__or3_1)
     1    0.003480    0.142467    0.842598   13.963741 v _0960_/X (sky130_fd_sc_hd__or3_1)
                                                         _0336_ (net)
                      0.142467    0.000106   13.963847 v fanout60/A (sky130_fd_sc_hd__buf_2)
     7    0.041755    0.196025    0.402443   14.366291 v fanout60/X (sky130_fd_sc_hd__buf_2)
                                                         net60 (net)
                      0.196029    0.001202   14.367493 v fanout59/A (sky130_fd_sc_hd__buf_2)
    10    0.041194    0.193943    0.426283   14.793776 v fanout59/X (sky130_fd_sc_hd__buf_2)
                                                         net59 (net)
                      0.193990    0.002921   14.796697 v _1035_/C (sky130_fd_sc_hd__or4_1)
     4    0.012978    0.293557    1.322522   16.119219 v _1035_/X (sky130_fd_sc_hd__or4_1)
                                                         _0411_ (net)
                      0.293557    0.000245   16.119463 v _1053_/B (sky130_fd_sc_hd__or2_1)
     2    0.005686    0.123230    0.585095   16.704557 v _1053_/X (sky130_fd_sc_hd__or2_1)
                                                         _0428_ (net)
                      0.123230    0.000124   16.704683 v _1213_/A2 (sky130_fd_sc_hd__a311o_1)
     1    0.002783    0.092446    0.598169   17.302851 v _1213_/X (sky130_fd_sc_hd__a311o_1)
                                                         _0557_ (net)
                      0.092446    0.000089   17.302940 v _1214_/C (sky130_fd_sc_hd__or4b_1)
     1    0.009959    0.262038    1.234570   18.537510 v _1214_/X (sky130_fd_sc_hd__or4b_1)
                                                         _0558_ (net)
                      0.262038    0.000519   18.538029 v _1228_/A (sky130_fd_sc_hd__or4_1)
     1    0.003234    0.182392    1.279370   19.817398 v _1228_/X (sky130_fd_sc_hd__or4_1)
                                                         _0572_ (net)
                      0.182392    0.000099   19.817497 v _1253_/A (sky130_fd_sc_hd__nor2_1)
     1    0.008895    0.295408    0.337531   20.155029 ^ _1253_/Y (sky130_fd_sc_hd__nor2_1)
                                                         clk_divider.next_flag (net)
                      0.295500    0.000401   20.155430 ^ _1340_/D (sky130_fd_sc_hd__dfrtp_1)
                                             20.155430   data arrival time

                                 25.000000   25.000000   clock clk (rise edge)
                                  0.000000   25.000000   clock source latency
     1    0.020006    0.149958    0.102240   25.102240 ^ clk (in)
                                                         clk (net)
                      0.149962    0.000000   25.102240 ^ clkbuf_0_clk/A (sky130_fd_sc_hd__clkbuf_16)
     4    0.042664    0.097319    0.289766   25.392006 ^ clkbuf_0_clk/X (sky130_fd_sc_hd__clkbuf_16)
                                                         clknet_0_clk (net)
                      0.097375    0.001242   25.393248 ^ clkbuf_2_3__f_clk/A (sky130_fd_sc_hd__clkbuf_16)
    11    0.032070    0.083271    0.250996   25.644243 ^ clkbuf_2_3__f_clk/X (sky130_fd_sc_hd__clkbuf_16)
                                                         clknet_2_3__leaf_clk (net)
                      0.083271    0.000401   25.644644 ^ _1340_/CLK (sky130_fd_sc_hd__dfrtp_1)
                                 -0.250000   25.394646   clock uncertainty
                                  0.000000   25.394646   clock reconvergence pessimism
                                 -0.187531   25.207115   library setup time
                                             25.207115   data required time
---------------------------------------------------------------------------------------------
                                             25.207115   data required time
                                            -20.155430   data arrival time
---------------------------------------------------------------------------------------------
                                              5.051685   slack (MET)




===========================================================================
report_checks --slack_max -0.01
============================================================================
======================= nom_ss_100C_1v60 Corner ===================================

No paths found.


===========================================================================
 report_check_types -max_slew -max_cap -max_fanout -violators
============================================================================
======================= nom_ss_100C_1v60 Corner ===================================

max fanout

Pin                                   Limit Fanout  Slack
---------------------------------------------------------
clkbuf_2_3__f_clk/X                      10     11        (VIOLATED)



===========================================================================
report_parasitic_annotation -report_unannotated
============================================================================
Found 3 unannotated drivers.
 clkload0/X
 clkload1/Y
 clkload2/Y
Found 0 partially unannotated drivers.

===========================================================================
max slew violation count 0
max fanout violation count 1
max cap violation count 0
============================================================================

===========================================================================
check_setup -verbose -unconstrained_endpoints -multiple_clock -no_clock -no_input_delay -loops -generated_clocks
===========================================================================
