
===========================================================================
 report_power
============================================================================
======================= nom_ss_100C_1v60 Corner ===================================

Group                    Internal    Switching      Leakage        Total
                            Power        Power        Power        Power (Watts)
------------------------------------------------------------------------
Sequential           5.114356e-05 7.958477e-06 6.757094e-07 5.977775e-05  19.1%
Combinational        8.323897e-05 1.149113e-04 3.270325e-06 2.014206e-04  64.3%
Clock                3.220849e-05 1.966643e-05 1.170853e-07 5.199201e-05  16.6%
Macro                0.000000e+00 0.000000e+00 0.000000e+00 0.000000e+00   0.0%
Pad                  0.000000e+00 0.000000e+00 0.000000e+00 0.000000e+00   0.0%
------------------------------------------------------------------------
Total                1.665910e-04 1.425362e-04 4.063119e-06 3.131903e-04 100.0%
                            53.2%        45.5%         1.3%

