Clock: hz100
Sources: hz100 
Generated: no
Virtual: yes
Propagated: no
Period: 25.000000

===========================================================================
report_clock_properties
============================================================================
Clock                   Period          Waveform
----------------------------------------------------
hz100                25.000000    0.000000 12.500000

===========================================================================
report_clock_latency
============================================================================
Clock hz100
rise -> rise
    min     max
0.000000 0.000000 source latency
0.691289         network latency _3404_/CLK
        5.882767 network latency _3322_/CLK
---------------
0.691289 5.882767 latency
        5.191478 skew

rise -> fall
    min     max
0.000000 0.000000 source latency
5.352257         network latency _3282_/CLK
        6.031348 network latency _3322_/CLK
---------------
5.352257 6.031348 latency
        0.679090 skew

fall -> fall
    min     max
0.000000 0.000000 source latency
0.612303         network latency _3404_/CLK
        0.656044 network latency _3302_/CLK
---------------
0.612303 0.656044 latency
        0.043741 skew



===========================================================================
report_clock_min_period
============================================================================
hz100 period_min = 4.86 fmax = 205.72
