┏━━━━━━━━━━━━━━━━━━━━━━┳━━━━━━━━━━┳━━━━━━━━━━┳━━━━━━━━━━┳━━━━━━━━━━┳━━━━━━━━━━━┳━━━━━━━━━━┳━━━━━━━━━━━┳━━━━━━━━━━┳━━━━━━━━━━━┳━━━━━━━━━━┳━━━━━━━━━━━┳━━━━━━━━━━┓
┃                      ┃ Hold     ┃ Reg to   ┃          ┃          ┃ of which  ┃ Setup    ┃           ┃          ┃           ┃ of which ┃           ┃          ┃
┃                      ┃ Worst    ┃ Reg      ┃          ┃ Hold Vio ┃ reg to    ┃ Worst    ┃ Reg to    ┃ Setup    ┃ Setup Vio ┃ reg to   ┃ Max Cap   ┃ Max Slew ┃
┃ Corner/Group         ┃ Slack    ┃ Paths    ┃ Hold TNS ┃ Count    ┃ reg       ┃ Slack    ┃ Reg Paths ┃ TNS      ┃ Count     ┃ reg      ┃ Violatio… ┃ Violati… ┃
┡━━━━━━━━━━━━━━━━━━━━━━╇━━━━━━━━━━╇━━━━━━━━━━╇━━━━━━━━━━╇━━━━━━━━━━╇━━━━━━━━━━━╇━━━━━━━━━━╇━━━━━━━━━━━╇━━━━━━━━━━╇━━━━━━━━━━━╇━━━━━━━━━━╇━━━━━━━━━━━╇━━━━━━━━━━┩
│ Overall              │ 0.1083   │ 0.1083   │ 0.0000   │ 0        │ 0         │ 31.3593  │ 39.6819   │ 0.0000   │ 0         │ 0        │ 0         │ 12       │
│ nom_tt_025C_1v80     │ 0.2919   │ 0.2919   │ 0.0000   │ 0        │ 0         │ 35.8067  │ 45.0023   │ 0.0000   │ 0         │ 0        │ 0         │ 0        │
│ nom_ss_100C_1v60     │ 0.8081   │ 0.8081   │ 0.0000   │ 0        │ 0         │ 31.4312  │ 39.7669   │ 0.0000   │ 0         │ 0        │ 0         │ 9        │
│ nom_ff_n40C_1v95     │ 0.1109   │ 0.1109   │ 0.0000   │ 0        │ 0         │ 37.3143  │ 46.7679   │ 0.0000   │ 0         │ 0        │ 0         │ 0        │
│ min_tt_025C_1v80     │ 0.2878   │ 0.2878   │ 0.0000   │ 0        │ 0         │ 35.8606  │ 45.0719   │ 0.0000   │ 0         │ 0        │ 0         │ 0        │
│ min_ss_100C_1v60     │ 0.8011   │ 0.8011   │ 0.0000   │ 0        │ 0         │ 31.5117  │ 39.8722   │ 0.0000   │ 0         │ 0        │ 0         │ 9        │
│ min_ff_n40C_1v95     │ 0.1083   │ 0.1083   │ 0.0000   │ 0        │ 0         │ 37.3529  │ 46.8151   │ 0.0000   │ 0         │ 0        │ 0         │ 0        │
│ max_tt_025C_1v80     │ 0.2958   │ 0.2958   │ 0.0000   │ 0        │ 0         │ 35.7560  │ 44.9462   │ 0.0000   │ 0         │ 0        │ 0         │ 0        │
│ max_ss_100C_1v60     │ 0.8148   │ 0.8148   │ 0.0000   │ 0        │ 0         │ 31.3593  │ 39.6819   │ 0.0000   │ 0         │ 0        │ 0         │ 12       │
│ max_ff_n40C_1v95     │ 0.1135   │ 0.1135   │ 0.0000   │ 0        │ 0         │ 37.2782  │ 46.7301   │ 0.0000   │ 0         │ 0        │ 0         │ 0        │
└──────────────────────┴──────────┴──────────┴──────────┴──────────┴───────────┴──────────┴───────────┴──────────┴───────────┴──────────┴───────────┴──────────┘
