
===========================================================================
report_checks -unconstrained
===========================================================================
======================= min_ss_100C_1v60 Corner ===================================

Startpoint: nrst (input port clocked by clk)
Endpoint: _1334_ (recovery check against rising-edge clock clk)
Path Group: asynchronous
Path Type: max

Fanout         Cap        Slew       Delay        Time   Description
---------------------------------------------------------------------------------------------
                                  0.000000    0.000000   clock clk (rise edge)
                                  0.000000    0.000000   clock network delay (propagated)
                                  5.000000    5.000000 ^ input external delay
     1    0.002952    0.033262    0.016572    5.016572 ^ nrst (in)
                                                         nrst (net)
                      0.033262    0.000000    5.016572 ^ input2/A (sky130_fd_sc_hd__buf_1)
     3    0.014028    0.274116    0.279606    5.296178 ^ input2/X (sky130_fd_sc_hd__buf_1)
                                                         net2 (net)
                      0.274117    0.000545    5.296723 ^ fanout86/A (sky130_fd_sc_hd__buf_4)
    10    0.058386    0.265435    0.444516    5.741240 ^ fanout86/X (sky130_fd_sc_hd__buf_4)
                                                         net86 (net)
                      0.265435    0.000357    5.741596 ^ fanout85/A (sky130_fd_sc_hd__clkbuf_4)
    10    0.042542    0.215939    0.444562    6.186158 ^ fanout85/X (sky130_fd_sc_hd__clkbuf_4)
                                                         net85 (net)
                      0.215943    0.001359    6.187517 ^ _1334_/RESET_B (sky130_fd_sc_hd__dfrtp_2)
                                              6.187517   data arrival time

                                 25.000000   25.000000   clock clk (rise edge)
                                  0.000000   25.000000   clock source latency
     1    0.019302    0.144990    0.098598   25.098598 ^ clk (in)
                                                         clk (net)
                      0.144991    0.000000   25.098598 ^ clkbuf_0_clk/A (sky130_fd_sc_hd__clkbuf_16)
     4    0.041491    0.095823    0.286361   25.384958 ^ clkbuf_0_clk/X (sky130_fd_sc_hd__clkbuf_16)
                                                         clknet_0_clk (net)
                      0.095827    0.000624   25.385582 ^ clkbuf_2_3__f_clk/A (sky130_fd_sc_hd__clkbuf_16)
    11    0.030891    0.081655    0.248807   25.634390 ^ clkbuf_2_3__f_clk/X (sky130_fd_sc_hd__clkbuf_16)
                                                         clknet_2_3__leaf_clk (net)
                      0.081658    0.000636   25.635025 ^ _1334_/CLK (sky130_fd_sc_hd__dfrtp_2)
                                 -0.250000   25.385027   clock uncertainty
                                  0.000000   25.385027   clock reconvergence pessimism
                                  0.386122   25.771147   library recovery time
                                             25.771147   data required time
---------------------------------------------------------------------------------------------
                                             25.771147   data required time
                                             -6.187517   data arrival time
---------------------------------------------------------------------------------------------
                                             19.583632   slack (MET)


Startpoint: prescaler[9] (input port clocked by clk)
Endpoint: _1340_ (rising edge-triggered flip-flop clocked by clk)
Path Group: clk
Path Type: max

Fanout         Cap        Slew       Delay        Time   Description
---------------------------------------------------------------------------------------------
                                  0.000000    0.000000   clock clk (rise edge)
                                  0.000000    0.000000   clock network delay (propagated)
                                  5.000000    5.000000 ^ input external delay
     1    0.002698    0.031582    0.015232    5.015232 ^ prescaler[9] (in)
                                                         prescaler[9] (net)
                      0.031582    0.000000    5.015232 ^ input16/A (sky130_fd_sc_hd__buf_1)
     2    0.018628    0.357875    0.338041    5.353272 ^ input16/X (sky130_fd_sc_hd__buf_1)
                                                         net16 (net)
                      0.357875    0.000111    5.353384 ^ fanout87/A (sky130_fd_sc_hd__clkbuf_4)
    10    0.052536    0.260188    0.516990    5.870374 ^ fanout87/X (sky130_fd_sc_hd__clkbuf_4)
                                                         net87 (net)
                      0.260192    0.001537    5.871911 ^ _0681_/A (sky130_fd_sc_hd__xor2_2)
     3    0.013676    0.328881    0.403936    6.275847 ^ _0681_/X (sky130_fd_sc_hd__xor2_2)
                                                         _0057_ (net)
                      0.328881    0.000100    6.275948 ^ _0682_/B (sky130_fd_sc_hd__xnor2_2)
     2    0.012047    0.311342    0.329655    6.605603 ^ _0682_/Y (sky130_fd_sc_hd__xnor2_2)
                                                         _0058_ (net)
                      0.311342    0.000144    6.605747 ^ _0685_/B (sky130_fd_sc_hd__xor2_2)
     2    0.012357    0.295416    0.406541    7.012288 ^ _0685_/X (sky130_fd_sc_hd__xor2_2)
                                                         _0061_ (net)
                      0.295416    0.000108    7.012396 ^ _0686_/A3 (sky130_fd_sc_hd__a31o_1)
     2    0.012421    0.217924    0.482584    7.494980 ^ _0686_/X (sky130_fd_sc_hd__a31o_1)
                                                         _0062_ (net)
                      0.217924    0.000058    7.495038 ^ _0694_/A (sky130_fd_sc_hd__xor2_2)
     2    0.011813    0.296864    0.367085    7.862123 ^ _0694_/X (sky130_fd_sc_hd__xor2_2)
                                                         _0070_ (net)
                      0.296864    0.000099    7.862222 ^ _0852_/B (sky130_fd_sc_hd__xor2_2)
     2    0.013646    0.316916    0.419282    8.281505 ^ _0852_/X (sky130_fd_sc_hd__xor2_2)
                                                         _0228_ (net)
                      0.316916    0.000234    8.281738 ^ _0854_/B (sky130_fd_sc_hd__xor2_2)
     2    0.015173    0.354567    0.443596    8.725334 ^ _0854_/X (sky130_fd_sc_hd__xor2_2)
                                                         _0230_ (net)
                      0.354567    0.000119    8.725453 ^ _0855_/B (sky130_fd_sc_hd__xnor2_1)
     3    0.011438    0.479721    0.391573    9.117026 ^ _0855_/Y (sky130_fd_sc_hd__xnor2_1)
                                                         _0231_ (net)
                      0.479721    0.000153    9.117179 ^ _0858_/A (sky130_fd_sc_hd__xnor2_1)
     2    0.007868    0.186483    0.345587    9.462766 v _0858_/Y (sky130_fd_sc_hd__xnor2_1)
                                                         _0234_ (net)
                      0.186483    0.000067    9.462832 v _0863_/A (sky130_fd_sc_hd__nor2_1)
     2    0.013299    0.416910    0.429683    9.892515 ^ _0863_/Y (sky130_fd_sc_hd__nor2_1)
                                                         _0239_ (net)
                      0.416910    0.000201    9.892716 ^ _0869_/A4 (sky130_fd_sc_hd__a41oi_4)
     3    0.011392    0.217970    0.386482   10.279199 v _0869_/Y (sky130_fd_sc_hd__a41oi_4)
                                                         _0245_ (net)
                      0.217970    0.000295   10.279493 v _0902_/A2 (sky130_fd_sc_hd__a211o_1)
     2    0.012920    0.175387    0.700419   10.979913 v _0902_/X (sky130_fd_sc_hd__a211o_1)
                                                         _0278_ (net)
                      0.175387    0.000210   10.980123 v _0912_/A1 (sky130_fd_sc_hd__a21oi_4)
     5    0.021712    0.302693    0.364300   11.344422 ^ _0912_/Y (sky130_fd_sc_hd__a21oi_4)
                                                         _0288_ (net)
                      0.302693    0.000105   11.344527 ^ _0922_/C1 (sky130_fd_sc_hd__a211o_1)
     3    0.008847    0.143441    0.308686   11.653214 ^ _0922_/X (sky130_fd_sc_hd__a211o_1)
                                                         _0298_ (net)
                      0.143441    0.000158   11.653372 ^ _0924_/C_N (sky130_fd_sc_hd__or3b_1)
     2    0.005112    0.168528    0.858463   12.511834 v _0924_/X (sky130_fd_sc_hd__or3b_1)
                                                         _0300_ (net)
                      0.168528    0.000050   12.511885 v _0956_/C_N (sky130_fd_sc_hd__or3b_1)
     1    0.002622    0.070845    0.338153   12.850037 ^ _0956_/X (sky130_fd_sc_hd__or3b_1)
                                                         _0332_ (net)
                      0.070845    0.000011   12.850048 ^ _0957_/A2 (sky130_fd_sc_hd__a211oi_1)
     2    0.007723    0.178413    0.198650   13.048697 v _0957_/Y (sky130_fd_sc_hd__a211oi_1)
                                                         _0333_ (net)
                      0.178413    0.000095   13.048793 v _0960_/B (sky130_fd_sc_hd__or3_1)
     1    0.003307    0.145490    0.837725   13.886518 v _0960_/X (sky130_fd_sc_hd__or3_1)
                                                         _0336_ (net)
                      0.145490    0.000028   13.886546 v fanout60/A (sky130_fd_sc_hd__buf_2)
     7    0.039165    0.185463    0.396223   14.282769 v fanout60/X (sky130_fd_sc_hd__buf_2)
                                                         net60 (net)
                      0.185463    0.000596   14.283365 v fanout59/A (sky130_fd_sc_hd__buf_2)
    10    0.038703    0.183738    0.413892   14.697257 v fanout59/X (sky130_fd_sc_hd__buf_2)
                                                         net59 (net)
                      0.183751    0.001682   14.698939 v _1035_/C (sky130_fd_sc_hd__or4_1)
     4    0.012439    0.297104    1.310450   16.009390 v _1035_/X (sky130_fd_sc_hd__or4_1)
                                                         _0411_ (net)
                      0.297104    0.000089   16.009480 v _1053_/B (sky130_fd_sc_hd__or2_1)
     2    0.005453    0.121494    0.584324   16.593801 v _1053_/X (sky130_fd_sc_hd__or2_1)
                                                         _0428_ (net)
                      0.121494    0.000041   16.593843 v _1213_/A2 (sky130_fd_sc_hd__a311o_1)
     1    0.002635    0.091050    0.595184   17.189028 v _1213_/X (sky130_fd_sc_hd__a311o_1)
                                                         _0557_ (net)
                      0.091050    0.000032   17.189060 v _1214_/C (sky130_fd_sc_hd__or4b_1)
     1    0.008956    0.249662    1.217487   18.406546 v _1214_/X (sky130_fd_sc_hd__or4b_1)
                                                         _0558_ (net)
                      0.249662    0.000353   18.406900 v _1228_/A (sky130_fd_sc_hd__or4_1)
     1    0.003135    0.186937    1.272277   19.679176 v _1228_/X (sky130_fd_sc_hd__or4_1)
                                                         _0572_ (net)
                      0.186937    0.000034   19.679211 v _1253_/A (sky130_fd_sc_hd__nor2_1)
     1    0.008082    0.273282    0.322245   20.001455 ^ _1253_/Y (sky130_fd_sc_hd__nor2_1)
                                                         clk_divider.next_flag (net)
                      0.273282    0.000258   20.001713 ^ _1340_/D (sky130_fd_sc_hd__dfrtp_1)
                                             20.001713   data arrival time

                                 25.000000   25.000000   clock clk (rise edge)
                                  0.000000   25.000000   clock source latency
     1    0.019302    0.144990    0.098598   25.098598 ^ clk (in)
                                                         clk (net)
                      0.144991    0.000000   25.098598 ^ clkbuf_0_clk/A (sky130_fd_sc_hd__clkbuf_16)
     4    0.041491    0.095823    0.286361   25.384958 ^ clkbuf_0_clk/X (sky130_fd_sc_hd__clkbuf_16)
                                                         clknet_0_clk (net)
                      0.095827    0.000624   25.385582 ^ clkbuf_2_3__f_clk/A (sky130_fd_sc_hd__clkbuf_16)
    11    0.030891    0.081655    0.248807   25.634390 ^ clkbuf_2_3__f_clk/X (sky130_fd_sc_hd__clkbuf_16)
                                                         clknet_2_3__leaf_clk (net)
                      0.081655    0.000121   25.634510 ^ _1340_/CLK (sky130_fd_sc_hd__dfrtp_1)
                                 -0.250000   25.384512   clock uncertainty
                                  0.000000   25.384512   clock reconvergence pessimism
                                 -0.182218   25.202293   library setup time
                                             25.202293   data required time
---------------------------------------------------------------------------------------------
                                             25.202293   data required time
                                            -20.001713   data arrival time
---------------------------------------------------------------------------------------------
                                              5.200582   slack (MET)




===========================================================================
report_checks --slack_max -0.01
============================================================================
======================= min_ss_100C_1v60 Corner ===================================

No paths found.


===========================================================================
 report_check_types -max_slew -max_cap -max_fanout -violators
============================================================================
======================= min_ss_100C_1v60 Corner ===================================

max fanout

Pin                                   Limit Fanout  Slack
---------------------------------------------------------
clkbuf_2_3__f_clk/X                      10     11        (VIOLATED)



===========================================================================
report_parasitic_annotation -report_unannotated
============================================================================
Found 3 unannotated drivers.
 clkload0/X
 clkload1/Y
 clkload2/Y
Found 0 partially unannotated drivers.

===========================================================================
max slew violation count 0
max fanout violation count 1
max cap violation count 0
============================================================================

===========================================================================
check_setup -verbose -unconstrained_endpoints -multiple_clock -no_clock -no_input_delay -loops -generated_clocks
===========================================================================
