
===========================================================================
 report_power
============================================================================
======================= min_ff_n40C_1v95 Corner ===================================

Group                    Internal    Switching      Leakage        Total
                            Power        Power        Power        Power (Watts)
------------------------------------------------------------------------
Sequential           2.444081e-04 2.277023e-06 2.752143e-09 2.466879e-04  50.1%
Combinational        4.997732e-06 1.249326e-05 1.256669e-08 1.750356e-05   3.6%
Clock                9.220729e-05 1.362061e-04 4.228857e-09 2.284176e-04  46.4%
Macro                0.000000e+00 0.000000e+00 0.000000e+00 0.000000e+00   0.0%
Pad                  0.000000e+00 0.000000e+00 0.000000e+00 0.000000e+00   0.0%
------------------------------------------------------------------------
Total                3.416133e-04 1.509764e-04 1.954765e-08 4.926092e-04 100.0%
                            69.3%        30.6%         0.0%

