
===========================================================================
 report_power
============================================================================
======================= min_ff_n40C_1v95 Corner ===================================

Group                    Internal    Switching      Leakage        Total
                            Power        Power        Power        Power (Watts)
------------------------------------------------------------------------
Sequential           6.110789e-05 5.409773e-07 2.784292e-09 6.165165e-05  49.6%
Combinational        1.258957e-06 3.059891e-06 1.243029e-08 4.331278e-06   3.5%
Clock                2.600998e-05 3.234469e-05 5.241827e-09 5.835992e-05  46.9%
Macro                0.000000e+00 0.000000e+00 0.000000e+00 0.000000e+00   0.0%
Pad                  0.000000e+00 0.000000e+00 0.000000e+00 0.000000e+00   0.0%
------------------------------------------------------------------------
Total                8.837682e-05 3.594557e-05 2.045634e-08 1.243429e-04 100.0%
                            71.1%        28.9%         0.0%

