
===========================================================================
report_checks -unconstrained
===========================================================================
======================= nom_tt_025C_1v80 Corner ===================================

Startpoint: nrst (input port clocked by clk)
Endpoint: _2715_ (recovery check against rising-edge clock clk)
Path Group: asynchronous
Path Type: max

Fanout         Cap        Slew       Delay        Time   Description
---------------------------------------------------------------------------------------------
                                  0.000000    0.000000   clock clk (rise edge)
                                  0.000000    0.000000   clock network delay (propagated)
                                 20.000000   20.000000 ^ input external delay
     1    0.002812    0.019785    0.010360   20.010361 ^ nrst (in)
                                                         nrst (net)
                      0.019785    0.000000   20.010361 ^ input9/A (sky130_fd_sc_hd__clkbuf_2)
     4    0.030552    0.169477    0.183883   20.194242 ^ input9/X (sky130_fd_sc_hd__clkbuf_2)
                                                         net9 (net)
                      0.169500    0.001638   20.195881 ^ fanout140/A (sky130_fd_sc_hd__buf_2)
     5    0.048611    0.237955    0.284727   20.480608 ^ fanout140/X (sky130_fd_sc_hd__buf_2)
                                                         net140 (net)
                      0.237956    0.000474   20.481083 ^ fanout133/A (sky130_fd_sc_hd__buf_2)
     5    0.039158    0.192847    0.272566   20.753649 ^ fanout133/X (sky130_fd_sc_hd__buf_2)
                                                         net133 (net)
                      0.192924    0.000982   20.754631 ^ fanout132/A (sky130_fd_sc_hd__clkbuf_4)
    10    0.050900    0.158576    0.271207   21.025837 ^ fanout132/X (sky130_fd_sc_hd__clkbuf_4)
                                                         net132 (net)
                      0.158597    0.001910   21.027748 ^ fanout131/A (sky130_fd_sc_hd__clkbuf_4)
    10    0.047970    0.151163    0.253680   21.281427 ^ fanout131/X (sky130_fd_sc_hd__clkbuf_4)
                                                         net131 (net)
                      0.151187    0.001904   21.283331 ^ _2715_/RESET_B (sky130_fd_sc_hd__dfrtp_2)
                                             21.283331   data arrival time

                                100.000000  100.000000   clock clk (rise edge)
                                  0.000000  100.000000   clock source latency
     1    0.035752    0.165572    0.116110  100.116104 ^ clk (in)
                                                         clk (net)
                      0.165665    0.000000  100.116104 ^ clkbuf_0_clk/A (sky130_fd_sc_hd__clkbuf_16)
    16    0.161003    0.173207    0.267605  100.383713 ^ clkbuf_0_clk/X (sky130_fd_sc_hd__clkbuf_16)
                                                         clknet_0_clk (net)
                      0.173465    0.004555  100.388268 ^ clkbuf_4_3_0_clk/A (sky130_fd_sc_hd__clkbuf_8)
     8    0.043343    0.087979    0.205333  100.593597 ^ clkbuf_4_3_0_clk/X (sky130_fd_sc_hd__clkbuf_8)
                                                         clknet_4_3_0_clk (net)
                      0.087981    0.000611  100.594208 ^ _2715_/CLK (sky130_fd_sc_hd__dfrtp_2)
                                 -0.250000  100.344215   clock uncertainty
                                  0.000000  100.344215   clock reconvergence pessimism
                                  0.200923  100.545135   library recovery time
                                            100.545135   data required time
---------------------------------------------------------------------------------------------
                                            100.545135   data required time
                                            -21.283331   data arrival time
---------------------------------------------------------------------------------------------
                                             79.261795   slack (MET)


Startpoint: clk (clock source 'clk')
Endpoint: gpio[24] (output port clocked by clk)
Path Group: clk
Path Type: max

Fanout         Cap        Slew       Delay        Time   Description
---------------------------------------------------------------------------------------------
                                 50.000000   50.000000   clock clk (fall edge)
                                  0.000000   50.000000   clock source latency
     1    0.034758    0.078315    0.056655   50.056652 v clk (in)
                                                         clk (net)
                      0.078497    0.000000   50.056652 v clkbuf_0_clk/A (sky130_fd_sc_hd__clkbuf_16)
    16    0.153323    0.108524    0.229957   50.286610 v clkbuf_0_clk/X (sky130_fd_sc_hd__clkbuf_16)
                                                         clknet_0_clk (net)
                      0.108857    0.004317   50.290928 v clkbuf_4_8_0_clk/A (sky130_fd_sc_hd__clkbuf_8)
     8    0.036557    0.054567    0.189807   50.480736 v clkbuf_4_8_0_clk/X (sky130_fd_sc_hd__clkbuf_8)
                                                         clknet_4_8_0_clk (net)
                      0.054610    0.001382   50.482117 v _2272_/A (sky130_fd_sc_hd__and2_2)
     1    0.034388    0.104410    0.244125   50.726242 v _2272_/X (sky130_fd_sc_hd__and2_2)
                                                         gpio[24] (net)
     0    0.034388    0.104414    0.000746   50.726986 v gpio[24] (inout)
                                                         gpio[24] (net)
                                             50.726986   data arrival time

                                100.000000  100.000000   clock clk (rise edge)
                                  0.000000  100.000000   clock network delay (propagated)
                                 -0.250000   99.750000   clock uncertainty
                                  0.000000   99.750000   clock reconvergence pessimism
                                -20.000000   79.750000   output external delay
                                             79.750000   data required time
---------------------------------------------------------------------------------------------
                                             79.750000   data required time
                                            -50.726986   data arrival time
---------------------------------------------------------------------------------------------
                                             29.023010   slack (MET)




===========================================================================
report_checks --slack_max -0.01
============================================================================
======================= nom_tt_025C_1v80 Corner ===================================

No paths found.


===========================================================================
 report_check_types -max_slew -max_cap -max_fanout -violators
============================================================================
======================= nom_tt_025C_1v80 Corner ===================================

max fanout

Pin                                   Limit Fanout  Slack
---------------------------------------------------------
clkbuf_0_clk/X                           10     16     -6 (VIOLATED)
clkbuf_4_7_0_clk/X                       10     15     -5 (VIOLATED)
clkbuf_4_4_0_clk/X                       10     14     -4 (VIOLATED)
clkbuf_4_2_0_clk/X                       10     13     -3 (VIOLATED)
clkbuf_4_6_0_clk/X                       10     11        (VIOLATED)



===========================================================================
report_parasitic_annotation -report_unannotated
============================================================================
Found 17 unannotated drivers.
 cs
 gpio[25]
 clkload0/Y
 clkload1/Y
 clkload10/Y
 clkload11/Y
 clkload12/Y
 clkload13/Y
 clkload14/Y
 clkload2/X
 clkload3/Y
 clkload4/Y
 clkload5/Y
 clkload6/X
 clkload7/Y
 clkload8/Y
 clkload9/Y
Found 0 partially unannotated drivers.

===========================================================================
max slew violation count 0
max fanout violation count 5
max cap violation count 0
============================================================================

===========================================================================
check_setup -verbose -unconstrained_endpoints -multiple_clock -no_clock -no_input_delay -loops -generated_clocks
===========================================================================
Warning: There are 6 unconstrained endpoints.
  gpio[16]
  gpio[17]
  gpio[18]
  gpio[19]
  gpio[20]
  gpio[25]
