
===========================================================================
 report_power
============================================================================
======================= nom_tt_025C_1v80 Corner ===================================

Group                    Internal    Switching      Leakage        Total
                            Power        Power        Power        Power (Watts)
------------------------------------------------------------------------
Sequential           5.252571e-05 4.619892e-07 1.655662e-09 5.298936e-05  49.1%
Combinational        1.110327e-06 2.721889e-06 6.285603e-09 3.838502e-06   3.6%
Clock                2.277019e-05 2.831744e-05 3.870561e-09 5.109151e-05  47.3%
Macro                0.000000e+00 0.000000e+00 0.000000e+00 0.000000e+00   0.0%
Pad                  0.000000e+00 0.000000e+00 0.000000e+00 0.000000e+00   0.0%
------------------------------------------------------------------------
Total                7.640623e-05 3.150132e-05 1.181180e-08 1.079194e-04 100.0%
                            70.8%        29.2%         0.0%

