
===========================================================================
 report_power
============================================================================
======================= nom_tt_025C_1v80 Corner ===================================

Group                    Internal    Switching      Leakage        Total
                            Power        Power        Power        Power (Watts)
------------------------------------------------------------------------
Sequential           2.101106e-04 1.956839e-06 1.664033e-09 2.120691e-04  49.7%
Combinational        4.406887e-06 1.116571e-05 6.412044e-09 1.557901e-05   3.6%
Clock                8.052824e-05 1.189241e-04 3.021727e-09 1.994554e-04  46.7%
Macro                0.000000e+00 0.000000e+00 0.000000e+00 0.000000e+00   0.0%
Pad                  0.000000e+00 0.000000e+00 0.000000e+00 0.000000e+00   0.0%
------------------------------------------------------------------------
Total                2.950458e-04 1.320467e-04 1.109780e-08 4.271035e-04 100.0%
                            69.1%        30.9%         0.0%

