
===========================================================================
 report_power
============================================================================
======================= min_ff_n40C_1v95 Corner ===================================

Group                    Internal    Switching      Leakage        Total
                            Power        Power        Power        Power (Watts)
------------------------------------------------------------------------
Sequential           7.853109e-04 8.662117e-06 6.658853e-09 7.939797e-04  57.4%
Combinational        1.589872e-05 7.781578e-06 2.155935e-08 2.370186e-05   1.7%
Clock                2.570036e-04 3.077301e-04 6.901829e-09 5.647407e-04  40.9%
Macro                0.000000e+00 0.000000e+00 0.000000e+00 0.000000e+00   0.0%
Pad                  0.000000e+00 0.000000e+00 0.000000e+00 0.000000e+00   0.0%
------------------------------------------------------------------------
Total                1.058213e-03 3.241738e-04 3.511983e-08 1.382422e-03 100.0%
                            76.5%        23.4%         0.0%

