
===========================================================================
 report_power
============================================================================
======================= min_ss_100C_1v60 Corner ===================================

Group                    Internal    Switching      Leakage        Total
                            Power        Power        Power        Power (Watts)
------------------------------------------------------------------------
Sequential           5.222921e-04 5.585908e-06 6.540508e-06 5.344185e-04  56.6%
Combinational        1.104593e-05 4.972241e-06 1.142310e-05 2.744127e-05   2.9%
Clock                1.840884e-04 1.973339e-04 7.559217e-07 3.821782e-04  40.5%
Macro                0.000000e+00 0.000000e+00 0.000000e+00 0.000000e+00   0.0%
Pad                  0.000000e+00 0.000000e+00 0.000000e+00 0.000000e+00   0.0%
------------------------------------------------------------------------
Total                7.174266e-04 2.078921e-04 1.871919e-05 9.440379e-04 100.0%
                            76.0%        22.0%         2.0%

