
===========================================================================
report_checks -unconstrained
===========================================================================
======================= min_tt_025C_1v80 Corner ===================================

Startpoint: nrst (input port clocked by clk)
Endpoint: _2722_ (recovery check against rising-edge clock clk)
Path Group: asynchronous
Path Type: max

Fanout         Cap        Slew       Delay        Time   Description
---------------------------------------------------------------------------------------------
                                  0.000000    0.000000   clock clk (rise edge)
                                  0.000000    0.000000   clock network delay (propagated)
                                  5.000000    5.000000 ^ input external delay
     1    0.002575    0.018775    0.009510    5.009511 ^ nrst (in)
                                                         nrst (net)
                      0.018775    0.000000    5.009511 ^ input9/A (sky130_fd_sc_hd__clkbuf_1)
     1    0.005553    0.074569    0.093448    5.102959 ^ input9/X (sky130_fd_sc_hd__clkbuf_1)
                                                         net9 (net)
                      0.074569    0.000129    5.103087 ^ fanout144/A (sky130_fd_sc_hd__clkbuf_4)
     7    0.068005    0.207216    0.263458    5.366545 ^ fanout144/X (sky130_fd_sc_hd__clkbuf_4)
                                                         net144 (net)
                      0.207217    0.000256    5.366801 ^ fanout133/A (sky130_fd_sc_hd__clkbuf_4)
    10    0.059161    0.181814    0.292625    5.659426 ^ fanout133/X (sky130_fd_sc_hd__clkbuf_4)
                                                         net133 (net)
                      0.181862    0.002837    5.662262 ^ fanout132/A (sky130_fd_sc_hd__buf_2)
     6    0.042870    0.210666    0.270975    5.933238 ^ fanout132/X (sky130_fd_sc_hd__buf_2)
                                                         net132 (net)
                      0.210666    0.000250    5.933487 ^ fanout129/A (sky130_fd_sc_hd__buf_2)
     7    0.036911    0.182737    0.258904    6.192391 ^ fanout129/X (sky130_fd_sc_hd__buf_2)
                                                         net129 (net)
                      0.182737    0.000099    6.192490 ^ fanout128/A (sky130_fd_sc_hd__clkbuf_4)
    10    0.046890    0.148215    0.259740    6.452230 ^ fanout128/X (sky130_fd_sc_hd__clkbuf_4)
                                                         net128 (net)
                      0.148217    0.000871    6.453101 ^ _2722_/RESET_B (sky130_fd_sc_hd__dfrtp_4)
                                              6.453101   data arrival time

                                 25.000000   25.000000   clock clk (rise edge)
                                  0.000000   25.000000   clock source latency
     1    0.033014    0.153938    0.106908   25.106907 ^ clk (in)
                                                         clk (net)
                      0.153977    0.000000   25.106907 ^ clkbuf_0_clk/A (sky130_fd_sc_hd__clkbuf_16)
    16    0.135203    0.147833    0.247535   25.354443 ^ clkbuf_0_clk/X (sky130_fd_sc_hd__clkbuf_16)
                                                         clknet_0_clk (net)
                      0.148104    0.005077   25.359520 ^ clkbuf_4_2_0_clk/A (sky130_fd_sc_hd__clkbuf_8)
    12    0.041884    0.085293    0.195808   25.555328 ^ clkbuf_4_2_0_clk/X (sky130_fd_sc_hd__clkbuf_8)
                                                         clknet_4_2_0_clk (net)
                      0.085294    0.000458   25.555786 ^ _2722_/CLK (sky130_fd_sc_hd__dfrtp_4)
                                 -0.250000   25.305786   clock uncertainty
                                  0.000000   25.305786   clock reconvergence pessimism
                                  0.196434   25.502222   library recovery time
                                             25.502222   data required time
---------------------------------------------------------------------------------------------
                                             25.502222   data required time
                                             -6.453101   data arrival time
---------------------------------------------------------------------------------------------
                                             19.049120   slack (MET)


Startpoint: clk (clock source 'clk')
Endpoint: gpio[24] (output port clocked by clk)
Path Group: clk
Path Type: max

Fanout         Cap        Slew       Delay        Time   Description
---------------------------------------------------------------------------------------------
                                 12.500000   12.500000   clock clk (fall edge)
                                  0.000000   12.500000   clock source latency
     1    0.032020    0.071843    0.051879   12.551878 v clk (in)
                                                         clk (net)
                      0.071919    0.000000   12.551878 v clkbuf_0_clk/A (sky130_fd_sc_hd__clkbuf_16)
    16    0.127523    0.093902    0.216897   12.768775 v clkbuf_0_clk/X (sky130_fd_sc_hd__clkbuf_16)
                                                         clknet_0_clk (net)
                      0.093912    0.000800   12.769575 v clkbuf_4_8_0_clk/A (sky130_fd_sc_hd__clkbuf_8)
     6    0.049977    0.066981    0.195016   12.964591 v clkbuf_4_8_0_clk/X (sky130_fd_sc_hd__clkbuf_8)
                                                         clknet_4_8_0_clk (net)
                      0.066982    0.000379   12.964970 v _2272_/A (sky130_fd_sc_hd__and2_2)
     1    0.034348    0.104134    0.249851   13.214821 v _2272_/X (sky130_fd_sc_hd__and2_2)
                                                         gpio[24] (net)
     0    0.034348    0.104135    0.000387   13.215208 v gpio[24] (inout)
                                                         gpio[24] (net)
                                             13.215208   data arrival time

                                 25.000000   25.000000   clock clk (rise edge)
                                  0.000000   25.000000   clock network delay (propagated)
                                 -0.250000   24.750000   clock uncertainty
                                  0.000000   24.750000   clock reconvergence pessimism
                                 -5.000000   19.750000   output external delay
                                             19.750000   data required time
---------------------------------------------------------------------------------------------
                                             19.750000   data required time
                                            -13.215208   data arrival time
---------------------------------------------------------------------------------------------
                                              6.534791   slack (MET)




===========================================================================
report_checks --slack_max -0.01
============================================================================
======================= min_tt_025C_1v80 Corner ===================================

No paths found.


===========================================================================
 report_check_types -max_slew -max_cap -max_fanout -violators
============================================================================
======================= min_tt_025C_1v80 Corner ===================================

max fanout

Pin                                   Limit Fanout  Slack
---------------------------------------------------------
clkbuf_0_clk/X                           10     16     -6 (VIOLATED)
clkbuf_4_5_0_clk/X                       10     16     -6 (VIOLATED)
clkbuf_4_4_0_clk/X                       10     14     -4 (VIOLATED)
clkbuf_4_2_0_clk/X                       10     12     -2 (VIOLATED)
clkbuf_4_6_0_clk/X                       10     11        (VIOLATED)



===========================================================================
report_parasitic_annotation -report_unannotated
============================================================================
Found 17 unannotated drivers.
 cs
 gpio[25]
 clkload0/Y
 clkload1/Y
 clkload10/Y
 clkload11/Y
 clkload12/Y
 clkload13/Y
 clkload14/Y
 clkload2/Y
 clkload3/Y
 clkload4/Y
 clkload5/Y
 clkload6/Y
 clkload7/Y
 clkload8/Y
 clkload9/Y
Found 0 partially unannotated drivers.

===========================================================================
max slew violation count 0
max fanout violation count 5
max cap violation count 0
============================================================================

===========================================================================
check_setup -verbose -unconstrained_endpoints -multiple_clock -no_clock -no_input_delay -loops -generated_clocks
===========================================================================
Warning: There are 6 unconstrained endpoints.
  gpio[16]
  gpio[17]
  gpio[18]
  gpio[19]
  gpio[20]
  gpio[25]
