
===========================================================================
 report_power
============================================================================
======================= min_tt_025C_1v80 Corner ===================================

Group                    Internal    Switching      Leakage        Total
                            Power        Power        Power        Power (Watts)
------------------------------------------------------------------------
Sequential           5.395659e-04 1.259886e-14 4.361398e-09 5.395703e-04  48.0%
Combinational        7.359927e-06 2.398017e-05 8.622106e-09 3.134871e-05   2.8%
Clock                2.844490e-04 2.692036e-04 6.857726e-09 5.536594e-04  49.2%
Macro                0.000000e+00 0.000000e+00 0.000000e+00 0.000000e+00   0.0%
Pad                  0.000000e+00 0.000000e+00 0.000000e+00 0.000000e+00   0.0%
------------------------------------------------------------------------
Total                8.313749e-04 2.931836e-04 1.984139e-08 1.124578e-03 100.0%
                            73.9%        26.1%         0.0%

