
===========================================================================
report_checks -unconstrained
===========================================================================
======================= min_ff_n40C_1v95 Corner ===================================

Startpoint: nrst (input port clocked by clk)
Endpoint: _1334_ (recovery check against rising-edge clock clk)
Path Group: asynchronous
Path Type: max

Fanout         Cap        Slew       Delay        Time   Description
---------------------------------------------------------------------------------------------
                                  0.000000    0.000000   clock clk (rise edge)
                                  0.000000    0.000000   clock network delay (propagated)
                                  5.000000    5.000000 ^ input external delay
     1    0.003085    0.014934    0.007967    5.007967 ^ nrst (in)
                                                         nrst (net)
                      0.014934    0.000000    5.007967 ^ input2/A (sky130_fd_sc_hd__buf_1)
     3    0.014242    0.128662    0.114749    5.122716 ^ input2/X (sky130_fd_sc_hd__buf_1)
                                                         net2 (net)
                      0.128665    0.000552    5.123268 ^ fanout86/A (sky130_fd_sc_hd__buf_4)
    10    0.061620    0.130420    0.165378    5.288646 ^ fanout86/X (sky130_fd_sc_hd__buf_4)
                                                         net86 (net)
                      0.130421    0.000376    5.289022 ^ fanout85/A (sky130_fd_sc_hd__clkbuf_4)
    10    0.046098    0.109983    0.170875    5.459897 ^ fanout85/X (sky130_fd_sc_hd__clkbuf_4)
                                                         net85 (net)
                      0.110003    0.001473    5.461370 ^ _1334_/RESET_B (sky130_fd_sc_hd__dfrtp_2)
                                              5.461370   data arrival time

                                 25.000000   25.000000   clock clk (rise edge)
                                  0.000000   25.000000   clock source latency
     1    0.019371    0.069591    0.047411   25.047411 ^ clk (in)
                                                         clk (net)
                      0.069593    0.000000   25.047411 ^ clkbuf_0_clk/A (sky130_fd_sc_hd__clkbuf_16)
     4    0.041767    0.046582    0.108662   25.156073 ^ clkbuf_0_clk/X (sky130_fd_sc_hd__clkbuf_16)
                                                         clknet_0_clk (net)
                      0.046592    0.000625   25.156696 ^ clkbuf_2_3__f_clk/A (sky130_fd_sc_hd__clkbuf_16)
    11    0.032910    0.040260    0.097589   25.254286 ^ clkbuf_2_3__f_clk/X (sky130_fd_sc_hd__clkbuf_16)
                                                         clknet_2_3__leaf_clk (net)
                      0.040263    0.000682   25.254969 ^ _1334_/CLK (sky130_fd_sc_hd__dfrtp_2)
                                 -0.250000   25.004969   clock uncertainty
                                  0.000000   25.004969   clock reconvergence pessimism
                                  0.114871   25.119839   library recovery time
                                             25.119839   data required time
---------------------------------------------------------------------------------------------
                                             25.119839   data required time
                                             -5.461370   data arrival time
---------------------------------------------------------------------------------------------
                                             19.658468   slack (MET)


Startpoint: prescaler[9] (input port clocked by clk)
Endpoint: _1340_ (rising edge-triggered flip-flop clocked by clk)
Path Group: clk
Path Type: max

Fanout         Cap        Slew       Delay        Time   Description
---------------------------------------------------------------------------------------------
                                  0.000000    0.000000   clock clk (rise edge)
                                  0.000000    0.000000   clock network delay (propagated)
                                  5.000000    5.000000 ^ input external delay
     1    0.002831    0.014026    0.007301    5.007301 ^ prescaler[9] (in)
                                                         prescaler[9] (net)
                      0.014026    0.000000    5.007301 ^ input16/A (sky130_fd_sc_hd__buf_1)
     2    0.018743    0.167022    0.140644    5.147945 ^ input16/X (sky130_fd_sc_hd__buf_1)
                                                         net16 (net)
                      0.167022    0.000112    5.148057 ^ fanout87/A (sky130_fd_sc_hd__clkbuf_4)
    10    0.052884    0.124496    0.187007    5.335064 ^ fanout87/X (sky130_fd_sc_hd__clkbuf_4)
                                                         net87 (net)
                      0.124575    0.001545    5.336609 ^ _0681_/A (sky130_fd_sc_hd__xor2_2)
     3    0.013725    0.153832    0.143382    5.479991 ^ _0681_/X (sky130_fd_sc_hd__xor2_2)
                                                         _0057_ (net)
                      0.153832    0.000100    5.480091 ^ _0682_/B (sky130_fd_sc_hd__xnor2_2)
     2    0.010956    0.054580    0.059765    5.539856 v _0682_/Y (sky130_fd_sc_hd__xnor2_2)
                                                         _0058_ (net)
                      0.054580    0.000131    5.539987 v _0685_/B (sky130_fd_sc_hd__xor2_2)
     2    0.011651    0.064574    0.111033    5.651020 v _0685_/X (sky130_fd_sc_hd__xor2_2)
                                                         _0061_ (net)
                      0.064574    0.000102    5.651122 v _0686_/A3 (sky130_fd_sc_hd__a31o_1)
     2    0.011483    0.052599    0.177009    5.828131 v _0686_/X (sky130_fd_sc_hd__a31o_1)
                                                         _0062_ (net)
                      0.052599    0.000053    5.828184 v _0694_/A (sky130_fd_sc_hd__xor2_2)
     2    0.010774    0.064122    0.128460    5.956644 v _0694_/X (sky130_fd_sc_hd__xor2_2)
                                                         _0070_ (net)
                      0.064122    0.000064    5.956707 v _0695_/A2 (sky130_fd_sc_hd__a21bo_2)
     2    0.019945    0.052796    0.177989    6.134696 v _0695_/X (sky130_fd_sc_hd__a21bo_2)
                                                         _0071_ (net)
                      0.052796    0.000232    6.134928 v _0706_/A (sky130_fd_sc_hd__xor2_4)
     2    0.018597    0.069787    0.134464    6.269392 v _0706_/X (sky130_fd_sc_hd__xor2_4)
                                                         _0082_ (net)
                      0.069787    0.000199    6.269590 v _0861_/B (sky130_fd_sc_hd__xnor2_4)
     3    0.023184    0.169800    0.165263    6.434853 ^ _0861_/Y (sky130_fd_sc_hd__xnor2_4)
                                                         _0237_ (net)
                      0.169800    0.000323    6.435176 ^ _0862_/B (sky130_fd_sc_hd__xnor2_4)
     2    0.020001    0.065994    0.064588    6.499764 v _0862_/Y (sky130_fd_sc_hd__xnor2_4)
                                                         _0238_ (net)
                      0.065994    0.000153    6.499917 v _0863_/B (sky130_fd_sc_hd__nor2_1)
     2    0.013297    0.177478    0.158554    6.658471 ^ _0863_/Y (sky130_fd_sc_hd__nor2_1)
                                                         _0239_ (net)
                      0.177479    0.000201    6.658671 ^ _0869_/A4 (sky130_fd_sc_hd__a41oi_4)
     3    0.011326    0.078580    0.083274    6.741945 v _0869_/Y (sky130_fd_sc_hd__a41oi_4)
                                                         _0245_ (net)
                      0.078580    0.000293    6.742238 v _0902_/A2 (sky130_fd_sc_hd__a211o_1)
     2    0.012955    0.064998    0.232041    6.974279 v _0902_/X (sky130_fd_sc_hd__a211o_1)
                                                         _0278_ (net)
                      0.064998    0.000210    6.974490 v _0912_/A1 (sky130_fd_sc_hd__a21oi_4)
     5    0.021851    0.146098    0.149226    7.123715 ^ _0912_/Y (sky130_fd_sc_hd__a21oi_4)
                                                         _0288_ (net)
                      0.146098    0.000106    7.123821 ^ _0922_/C1 (sky130_fd_sc_hd__a211o_1)
     3    0.009021    0.066405    0.092530    7.216351 ^ _0922_/X (sky130_fd_sc_hd__a211o_1)
                                                         _0298_ (net)
                      0.066405    0.000163    7.216513 ^ _0924_/C_N (sky130_fd_sc_hd__or3b_1)
     2    0.005399    0.053082    0.208212    7.424725 v _0924_/X (sky130_fd_sc_hd__or3b_1)
                                                         _0300_ (net)
                      0.053082    0.000053    7.424778 v _0956_/C_N (sky130_fd_sc_hd__or3b_1)
     1    0.002610    0.031531    0.109748    7.534526 ^ _0956_/X (sky130_fd_sc_hd__or3b_1)
                                                         _0332_ (net)
                      0.031531    0.000011    7.534537 ^ _0957_/A2 (sky130_fd_sc_hd__a211oi_1)
     2    0.007780    0.070201    0.054739    7.589276 v _0957_/Y (sky130_fd_sc_hd__a211oi_1)
                                                         _0333_ (net)
                      0.070201    0.000096    7.589372 v _0960_/B (sky130_fd_sc_hd__or3_1)
     1    0.003401    0.045433    0.208790    7.798162 v _0960_/X (sky130_fd_sc_hd__or3_1)
                                                         _0336_ (net)
                      0.045433    0.000029    7.798192 v fanout60/A (sky130_fd_sc_hd__buf_2)
     7    0.039427    0.070557    0.129763    7.927955 v fanout60/X (sky130_fd_sc_hd__buf_2)
                                                         net60 (net)
                      0.070561    0.000603    7.928557 v fanout59/A (sky130_fd_sc_hd__buf_2)
    10    0.039221    0.070354    0.139511    8.068069 v fanout59/X (sky130_fd_sc_hd__buf_2)
                                                         net59 (net)
                      0.070404    0.001699    8.069767 v _1035_/C (sky130_fd_sc_hd__or4_1)
     4    0.012550    0.092831    0.321255    8.391023 v _1035_/X (sky130_fd_sc_hd__or4_1)
                                                         _0411_ (net)
                      0.092831    0.000090    8.391112 v _1053_/B (sky130_fd_sc_hd__or2_1)
     2    0.005557    0.041141    0.152490    8.543603 v _1053_/X (sky130_fd_sc_hd__or2_1)
                                                         _0428_ (net)
                      0.041141    0.000041    8.543643 v _1213_/A2 (sky130_fd_sc_hd__a311o_1)
     1    0.002741    0.038772    0.189711    8.733355 v _1213_/X (sky130_fd_sc_hd__a311o_1)
                                                         _0557_ (net)
                      0.038772    0.000034    8.733389 v _1214_/C (sky130_fd_sc_hd__or4b_1)
     1    0.009090    0.081030    0.295768    9.029157 v _1214_/X (sky130_fd_sc_hd__or4b_1)
                                                         _0558_ (net)
                      0.081030    0.000360    9.029516 v _1228_/A (sky130_fd_sc_hd__or4_1)
     1    0.003109    0.054642    0.305945    9.335461 v _1228_/X (sky130_fd_sc_hd__or4_1)
                                                         _0572_ (net)
                      0.054642    0.000034    9.335494 v _1253_/A (sky130_fd_sc_hd__nor2_1)
     1    0.008315    0.117547    0.120732    9.456226 ^ _1253_/Y (sky130_fd_sc_hd__nor2_1)
                                                         clk_divider.next_flag (net)
                      0.117547    0.000266    9.456491 ^ _1340_/D (sky130_fd_sc_hd__dfrtp_1)
                                              9.456491   data arrival time

                                 25.000000   25.000000   clock clk (rise edge)
                                  0.000000   25.000000   clock source latency
     1    0.019371    0.069591    0.047411   25.047411 ^ clk (in)
                                                         clk (net)
                      0.069593    0.000000   25.047411 ^ clkbuf_0_clk/A (sky130_fd_sc_hd__clkbuf_16)
     4    0.041767    0.046582    0.108662   25.156073 ^ clkbuf_0_clk/X (sky130_fd_sc_hd__clkbuf_16)
                                                         clknet_0_clk (net)
                      0.046592    0.000625   25.156696 ^ clkbuf_2_3__f_clk/A (sky130_fd_sc_hd__clkbuf_16)
    11    0.032910    0.040260    0.097589   25.254286 ^ clkbuf_2_3__f_clk/X (sky130_fd_sc_hd__clkbuf_16)
                                                         clknet_2_3__leaf_clk (net)
                      0.040260    0.000130   25.254416 ^ _1340_/CLK (sky130_fd_sc_hd__dfrtp_1)
                                 -0.250000   25.004417   clock uncertainty
                                  0.000000   25.004417   clock reconvergence pessimism
                                 -0.041665   24.962753   library setup time
                                             24.962753   data required time
---------------------------------------------------------------------------------------------
                                             24.962753   data required time
                                             -9.456491   data arrival time
---------------------------------------------------------------------------------------------
                                             15.506260   slack (MET)




===========================================================================
report_checks --slack_max -0.01
============================================================================
======================= min_ff_n40C_1v95 Corner ===================================

No paths found.


===========================================================================
 report_check_types -max_slew -max_cap -max_fanout -violators
============================================================================
======================= min_ff_n40C_1v95 Corner ===================================

max fanout

Pin                                   Limit Fanout  Slack
---------------------------------------------------------
clkbuf_2_3__f_clk/X                      10     11        (VIOLATED)



===========================================================================
report_parasitic_annotation -report_unannotated
============================================================================
Found 3 unannotated drivers.
 clkload0/X
 clkload1/Y
 clkload2/Y
Found 0 partially unannotated drivers.

===========================================================================
max slew violation count 0
max fanout violation count 1
max cap violation count 0
============================================================================

===========================================================================
check_setup -verbose -unconstrained_endpoints -multiple_clock -no_clock -no_input_delay -loops -generated_clocks
===========================================================================
