
===========================================================================
 report_power
============================================================================
======================= min_ff_n40C_1v95 Corner ===================================

Group                    Internal    Switching      Leakage        Total
                            Power        Power        Power        Power (Watts)
------------------------------------------------------------------------
Sequential           7.709853e-05 1.170396e-05 6.461048e-10 8.880314e-05  19.9%
Combinational        1.164593e-04 1.670217e-04 5.921207e-09 2.834869e-04  63.5%
Clock                4.485189e-05 2.901247e-05 2.464817e-09 7.386682e-05  16.6%
Macro                0.000000e+00 0.000000e+00 0.000000e+00 0.000000e+00   0.0%
Pad                  0.000000e+00 0.000000e+00 0.000000e+00 0.000000e+00   0.0%
------------------------------------------------------------------------
Total                2.384097e-04 2.077381e-04 9.032140e-09 4.461568e-04 100.0%
                            53.4%        46.6%         0.0%

