
===========================================================================
 report_power
============================================================================
======================= nom_tt_025C_1v80 Corner ===================================

Group                    Internal    Switching      Leakage        Total
                            Power        Power        Power        Power (Watts)
------------------------------------------------------------------------
Sequential           5.395324e-04 1.310227e-14 4.361398e-09 5.395368e-04  47.5%
Combinational        7.354022e-06 2.517225e-05 8.622106e-09 3.253490e-05   2.9%
Clock                2.843931e-04 2.789339e-04 6.857726e-09 5.633339e-04  49.6%
Macro                0.000000e+00 0.000000e+00 0.000000e+00 0.000000e+00   0.0%
Pad                  0.000000e+00 0.000000e+00 0.000000e+00 0.000000e+00   0.0%
------------------------------------------------------------------------
Total                8.312793e-04 3.041062e-04 1.984139e-08 1.135405e-03 100.0%
                            73.2%        26.8%         0.0%

