
===========================================================================
report_checks -unconstrained
===========================================================================
======================= max_tt_025C_1v80 Corner ===================================

Startpoint: nrst (input port clocked by clk)
Endpoint: _1334_ (recovery check against rising-edge clock clk)
Path Group: asynchronous
Path Type: max

Fanout         Cap        Slew       Delay        Time   Description
---------------------------------------------------------------------------------------------
                                  0.000000    0.000000   clock clk (rise edge)
                                  0.000000    0.000000   clock network delay (propagated)
                                  5.000000    5.000000 ^ input external delay
     1    0.003122    0.021122    0.011493    5.011493 ^ nrst (in)
                                                         nrst (net)
                      0.021130    0.000000    5.011493 ^ input2/A (sky130_fd_sc_hd__buf_1)
     3    0.015618    0.188611    0.172723    5.184216 ^ input2/X (sky130_fd_sc_hd__buf_1)
                                                         net2 (net)
                      0.188635    0.001747    5.185963 ^ fanout86/A (sky130_fd_sc_hd__buf_4)
    10    0.067815    0.190464    0.261474    5.447436 ^ fanout86/X (sky130_fd_sc_hd__buf_4)
                                                         net86 (net)
                      0.190526    0.002880    5.450317 ^ fanout85/A (sky130_fd_sc_hd__clkbuf_4)
    10    0.048323    0.151870    0.263875    5.714191 ^ fanout85/X (sky130_fd_sc_hd__clkbuf_4)
                                                         net85 (net)
                      0.152159    0.004837    5.719029 ^ _1334_/RESET_B (sky130_fd_sc_hd__dfrtp_2)
                                              5.719029   data arrival time

                                 25.000000   25.000000   clock clk (rise edge)
                                  0.000000   25.000000   clock source latency
     1    0.020518    0.098047    0.067669   25.067667 ^ clk (in)
                                                         clk (net)
                      0.098063    0.000000   25.067667 ^ clkbuf_0_clk/A (sky130_fd_sc_hd__clkbuf_16)
     4    0.044039    0.063481    0.163329   25.230997 ^ clkbuf_0_clk/X (sky130_fd_sc_hd__clkbuf_16)
                                                         clknet_0_clk (net)
                      0.063633    0.002618   25.233616 ^ clkbuf_2_3__f_clk/A (sky130_fd_sc_hd__clkbuf_16)
    11    0.034606    0.054934    0.144126   25.377741 ^ clkbuf_2_3__f_clk/X (sky130_fd_sc_hd__clkbuf_16)
                                                         clknet_2_3__leaf_clk (net)
                      0.055095    0.002313   25.380054 ^ _1334_/CLK (sky130_fd_sc_hd__dfrtp_2)
                                 -0.250000   25.130054   clock uncertainty
                                  0.000000   25.130054   clock reconvergence pessimism
                                  0.190361   25.320417   library recovery time
                                             25.320417   data required time
---------------------------------------------------------------------------------------------
                                             25.320417   data required time
                                             -5.719029   data arrival time
---------------------------------------------------------------------------------------------
                                             19.601387   slack (MET)


Startpoint: prescaler[9] (input port clocked by clk)
Endpoint: _1340_ (rising edge-triggered flip-flop clocked by clk)
Path Group: clk
Path Type: max

Fanout         Cap        Slew       Delay        Time   Description
---------------------------------------------------------------------------------------------
                                  0.000000    0.000000   clock clk (rise edge)
                                  0.000000    0.000000   clock network delay (propagated)
                                  5.000000    5.000000 ^ input external delay
     1    0.002858    0.019980    0.010565    5.010565 ^ prescaler[9] (in)
                                                         prescaler[9] (net)
                      0.019981    0.000000    5.010565 ^ input16/A (sky130_fd_sc_hd__buf_1)
     2    0.021128    0.251235    0.215733    5.226298 ^ input16/X (sky130_fd_sc_hd__buf_1)
                                                         net16 (net)
                      0.251238    0.000716    5.227014 ^ fanout87/A (sky130_fd_sc_hd__clkbuf_4)
    10    0.055987    0.173048    0.298753    5.525767 ^ fanout87/X (sky130_fd_sc_hd__clkbuf_4)
                                                         net87 (net)
                      0.173213    0.004402    5.530169 ^ _0681_/A (sky130_fd_sc_hd__xor2_2)
     3    0.013943    0.207012    0.223576    5.753745 ^ _0681_/X (sky130_fd_sc_hd__xor2_2)
                                                         _0057_ (net)
                      0.207012    0.000882    5.754627 ^ _0682_/B (sky130_fd_sc_hd__xnor2_2)
     2    0.012216    0.201561    0.163761    5.918388 ^ _0682_/Y (sky130_fd_sc_hd__xnor2_2)
                                                         _0058_ (net)
                      0.201561    0.000731    5.919119 ^ _0685_/B (sky130_fd_sc_hd__xor2_2)
     2    0.012683    0.193585    0.220983    6.140102 ^ _0685_/X (sky130_fd_sc_hd__xor2_2)
                                                         _0061_ (net)
                      0.193585    0.000653    6.140755 ^ _0686_/A3 (sky130_fd_sc_hd__a31o_1)
     2    0.012566    0.130095    0.233358    6.374113 ^ _0686_/X (sky130_fd_sc_hd__a31o_1)
                                                         _0062_ (net)
                      0.130095    0.000532    6.374645 ^ _0694_/A (sky130_fd_sc_hd__xor2_2)
     2    0.012021    0.186554    0.201579    6.576225 ^ _0694_/X (sky130_fd_sc_hd__xor2_2)
                                                         _0070_ (net)
                      0.186554    0.000642    6.576866 ^ _0852_/B (sky130_fd_sc_hd__xor2_2)
     2    0.014139    0.209115    0.230946    6.807812 ^ _0852_/X (sky130_fd_sc_hd__xor2_2)
                                                         _0228_ (net)
                      0.209189    0.000890    6.808702 ^ _0854_/B (sky130_fd_sc_hd__xor2_2)
     2    0.015584    0.224725    0.244899    7.053601 ^ _0854_/X (sky130_fd_sc_hd__xor2_2)
                                                         _0230_ (net)
                      0.224730    0.000855    7.054457 ^ _0855_/B (sky130_fd_sc_hd__xnor2_1)
     3    0.011962    0.295687    0.215639    7.270095 ^ _0855_/Y (sky130_fd_sc_hd__xnor2_1)
                                                         _0231_ (net)
                      0.295690    0.000818    7.270914 ^ _0858_/A (sky130_fd_sc_hd__xnor2_1)
     2    0.008119    0.100562    0.156570    7.427484 v _0858_/Y (sky130_fd_sc_hd__xnor2_1)
                                                         _0234_ (net)
                      0.100562    0.000493    7.427977 v _0863_/A (sky130_fd_sc_hd__nor2_1)
     2    0.013759    0.257120    0.251083    7.679060 ^ _0863_/Y (sky130_fd_sc_hd__nor2_1)
                                                         _0239_ (net)
                      0.257126    0.001043    7.680103 ^ _0869_/A4 (sky130_fd_sc_hd__a41oi_4)
     3    0.012277    0.117057    0.165315    7.845418 v _0869_/Y (sky130_fd_sc_hd__a41oi_4)
                                                         _0245_ (net)
                      0.117059    0.000952    7.846370 v _0902_/A2 (sky130_fd_sc_hd__a211o_1)
     2    0.013535    0.094963    0.368993    8.215363 v _0902_/X (sky130_fd_sc_hd__a211o_1)
                                                         _0278_ (net)
                      0.094972    0.000989    8.216352 v _0912_/A1 (sky130_fd_sc_hd__a21oi_4)
     5    0.022419    0.198158    0.215684    8.432036 ^ _0912_/Y (sky130_fd_sc_hd__a21oi_4)
                                                         _0288_ (net)
                      0.198159    0.000962    8.432999 ^ _0922_/C1 (sky130_fd_sc_hd__a211o_1)
     3    0.009629    0.093902    0.165535    8.598534 ^ _0922_/X (sky130_fd_sc_hd__a211o_1)
                                                         _0298_ (net)
                      0.093905    0.000692    8.599226 ^ _0924_/C_N (sky130_fd_sc_hd__or3b_1)
     2    0.005753    0.081852    0.372159    8.971385 v _0924_/X (sky130_fd_sc_hd__or3b_1)
                                                         _0300_ (net)
                      0.081852    0.000268    8.971653 v _0956_/C_N (sky130_fd_sc_hd__or3b_1)
     1    0.002645    0.043123    0.168962    9.140615 ^ _0956_/X (sky130_fd_sc_hd__or3b_1)
                                                         _0332_ (net)
                      0.043123    0.000122    9.140737 ^ _0957_/A2 (sky130_fd_sc_hd__a211oi_1)
     2    0.008221    0.108792    0.091311    9.232047 v _0957_/Y (sky130_fd_sc_hd__a211oi_1)
                                                         _0333_ (net)
                      0.108836    0.000628    9.232676 v _0960_/B (sky130_fd_sc_hd__or3_1)
     1    0.003662    0.070341    0.367852    9.600528 v _0960_/X (sky130_fd_sc_hd__or3_1)
                                                         _0336_ (net)
                      0.070341    0.000225    9.600753 v fanout60/A (sky130_fd_sc_hd__buf_2)
     7    0.044603    0.109309    0.206884    9.807637 v fanout60/X (sky130_fd_sc_hd__buf_2)
                                                         net60 (net)
                      0.109451    0.002654    9.810290 v fanout59/A (sky130_fd_sc_hd__buf_2)
    10    0.043822    0.107722    0.222868   10.033158 v fanout59/X (sky130_fd_sc_hd__buf_2)
                                                         net59 (net)
                      0.108307    0.006149   10.039308 v _1035_/C (sky130_fd_sc_hd__or4_1)
     4    0.013443    0.144079    0.566620   10.605927 v _1035_/X (sky130_fd_sc_hd__or4_1)
                                                         _0411_ (net)
                      0.144079    0.000622   10.606549 v _1053_/B (sky130_fd_sc_hd__or2_1)
     2    0.005989    0.062452    0.260007   10.866556 v _1053_/X (sky130_fd_sc_hd__or2_1)
                                                         _0428_ (net)
                      0.062453    0.000298   10.866854 v _1213_/A2 (sky130_fd_sc_hd__a311o_1)
     1    0.003024    0.054422    0.311127   11.177980 v _1213_/X (sky130_fd_sc_hd__a311o_1)
                                                         _0557_ (net)
                      0.054422    0.000179   11.178160 v _1214_/C (sky130_fd_sc_hd__or4b_1)
     1    0.010840    0.130488    0.531877   11.710037 v _1214_/X (sky130_fd_sc_hd__or4b_1)
                                                         _0558_ (net)
                      0.130492    0.000886   11.710922 v _1228_/A (sky130_fd_sc_hd__or4_1)
     1    0.003351    0.086919    0.544861   12.255783 v _1228_/X (sky130_fd_sc_hd__or4_1)
                                                         _0572_ (net)
                      0.086919    0.000230   12.256014 v _1253_/A (sky130_fd_sc_hd__nor2_1)
     1    0.009513    0.186123    0.194311   12.450325 ^ _1253_/Y (sky130_fd_sc_hd__nor2_1)
                                                         clk_divider.next_flag (net)
                      0.186126    0.000658   12.450983 ^ _1340_/D (sky130_fd_sc_hd__dfrtp_1)
                                             12.450983   data arrival time

                                 25.000000   25.000000   clock clk (rise edge)
                                  0.000000   25.000000   clock source latency
     1    0.020518    0.098047    0.067669   25.067667 ^ clk (in)
                                                         clk (net)
                      0.098063    0.000000   25.067667 ^ clkbuf_0_clk/A (sky130_fd_sc_hd__clkbuf_16)
     4    0.044039    0.063481    0.163329   25.230997 ^ clkbuf_0_clk/X (sky130_fd_sc_hd__clkbuf_16)
                                                         clknet_0_clk (net)
                      0.063633    0.002618   25.233616 ^ clkbuf_2_3__f_clk/A (sky130_fd_sc_hd__clkbuf_16)
    11    0.034606    0.054934    0.144126   25.377741 ^ clkbuf_2_3__f_clk/X (sky130_fd_sc_hd__clkbuf_16)
                                                         clknet_2_3__leaf_clk (net)
                      0.054957    0.000945   25.378687 ^ _1340_/CLK (sky130_fd_sc_hd__dfrtp_1)
                                 -0.250000   25.128687   clock uncertainty
                                  0.000000   25.128687   clock reconvergence pessimism
                                 -0.090848   25.037840   library setup time
                                             25.037840   data required time
---------------------------------------------------------------------------------------------
                                             25.037840   data required time
                                            -12.450983   data arrival time
---------------------------------------------------------------------------------------------
                                             12.586856   slack (MET)




===========================================================================
report_checks --slack_max -0.01
============================================================================
======================= max_tt_025C_1v80 Corner ===================================

No paths found.


===========================================================================
 report_check_types -max_slew -max_cap -max_fanout -violators
============================================================================
======================= max_tt_025C_1v80 Corner ===================================

max fanout

Pin                                   Limit Fanout  Slack
---------------------------------------------------------
clkbuf_2_3__f_clk/X                      10     11        (VIOLATED)



===========================================================================
report_parasitic_annotation -report_unannotated
============================================================================
Found 3 unannotated drivers.
 clkload0/X
 clkload1/Y
 clkload2/Y
Found 0 partially unannotated drivers.

===========================================================================
max slew violation count 0
max fanout violation count 1
max cap violation count 0
============================================================================

===========================================================================
check_setup -verbose -unconstrained_endpoints -multiple_clock -no_clock -no_input_delay -loops -generated_clocks
===========================================================================
