
===========================================================================
 report_power
============================================================================
======================= max_tt_025C_1v80 Corner ===================================

Group                    Internal    Switching      Leakage        Total
                            Power        Power        Power        Power (Watts)
------------------------------------------------------------------------
Sequential           6.629979e-05 1.049399e-05 4.695168e-10 7.679425e-05  19.2%
Combinational        1.062091e-04 1.509754e-04 2.594723e-09 2.571871e-04  64.3%
Clock                3.926992e-05 2.650198e-05 1.861901e-09 6.577375e-05  16.5%
Macro                0.000000e+00 0.000000e+00 0.000000e+00 0.000000e+00   0.0%
Pad                  0.000000e+00 0.000000e+00 0.000000e+00 0.000000e+00   0.0%
------------------------------------------------------------------------
Total                2.117787e-04 1.879714e-04 4.926134e-09 3.997551e-04 100.0%
                            53.0%        47.0%         0.0%

