
===========================================================================
 report_power
============================================================================
======================= max_tt_025C_1v80 Corner ===================================

Group                    Internal    Switching      Leakage        Total
                            Power        Power        Power        Power (Watts)
------------------------------------------------------------------------
Sequential           5.394995e-04 1.348592e-14 4.361398e-09 5.395038e-04  47.1%
Combinational        7.347731e-06 2.636175e-05 8.622106e-09 3.371810e-05   2.9%
Clock                2.843125e-04 2.881751e-04 6.857726e-09 5.724945e-04  50.0%
Macro                0.000000e+00 0.000000e+00 0.000000e+00 0.000000e+00   0.0%
Pad                  0.000000e+00 0.000000e+00 0.000000e+00 0.000000e+00   0.0%
------------------------------------------------------------------------
Total                8.311598e-04 3.145369e-04 1.984139e-08 1.145717e-03 100.0%
                            72.5%        27.5%         0.0%

