
===========================================================================
report_checks -unconstrained
===========================================================================
======================= nom_tt_025C_1v80 Corner ===================================

Startpoint: nrst (input port clocked by clk)
Endpoint: _1334_ (recovery check against rising-edge clock clk)
Path Group: asynchronous
Path Type: max

Fanout         Cap        Slew       Delay        Time   Description
---------------------------------------------------------------------------------------------
                                  0.000000    0.000000   clock clk (rise edge)
                                  0.000000    0.000000   clock network delay (propagated)
                                  5.000000    5.000000 ^ input external delay
     1    0.003075    0.020917    0.011282    5.011282 ^ nrst (in)
                                                         nrst (net)
                      0.020917    0.000000    5.011282 ^ input2/A (sky130_fd_sc_hd__buf_1)
     3    0.014777    0.178951    0.166545    5.177827 ^ input2/X (sky130_fd_sc_hd__buf_1)
                                                         net2 (net)
                      0.178957    0.000897    5.178724 ^ fanout86/A (sky130_fd_sc_hd__buf_4)
    10    0.064728    0.181409    0.255361    5.434085 ^ fanout86/X (sky130_fd_sc_hd__buf_4)
                                                         net86 (net)
                      0.181419    0.001106    5.435191 ^ fanout85/A (sky130_fd_sc_hd__clkbuf_4)
    10    0.047183    0.149093    0.259649    5.694840 ^ fanout85/X (sky130_fd_sc_hd__clkbuf_4)
                                                         net85 (net)
                      0.149136    0.002432    5.697273 ^ _1334_/RESET_B (sky130_fd_sc_hd__dfrtp_2)
                                              5.697273   data arrival time

                                 25.000000   25.000000   clock clk (rise edge)
                                  0.000000   25.000000   clock source latency
     1    0.020006    0.095740    0.065814   25.065813 ^ clk (in)
                                                         clk (net)
                      0.095746    0.000000   25.065813 ^ clkbuf_0_clk/A (sky130_fd_sc_hd__clkbuf_16)
     4    0.042664    0.062135    0.162089   25.227901 ^ clkbuf_0_clk/X (sky130_fd_sc_hd__clkbuf_16)
                                                         clknet_0_clk (net)
                      0.062167    0.001240   25.229141 ^ clkbuf_2_3__f_clk/A (sky130_fd_sc_hd__clkbuf_16)
    11    0.033207    0.053758    0.142935   25.372076 ^ clkbuf_2_3__f_clk/X (sky130_fd_sc_hd__clkbuf_16)
                                                         clknet_2_3__leaf_clk (net)
                      0.053778    0.001171   25.373247 ^ _1334_/CLK (sky130_fd_sc_hd__dfrtp_2)
                                 -0.250000   25.123249   clock uncertainty
                                  0.000000   25.123249   clock reconvergence pessimism
                                  0.190851   25.314098   library recovery time
                                             25.314098   data required time
---------------------------------------------------------------------------------------------
                                             25.314098   data required time
                                             -5.697273   data arrival time
---------------------------------------------------------------------------------------------
                                             19.616825   slack (MET)


Startpoint: prescaler[9] (input port clocked by clk)
Endpoint: _1340_ (rising edge-triggered flip-flop clocked by clk)
Path Group: clk
Path Type: max

Fanout         Cap        Slew       Delay        Time   Description
---------------------------------------------------------------------------------------------
                                  0.000000    0.000000   clock clk (rise edge)
                                  0.000000    0.000000   clock network delay (propagated)
                                  5.000000    5.000000 ^ input external delay
     1    0.002810    0.019773    0.010353    5.010353 ^ prescaler[9] (in)
                                                         prescaler[9] (net)
                      0.019773    0.000000    5.010353 ^ input16/A (sky130_fd_sc_hd__buf_1)
     2    0.020073    0.239190    0.207685    5.218038 ^ input16/X (sky130_fd_sc_hd__buf_1)
                                                         net16 (net)
                      0.239191    0.000319    5.218357 ^ fanout87/A (sky130_fd_sc_hd__clkbuf_4)
    10    0.054477    0.167927    0.293449    5.511806 ^ fanout87/X (sky130_fd_sc_hd__clkbuf_4)
                                                         net87 (net)
                      0.167964    0.002499    5.514305 ^ _0681_/A (sky130_fd_sc_hd__xor2_2)
     3    0.013826    0.205747    0.222116    5.736421 ^ _0681_/X (sky130_fd_sc_hd__xor2_2)
                                                         _0057_ (net)
                      0.205747    0.000333    5.736754 ^ _0682_/B (sky130_fd_sc_hd__xnor2_2)
     2    0.012111    0.200407    0.163384    5.900138 ^ _0682_/Y (sky130_fd_sc_hd__xnor2_2)
                                                         _0058_ (net)
                      0.200407    0.000310    5.900447 ^ _0685_/B (sky130_fd_sc_hd__xor2_2)
     2    0.012487    0.191509    0.219531    6.119978 ^ _0685_/X (sky130_fd_sc_hd__xor2_2)
                                                         _0061_ (net)
                      0.191509    0.000273    6.120251 ^ _0686_/A3 (sky130_fd_sc_hd__a31o_1)
     2    0.012476    0.129228    0.232536    6.352787 ^ _0686_/X (sky130_fd_sc_hd__a31o_1)
                                                         _0062_ (net)
                      0.129228    0.000229    6.353015 ^ _0694_/A (sky130_fd_sc_hd__xor2_2)
     2    0.011856    0.184811    0.200334    6.553350 ^ _0694_/X (sky130_fd_sc_hd__xor2_2)
                                                         _0070_ (net)
                      0.184811    0.000250    6.553600 ^ _0852_/B (sky130_fd_sc_hd__xor2_2)
     2    0.013884    0.206393    0.228936    6.782536 ^ _0852_/X (sky130_fd_sc_hd__xor2_2)
                                                         _0228_ (net)
                      0.206393    0.000428    6.782964 ^ _0854_/B (sky130_fd_sc_hd__xor2_2)
     2    0.015470    0.223395    0.243990    7.026953 ^ _0854_/X (sky130_fd_sc_hd__xor2_2)
                                                         _0230_ (net)
                      0.223395    0.000342    7.027295 ^ _0855_/B (sky130_fd_sc_hd__xnor2_1)
     3    0.011805    0.292456    0.214464    7.241759 ^ _0855_/Y (sky130_fd_sc_hd__xnor2_1)
                                                         _0231_ (net)
                      0.292456    0.000353    7.242113 ^ _0858_/A (sky130_fd_sc_hd__xnor2_1)
     2    0.007971    0.099170    0.155255    7.397367 v _0858_/Y (sky130_fd_sc_hd__xnor2_1)
                                                         _0234_ (net)
                      0.099170    0.000187    7.397554 v _0863_/A (sky130_fd_sc_hd__nor2_1)
     2    0.013496    0.252610    0.247721    7.645275 ^ _0863_/Y (sky130_fd_sc_hd__nor2_1)
                                                         _0239_ (net)
                      0.252611    0.000465    7.645740 ^ _0869_/A4 (sky130_fd_sc_hd__a41oi_4)
     3    0.011756    0.115103    0.163111    7.808851 v _0869_/Y (sky130_fd_sc_hd__a41oi_4)
                                                         _0245_ (net)
                      0.115104    0.000493    7.809344 v _0902_/A2 (sky130_fd_sc_hd__a211o_1)
     2    0.013250    0.093589    0.367303    8.176646 v _0902_/X (sky130_fd_sc_hd__a211o_1)
                                                         _0278_ (net)
                      0.093590    0.000451    8.177097 v _0912_/A1 (sky130_fd_sc_hd__a21oi_4)
     5    0.022088    0.196133    0.213900    8.390998 ^ _0912_/Y (sky130_fd_sc_hd__a21oi_4)
                                                         _0288_ (net)
                      0.196133    0.000361    8.391359 ^ _0922_/C1 (sky130_fd_sc_hd__a211o_1)
     3    0.009252    0.090865    0.163109    8.554467 ^ _0922_/X (sky130_fd_sc_hd__a211o_1)
                                                         _0298_ (net)
                      0.090865    0.000307    8.554775 ^ _0924_/C_N (sky130_fd_sc_hd__or3b_1)
     2    0.005568    0.080730    0.370108    8.924883 v _0924_/X (sky130_fd_sc_hd__or3b_1)
                                                         _0300_ (net)
                      0.080786    0.000128    8.925011 v _0956_/C_N (sky130_fd_sc_hd__or3b_1)
     1    0.002635    0.042591    0.168448    9.093459 ^ _0956_/X (sky130_fd_sc_hd__or3b_1)
                                                         _0332_ (net)
                      0.042591    0.000051    9.093510 ^ _0957_/A2 (sky130_fd_sc_hd__a211oi_1)
     2    0.007952    0.105520    0.089866    9.183375 v _0957_/Y (sky130_fd_sc_hd__a211oi_1)
                                                         _0333_ (net)
                      0.105520    0.000261    9.183637 v _0960_/B (sky130_fd_sc_hd__or3_1)
     1    0.003502    0.069596    0.365528    9.549165 v _0960_/X (sky130_fd_sc_hd__or3_1)
                                                         _0336_ (net)
                      0.069596    0.000107    9.549271 v fanout60/A (sky130_fd_sc_hd__buf_2)
     7    0.041729    0.102505    0.203262    9.752533 v fanout60/X (sky130_fd_sc_hd__buf_2)
                                                         net60 (net)
                      0.102518    0.001203    9.753736 v fanout59/A (sky130_fd_sc_hd__buf_2)
    10    0.041255    0.101519    0.217271    9.971006 v fanout59/X (sky130_fd_sc_hd__buf_2)
                                                         net59 (net)
                      0.101624    0.002919    9.973926 v _1035_/C (sky130_fd_sc_hd__or4_1)
     4    0.012955    0.141556    0.561703   10.535628 v _1035_/X (sky130_fd_sc_hd__or4_1)
                                                         _0411_ (net)
                      0.141556    0.000246   10.535874 v _1053_/B (sky130_fd_sc_hd__or2_1)
     2    0.005701    0.061021    0.257369   10.793244 v _1053_/X (sky130_fd_sc_hd__or2_1)
                                                         _0428_ (net)
                      0.061021    0.000123   10.793367 v _1213_/A2 (sky130_fd_sc_hd__a311o_1)
     1    0.002824    0.053107    0.308804   11.102171 v _1213_/X (sky130_fd_sc_hd__a311o_1)
                                                         _0557_ (net)
                      0.053107    0.000090   11.102261 v _1214_/C (sky130_fd_sc_hd__or4b_1)
     1    0.010007    0.126616    0.526439   11.628700 v _1214_/X (sky130_fd_sc_hd__or4b_1)
                                                         _0558_ (net)
                      0.126616    0.000522   11.629222 v _1228_/A (sky130_fd_sc_hd__or4_1)
     1    0.003210    0.085659    0.541828   12.171050 v _1228_/X (sky130_fd_sc_hd__or4_1)
                                                         _0572_ (net)
                      0.085659    0.000099   12.171150 v _1253_/A (sky130_fd_sc_hd__nor2_1)
     1    0.009048    0.178349    0.188225   12.359375 ^ _1253_/Y (sky130_fd_sc_hd__nor2_1)
                                                         clk_divider.next_flag (net)
                      0.178351    0.000411   12.359786 ^ _1340_/D (sky130_fd_sc_hd__dfrtp_1)
                                             12.359786   data arrival time

                                 25.000000   25.000000   clock clk (rise edge)
                                  0.000000   25.000000   clock source latency
     1    0.020006    0.095740    0.065814   25.065813 ^ clk (in)
                                                         clk (net)
                      0.095746    0.000000   25.065813 ^ clkbuf_0_clk/A (sky130_fd_sc_hd__clkbuf_16)
     4    0.042664    0.062135    0.162089   25.227901 ^ clkbuf_0_clk/X (sky130_fd_sc_hd__clkbuf_16)
                                                         clknet_0_clk (net)
                      0.062167    0.001240   25.229141 ^ clkbuf_2_3__f_clk/A (sky130_fd_sc_hd__clkbuf_16)
    11    0.033207    0.053758    0.142935   25.372076 ^ clkbuf_2_3__f_clk/X (sky130_fd_sc_hd__clkbuf_16)
                                                         clknet_2_3__leaf_clk (net)
                      0.053759    0.000414   25.372490 ^ _1340_/CLK (sky130_fd_sc_hd__dfrtp_1)
                                 -0.250000   25.122492   clock uncertainty
                                  0.000000   25.122492   clock reconvergence pessimism
                                 -0.089245   25.033245   library setup time
                                             25.033245   data required time
---------------------------------------------------------------------------------------------
                                             25.033245   data required time
                                            -12.359786   data arrival time
---------------------------------------------------------------------------------------------
                                             12.673459   slack (MET)




===========================================================================
report_checks --slack_max -0.01
============================================================================
======================= nom_tt_025C_1v80 Corner ===================================

No paths found.


===========================================================================
 report_check_types -max_slew -max_cap -max_fanout -violators
============================================================================
======================= nom_tt_025C_1v80 Corner ===================================

max fanout

Pin                                   Limit Fanout  Slack
---------------------------------------------------------
clkbuf_2_3__f_clk/X                      10     11        (VIOLATED)



===========================================================================
report_parasitic_annotation -report_unannotated
============================================================================
Found 3 unannotated drivers.
 clkload0/X
 clkload1/Y
 clkload2/Y
Found 0 partially unannotated drivers.

===========================================================================
max slew violation count 0
max fanout violation count 1
max cap violation count 0
============================================================================

===========================================================================
check_setup -verbose -unconstrained_endpoints -multiple_clock -no_clock -no_input_delay -loops -generated_clocks
===========================================================================
