
===========================================================================
 report_power
============================================================================
======================= nom_tt_025C_1v80 Corner ===================================

Group                    Internal    Switching      Leakage        Total
                            Power        Power        Power        Power (Watts)
------------------------------------------------------------------------
Sequential           6.631431e-05 1.017587e-05 4.695168e-10 7.649066e-05  19.4%
Combinational        1.061774e-04 1.463110e-04 2.594723e-09 2.524910e-04  64.2%
Clock                3.923155e-05 2.536013e-05 1.861901e-09 6.459355e-05  16.4%
Macro                0.000000e+00 0.000000e+00 0.000000e+00 0.000000e+00   0.0%
Pad                  0.000000e+00 0.000000e+00 0.000000e+00 0.000000e+00   0.0%
------------------------------------------------------------------------
Total                2.117232e-04 1.818470e-04 4.926134e-09 3.935751e-04 100.0%
                            53.8%        46.2%         0.0%

