
===========================================================================
report_checks -unconstrained
===========================================================================
======================= nom_ff_n40C_1v95 Corner ===================================

Startpoint: _3360_ (rising edge-triggered flip-flop clocked by hz100)
Endpoint: _3334_ (recovery check against rising-edge clock hz100)
Path Group: asynchronous
Path Type: max

Fanout         Cap        Slew       Delay        Time   Description
---------------------------------------------------------------------------------------------
                                  0.000000    0.000000   clock hz100 (rise edge)
                                  0.000000    0.000000   clock source latency
     1    0.032750    0.114230    0.080403    0.080403 ^ hz100 (in)
                                                         hz100 (net)
                      0.114468    0.000000    0.080403 ^ clkbuf_0_hz100/A (sky130_fd_sc_hd__clkbuf_16)
     4    0.079026    0.073994    0.139905    0.220308 ^ clkbuf_0_hz100/X (sky130_fd_sc_hd__clkbuf_16)
                                                         clknet_0_hz100 (net)
                      0.074270    0.003268    0.223575 ^ clkbuf_2_2__f_hz100/A (sky130_fd_sc_hd__clkbuf_16)
    10    0.089944    0.081732    0.134907    0.358482 ^ clkbuf_2_2__f_hz100/X (sky130_fd_sc_hd__clkbuf_16)
                                                         clknet_2_2__leaf_hz100 (net)
                      0.082155    0.004683    0.363165 ^ clkbuf_leaf_24_hz100/A (sky130_fd_sc_hd__clkbuf_8)
    17    0.056442    0.081470    0.135082    0.498247 ^ clkbuf_leaf_24_hz100/X (sky130_fd_sc_hd__clkbuf_8)
                                                         clknet_leaf_24_hz100 (net)
                      0.081487    0.001168    0.499415 ^ _3360_/CLK (sky130_fd_sc_hd__dfxtp_1)
     2    0.021285    0.153832    0.286724    0.786139 ^ _3360_/Q (sky130_fd_sc_hd__dfxtp_1)
                                                         matmult_inst.addr[1] (net)
                      0.153832    0.000540    0.786679 ^ fanout262/A (sky130_fd_sc_hd__buf_2)
     8    0.047962    0.176795    0.195775    0.982454 ^ fanout262/X (sky130_fd_sc_hd__buf_2)
                                                         net262 (net)
                      0.176803    0.001000    0.983455 ^ fanout261/A (sky130_fd_sc_hd__clkbuf_2)
    10    0.038481    0.162368    0.183521    1.166976 ^ fanout261/X (sky130_fd_sc_hd__clkbuf_2)
                                                         net261 (net)
                      0.162410    0.002162    1.169138 ^ _1616_/B (sky130_fd_sc_hd__and2_1)
     2    0.010131    0.082165    0.128765    1.297903 ^ _1616_/X (sky130_fd_sc_hd__and2_1)
                                                         _0535_ (net)
                      0.082165    0.000223    1.298126 ^ fanout198/A (sky130_fd_sc_hd__buf_2)
    10    0.051259    0.188167    0.190604    1.488730 ^ fanout198/X (sky130_fd_sc_hd__buf_2)
                                                         net198 (net)
                      0.188317    0.004398    1.493128 ^ _1627_/A (sky130_fd_sc_hd__or4b_4)
     4    0.056636    0.127943    0.185478    1.678606 ^ _1627_/X (sky130_fd_sc_hd__or4b_4)
                                                         _0546_ (net)
                      0.128056    0.003139    1.681745 ^ fanout133/A (sky130_fd_sc_hd__dlymetal6s2s_1)
     7    0.025564    0.204040    0.194986    1.876731 ^ fanout133/X (sky130_fd_sc_hd__dlymetal6s2s_1)
                                                         net133 (net)
                      0.204045    0.000840    1.877571 ^ fanout132/A (sky130_fd_sc_hd__clkbuf_2)
     7    0.025978    0.112624    0.152766    2.030337 ^ fanout132/X (sky130_fd_sc_hd__clkbuf_2)
                                                         net132 (net)
                      0.112624    0.000373    2.030710 ^ fanout131/A (sky130_fd_sc_hd__clkbuf_2)
    10    0.030496    0.130110    0.154551    2.185261 ^ fanout131/X (sky130_fd_sc_hd__clkbuf_2)
                                                         net131 (net)
                      0.130148    0.001809    2.187070 ^ _3216_/A (sky130_fd_sc_hd__and2_1)
     1    0.004714    0.046218    0.097461    2.284531 ^ _3216_/X (sky130_fd_sc_hd__and2_1)
                                                         _0113_ (net)
                      0.046218    0.000069    2.284600 ^ _3334_/SET_B (sky130_fd_sc_hd__dfstp_1)
                                              2.284600   data arrival time

                                 25.000000   25.000000   clock hz100 (rise edge)
                                  0.000000   25.000000   clock source latency
     1    0.032750    0.114230    0.080403   25.080402 ^ hz100 (in)
                                                         hz100 (net)
                      0.114468    0.000000   25.080402 ^ clkbuf_0_hz100/A (sky130_fd_sc_hd__clkbuf_16)
     4    0.079026    0.073994    0.139904   25.220306 ^ clkbuf_0_hz100/X (sky130_fd_sc_hd__clkbuf_16)
                                                         clknet_0_hz100 (net)
                      0.074286    0.003382   25.223688 ^ clkbuf_2_3__f_hz100/A (sky130_fd_sc_hd__clkbuf_16)
    10    0.089898    0.081638    0.135529   25.359219 ^ clkbuf_2_3__f_hz100/X (sky130_fd_sc_hd__clkbuf_16)
                                                         clknet_2_3__leaf_hz100 (net)
                      0.081852    0.002995   25.362213 ^ clkbuf_leaf_9_hz100/A (sky130_fd_sc_hd__clkbuf_8)
    11    0.049481    0.072975    0.128676   25.490889 ^ clkbuf_leaf_9_hz100/X (sky130_fd_sc_hd__clkbuf_8)
                                                         clknet_leaf_9_hz100 (net)
                      0.072997    0.001217   25.492105 ^ _3334_/CLK (sky130_fd_sc_hd__dfstp_1)
                                 -0.250000   25.242105   clock uncertainty
                                  0.000000   25.242105   clock reconvergence pessimism
                                  0.091278   25.333384   library recovery time
                                             25.333384   data required time
---------------------------------------------------------------------------------------------
                                             25.333384   data required time
                                             -2.284600   data arrival time
---------------------------------------------------------------------------------------------
                                             23.048784   slack (MET)


Startpoint: _3670_ (rising edge-triggered flip-flop clocked by hz100)
Endpoint: ready (output port clocked by hz100)
Path Group: hz100
Path Type: max

Fanout         Cap        Slew       Delay        Time   Description
---------------------------------------------------------------------------------------------
                                  0.000000    0.000000   clock hz100 (rise edge)
                                  0.000000    0.000000   clock source latency
     1    0.032750    0.114230    0.080403    0.080403 ^ hz100 (in)
                                                         hz100 (net)
                      0.114468    0.000000    0.080403 ^ clkbuf_0_hz100/A (sky130_fd_sc_hd__clkbuf_16)
     4    0.079026    0.073994    0.139905    0.220308 ^ clkbuf_0_hz100/X (sky130_fd_sc_hd__clkbuf_16)
                                                         clknet_0_hz100 (net)
                      0.074228    0.002962    0.223270 ^ clkbuf_2_0__f_hz100/A (sky130_fd_sc_hd__clkbuf_16)
     7    0.077801    0.072482    0.129352    0.352622 ^ clkbuf_2_0__f_hz100/X (sky130_fd_sc_hd__clkbuf_16)
                                                         clknet_2_0__leaf_hz100 (net)
                      0.072517    0.001478    0.354100 ^ clkbuf_leaf_28_hz100/A (sky130_fd_sc_hd__clkbuf_8)
    12    0.051407    0.075265    0.128010    0.482110 ^ clkbuf_leaf_28_hz100/X (sky130_fd_sc_hd__clkbuf_8)
                                                         clknet_leaf_28_hz100 (net)
                      0.075273    0.000834    0.482943 ^ _3670_/CLK (sky130_fd_sc_hd__dfxtp_1)
     5    0.018525    0.064843    0.237507    0.720450 v _3670_/Q (sky130_fd_sc_hd__dfxtp_1)
                                                         matmult_inst.fsm_inst.state[2] (net)
                      0.064844    0.000273    0.720723 v fanout199/A (sky130_fd_sc_hd__clkbuf_2)
    10    0.029744    0.080694    0.132697    0.853420 v fanout199/X (sky130_fd_sc_hd__clkbuf_2)
                                                         net199 (net)
                      0.080698    0.000590    0.854009 v _1617_/A (sky130_fd_sc_hd__nor2_1)
     2    0.007372    0.106826    0.121516    0.975525 ^ _1617_/Y (sky130_fd_sc_hd__nor2_1)
                                                         _0536_ (net)
                      0.106861    0.000182    0.975708 ^ _1619_/B (sky130_fd_sc_hd__nand2_1)
     6    0.017373    0.097334    0.091766    1.067473 v _1619_/Y (sky130_fd_sc_hd__nand2_1)
                                                         _0538_ (net)
                      0.097337    0.000444    1.067918 v _1621_/A (sky130_fd_sc_hd__nor2_1)
     2    0.011473    0.155779    0.162495    1.230413 ^ _1621_/Y (sky130_fd_sc_hd__nor2_1)
                                                         _0540_ (net)
                      0.155779    0.000209    1.230622 ^ wire156/A (sky130_fd_sc_hd__buf_1)
     3    0.012764    0.116232    0.119261    1.349883 ^ wire156/X (sky130_fd_sc_hd__buf_1)
                                                         net156 (net)
                      0.116234    0.000411    1.350294 ^ _1955_/C (sky130_fd_sc_hd__and4_1)
     1    0.006213    0.059217    0.136155    1.486449 ^ _1955_/X (sky130_fd_sc_hd__and4_1)
                                                         net5 (net)
                      0.059217    0.000244    1.486694 ^ output5/A (sky130_fd_sc_hd__buf_2)
     1    0.034393    0.128605    0.145574    1.632268 ^ output5/X (sky130_fd_sc_hd__buf_2)
                                                         ready (net)
                      0.128612    0.000748    1.633015 ^ ready (out)
                                              1.633015   data arrival time

                                 25.000000   25.000000   clock hz100 (rise edge)
                                  0.000000   25.000000   clock network delay (propagated)
                                 -0.250000   24.750000   clock uncertainty
                                  0.000000   24.750000   clock reconvergence pessimism
                                 -5.000000   19.750000   output external delay
                                             19.750000   data required time
---------------------------------------------------------------------------------------------
                                             19.750000   data required time
                                             -1.633015   data arrival time
---------------------------------------------------------------------------------------------
                                             18.116983   slack (MET)




===========================================================================
report_checks --slack_max -0.01
============================================================================
======================= nom_ff_n40C_1v95 Corner ===================================

No paths found.


===========================================================================
 report_check_types -max_slew -max_cap -max_fanout -violators
============================================================================
======================= nom_ff_n40C_1v95 Corner ===================================

max fanout

Pin                                   Limit Fanout  Slack
---------------------------------------------------------
clkbuf_leaf_18_hz100/X                   10     21    -11 (VIOLATED)
clkbuf_leaf_26_hz100/X                   10     21    -11 (VIOLATED)
clkbuf_leaf_17_hz100/X                   10     19     -9 (VIOLATED)
clkbuf_leaf_25_hz100/X                   10     19     -9 (VIOLATED)
clkbuf_leaf_7_hz100/X                    10     19     -9 (VIOLATED)
clkbuf_leaf_8_hz100/X                    10     19     -9 (VIOLATED)
clkbuf_leaf_1_hz100/X                    10     18     -8 (VIOLATED)
clkbuf_leaf_2_hz100/X                    10     18     -8 (VIOLATED)
clkbuf_leaf_24_hz100/X                   10     17     -7 (VIOLATED)
clkbuf_leaf_29_hz100/X                   10     17     -7 (VIOLATED)
clkbuf_leaf_10_hz100/X                   10     16     -6 (VIOLATED)
clkbuf_leaf_12_hz100/X                   10     16     -6 (VIOLATED)
clkbuf_leaf_16_hz100/X                   10     16     -6 (VIOLATED)
clkbuf_leaf_21_hz100/X                   10     16     -6 (VIOLATED)
clkbuf_leaf_22_hz100/X                   10     15     -5 (VIOLATED)
clkbuf_leaf_6_hz100/X                    10     15     -5 (VIOLATED)
clkbuf_leaf_13_hz100/X                   10     14     -4 (VIOLATED)
clkbuf_leaf_23_hz100/X                   10     14     -4 (VIOLATED)
clkbuf_leaf_14_hz100/X                   10     12     -2 (VIOLATED)
clkbuf_leaf_15_hz100/X                   10     12     -2 (VIOLATED)
clkbuf_leaf_20_hz100/X                   10     12     -2 (VIOLATED)
clkbuf_leaf_28_hz100/X                   10     12     -2 (VIOLATED)
clkbuf_leaf_27_hz100/X                   10     11        (VIOLATED)
clkbuf_leaf_9_hz100/X                    10     11        (VIOLATED)
fanout116/X                              10     11        (VIOLATED)



===========================================================================
report_parasitic_annotation -report_unannotated
============================================================================
Found 31 unannotated drivers.
 _3270__294/LO
 clkload0/Y
 clkload1/Y
 clkload10/Y
 clkload11/Y
 clkload12/Y
 clkload13/Y
 clkload14/Y
 clkload15/Y
 clkload16/Y
 clkload17/Y
 clkload18/Y
 clkload19/Y
 clkload2/X
 clkload20/Y
 clkload21/X
 clkload22/Y
 clkload23/Y
 clkload24/Y
 clkload25/Y
 clkload26/Y
 clkload27/Y
 clkload28/Y
 clkload29/Y
 clkload3/Y
 clkload4/Y
 clkload5/Y
 clkload6/Y
 clkload7/Y
 clkload8/Y
 clkload9/Y
Found 0 partially unannotated drivers.

===========================================================================
max slew violation count 0
max fanout violation count 25
max cap violation count 0
============================================================================

===========================================================================
check_setup -verbose -unconstrained_endpoints -multiple_clock -no_clock -no_input_delay -loops -generated_clocks
===========================================================================
Warning: There are 38 unclocked register/latch pins.
  _3251_/CLK
  _3270_/CLK
  _3271_/CLK
  _3272_/CLK
  _3273_/CLK
  _3274_/CLK
  _3275_/CLK
  _3276_/CLK
  _3277_/CLK
  _3278_/CLK
  _3279_/CLK
  _3280_/CLK
  _3281_/CLK
  _3282_/CLK
  _3283_/CLK
  _3284_/CLK
  _3285_/CLK
  _3286_/CLK
  _3316_/CLK
  _3317_/CLK
  _3318_/CLK
  _3319_/CLK
  _3320_/CLK
  _3321_/CLK
  _3322_/CLK
  _3324_/CLK
  _3326_/CLK
  _3327_/CLK
  _3328_/CLK
  _3329_/CLK
  _3330_/CLK
  _3331_/CLK
  _3332_/CLK
  _3333_/CLK
  _3335_/CLK
  _3336_/CLK
  _3337_/CLK
  _3338_/CLK
Warning: There are 47 unconstrained endpoints.
  _3243_/D
  _3244_/D
  _3245_/D
  _3246_/D
  _3247_/D
  _3248_/D
  _3249_/D
  _3250_/D
  _3251_/D
  _3270_/D
  _3271_/D
  _3272_/D
  _3273_/D
  _3274_/D
  _3275_/D
  _3276_/D
  _3277_/D
  _3278_/D
  _3279_/D
  _3280_/D
  _3281_/D
  _3282_/D
  _3283_/D
  _3284_/D
  _3285_/D
  _3286_/D
  _3315_/D
  _3316_/D
  _3317_/D
  _3318_/D
  _3319_/D
  _3320_/D
  _3321_/D
  _3322_/D
  _3324_/D
  _3326_/D
  _3327_/D
  _3328_/D
  _3329_/D
  _3330_/D
  _3331_/D
  _3332_/D
  _3333_/D
  _3335_/D
  _3336_/D
  _3337_/D
  _3338_/D
