Clock: hz100
Sources: hz100 
Generated: no
Virtual: yes
Propagated: no
Period: 25.000000

===========================================================================
report_clock_properties
============================================================================
Clock                   Period          Waveform
----------------------------------------------------
hz100                25.000000    0.000000 12.500000

===========================================================================
report_clock_latency
============================================================================
Clock hz100
rise -> rise
    min     max
0.000000 0.000000 source latency
0.466736         network latency _3404_/CLK
        5.579455 network latency _3322_/CLK
---------------
0.466736 5.579455 latency
        5.112719 skew

rise -> fall
    min     max
0.000000 0.000000 source latency
5.228534         network latency _3282_/CLK
        5.667800 network latency _3322_/CLK
---------------
5.228534 5.667800 latency
        0.439266 skew

fall -> fall
    min     max
0.000000 0.000000 source latency
0.411372         network latency _3404_/CLK
        0.438811 network latency _3310_/CLK
---------------
0.411372 0.438811 latency
        0.027438 skew



===========================================================================
report_clock_min_period
============================================================================
hz100 period_min = 3.07 fmax = 325.26
