
===========================================================================
 report_power
============================================================================
======================= nom_ff_n40C_1v95 Corner ===================================

Group                    Internal    Switching      Leakage        Total
                            Power        Power        Power        Power (Watts)
------------------------------------------------------------------------
Sequential           7.853120e-04 9.043964e-06 6.658853e-09 7.943626e-04  57.0%
Combinational        1.591498e-05 8.036550e-06 2.155935e-08 2.397309e-05   1.7%
Clock                2.571473e-04 3.181520e-04 6.901829e-09 5.753062e-04  41.3%
Macro                0.000000e+00 0.000000e+00 0.000000e+00 0.000000e+00   0.0%
Pad                  0.000000e+00 0.000000e+00 0.000000e+00 0.000000e+00   0.0%
------------------------------------------------------------------------
Total                1.058374e-03 3.352325e-04 3.511983e-08 1.393642e-03 100.0%
                            75.9%        24.1%         0.0%

