
===========================================================================
report_checks -unconstrained
===========================================================================
======================= max_tt_025C_1v80 Corner ===================================

Startpoint: nrst (input port clocked by clk)
Endpoint: _2715_ (recovery check against rising-edge clock clk)
Path Group: asynchronous
Path Type: max

Fanout         Cap        Slew       Delay        Time   Description
---------------------------------------------------------------------------------------------
                                  0.000000    0.000000   clock clk (rise edge)
                                  0.000000    0.000000   clock network delay (propagated)
                                 20.000000   20.000000 ^ input external delay
     1    0.002842    0.019910    0.010505   20.010506 ^ nrst (in)
                                                         nrst (net)
                      0.019911    0.000000   20.010506 ^ input9/A (sky130_fd_sc_hd__clkbuf_2)
     4    0.032510    0.179263    0.190347   20.200853 ^ input9/X (sky130_fd_sc_hd__clkbuf_2)
                                                         net9 (net)
                      0.179336    0.002983   20.203836 ^ fanout140/A (sky130_fd_sc_hd__buf_2)
     5    0.049565    0.242843    0.288619   20.492455 ^ fanout140/X (sky130_fd_sc_hd__buf_2)
                                                         net140 (net)
                      0.242851    0.001188   20.493643 ^ fanout133/A (sky130_fd_sc_hd__buf_2)
     5    0.041738    0.206036    0.280332   20.773975 ^ fanout133/X (sky130_fd_sc_hd__buf_2)
                                                         net133 (net)
                      0.206081    0.002553   20.776527 ^ fanout132/A (sky130_fd_sc_hd__clkbuf_4)
    10    0.052623    0.163340    0.277630   21.054157 ^ fanout132/X (sky130_fd_sc_hd__clkbuf_4)
                                                         net132 (net)
                      0.163514    0.004366   21.058525 ^ fanout131/A (sky130_fd_sc_hd__clkbuf_4)
    10    0.049203    0.154218    0.256216   21.314741 ^ fanout131/X (sky130_fd_sc_hd__clkbuf_4)
                                                         net131 (net)
                      0.154478    0.004604   21.319345 ^ _2715_/RESET_B (sky130_fd_sc_hd__dfrtp_2)
                                             21.319345   data arrival time

                                100.000000  100.000000   clock clk (rise edge)
                                  0.000000  100.000000   clock source latency
     1    0.038414    0.176802    0.125027  100.125023 ^ clk (in)
                                                         clk (net)
                      0.176970    0.000000  100.125023 ^ clkbuf_0_clk/A (sky130_fd_sc_hd__clkbuf_16)
    16    0.169849    0.181756    0.273332  100.398354 ^ clkbuf_0_clk/X (sky130_fd_sc_hd__clkbuf_16)
                                                         clknet_0_clk (net)
                      0.182750    0.010864  100.409218 ^ clkbuf_4_3_0_clk/A (sky130_fd_sc_hd__clkbuf_8)
     8    0.045259    0.090946    0.210008  100.619225 ^ clkbuf_4_3_0_clk/X (sky130_fd_sc_hd__clkbuf_8)
                                                         clknet_4_3_0_clk (net)
                      0.090979    0.001641  100.620872 ^ _2715_/CLK (sky130_fd_sc_hd__dfrtp_2)
                                 -0.250000  100.370872   clock uncertainty
                                  0.000000  100.370872   clock reconvergence pessimism
                                  0.200885  100.571754   library recovery time
                                            100.571754   data required time
---------------------------------------------------------------------------------------------
                                            100.571754   data required time
                                            -21.319345   data arrival time
---------------------------------------------------------------------------------------------
                                             79.252411   slack (MET)


Startpoint: clk (clock source 'clk')
Endpoint: gpio[24] (output port clocked by clk)
Path Group: clk
Path Type: max

Fanout         Cap        Slew       Delay        Time   Description
---------------------------------------------------------------------------------------------
                                 50.000000   50.000000   clock clk (fall edge)
                                  0.000000   50.000000   clock source latency
     1    0.037420    0.084452    0.061384   50.061382 v clk (in)
                                                         clk (net)
                      0.084772    0.000000   50.061382 v clkbuf_0_clk/A (sky130_fd_sc_hd__clkbuf_16)
    16    0.162169    0.114455    0.233133   50.294514 v clkbuf_0_clk/X (sky130_fd_sc_hd__clkbuf_16)
                                                         clknet_0_clk (net)
                      0.115967    0.010434   50.304951 v clkbuf_4_8_0_clk/A (sky130_fd_sc_hd__clkbuf_8)
     8    0.038031    0.056325    0.193662   50.498611 v clkbuf_4_8_0_clk/X (sky130_fd_sc_hd__clkbuf_8)
                                                         clknet_4_8_0_clk (net)
                      0.056511    0.002757   50.501369 v _2272_/A (sky130_fd_sc_hd__and2_2)
     1    0.034441    0.104957    0.244409   50.745777 v _2272_/X (sky130_fd_sc_hd__and2_2)
                                                         gpio[24] (net)
     0    0.034441    0.104984    0.001613   50.747391 v gpio[24] (inout)
                                                         gpio[24] (net)
                                             50.747391   data arrival time

                                100.000000  100.000000   clock clk (rise edge)
                                  0.000000  100.000000   clock network delay (propagated)
                                 -0.250000   99.750000   clock uncertainty
                                  0.000000   99.750000   clock reconvergence pessimism
                                -20.000000   79.750000   output external delay
                                             79.750000   data required time
---------------------------------------------------------------------------------------------
                                             79.750000   data required time
                                            -50.747391   data arrival time
---------------------------------------------------------------------------------------------
                                             29.002607   slack (MET)




===========================================================================
report_checks --slack_max -0.01
============================================================================
======================= max_tt_025C_1v80 Corner ===================================

No paths found.


===========================================================================
 report_check_types -max_slew -max_cap -max_fanout -violators
============================================================================
======================= max_tt_025C_1v80 Corner ===================================

max fanout

Pin                                   Limit Fanout  Slack
---------------------------------------------------------
clkbuf_0_clk/X                           10     16     -6 (VIOLATED)
clkbuf_4_7_0_clk/X                       10     15     -5 (VIOLATED)
clkbuf_4_4_0_clk/X                       10     14     -4 (VIOLATED)
clkbuf_4_2_0_clk/X                       10     13     -3 (VIOLATED)
clkbuf_4_6_0_clk/X                       10     11        (VIOLATED)



===========================================================================
report_parasitic_annotation -report_unannotated
============================================================================
Found 17 unannotated drivers.
 cs
 gpio[25]
 clkload0/Y
 clkload1/Y
 clkload10/Y
 clkload11/Y
 clkload12/Y
 clkload13/Y
 clkload14/Y
 clkload2/X
 clkload3/Y
 clkload4/Y
 clkload5/Y
 clkload6/X
 clkload7/Y
 clkload8/Y
 clkload9/Y
Found 0 partially unannotated drivers.

===========================================================================
max slew violation count 0
max fanout violation count 5
max cap violation count 0
============================================================================

===========================================================================
check_setup -verbose -unconstrained_endpoints -multiple_clock -no_clock -no_input_delay -loops -generated_clocks
===========================================================================
Warning: There are 6 unconstrained endpoints.
  gpio[16]
  gpio[17]
  gpio[18]
  gpio[19]
  gpio[20]
  gpio[25]
