
===========================================================================
 report_power
============================================================================
======================= max_tt_025C_1v80 Corner ===================================

Group                    Internal    Switching      Leakage        Total
                            Power        Power        Power        Power (Watts)
------------------------------------------------------------------------
Sequential           2.101271e-04 1.981308e-06 1.664033e-09 2.121101e-04  49.1%
Combinational        4.405211e-06 1.167843e-05 6.412044e-09 1.609005e-05   3.7%
Clock                8.053170e-05 1.231380e-04 3.021727e-09 2.036728e-04  47.2%
Macro                0.000000e+00 0.000000e+00 0.000000e+00 0.000000e+00   0.0%
Pad                  0.000000e+00 0.000000e+00 0.000000e+00 0.000000e+00   0.0%
------------------------------------------------------------------------
Total                2.950640e-04 1.367978e-04 1.109780e-08 4.318729e-04 100.0%
                            68.3%        31.7%         0.0%

