
===========================================================================
 report_power
============================================================================
======================= max_tt_025C_1v80 Corner ===================================

Group                    Internal    Switching      Leakage        Total
                            Power        Power        Power        Power (Watts)
------------------------------------------------------------------------
Sequential           5.252885e-05 4.655167e-07 1.655662e-09 5.299602e-05  48.5%
Combinational        1.109924e-06 2.833115e-06 6.285603e-09 3.949324e-06   3.6%
Clock                2.276323e-05 2.948135e-05 3.870561e-09 5.224845e-05  47.8%
Macro                0.000000e+00 0.000000e+00 0.000000e+00 0.000000e+00   0.0%
Pad                  0.000000e+00 0.000000e+00 0.000000e+00 0.000000e+00   0.0%
------------------------------------------------------------------------
Total                7.640203e-05 3.277998e-05 1.181180e-08 1.091938e-04 100.0%
                            70.0%        30.0%         0.0%

