
===========================================================================
report_checks -unconstrained
===========================================================================
======================= nom_tt_025C_1v80 Corner ===================================

Startpoint: _3360_ (rising edge-triggered flip-flop clocked by hz100)
Endpoint: _3334_ (recovery check against rising-edge clock hz100)
Path Group: asynchronous
Path Type: max

Fanout         Cap        Slew       Delay        Time   Description
---------------------------------------------------------------------------------------------
                                  0.000000    0.000000   clock hz100 (rise edge)
                                  0.000000    0.000000   clock source latency
     1    0.032681    0.151856    0.107131    0.107131 ^ hz100 (in)
                                                         hz100 (net)
                      0.152033    0.000000    0.107131 ^ clkbuf_0_hz100/A (sky130_fd_sc_hd__clkbuf_16)
     4    0.078750    0.096348    0.206734    0.313864 ^ clkbuf_0_hz100/X (sky130_fd_sc_hd__clkbuf_16)
                                                         clknet_0_hz100 (net)
                      0.096569    0.003258    0.317122 ^ clkbuf_2_2__f_hz100/A (sky130_fd_sc_hd__clkbuf_16)
    10    0.089614    0.106355    0.195962    0.513084 ^ clkbuf_2_2__f_hz100/X (sky130_fd_sc_hd__clkbuf_16)
                                                         clknet_2_2__leaf_hz100 (net)
                      0.106672    0.004673    0.517757 ^ clkbuf_leaf_24_hz100/A (sky130_fd_sc_hd__clkbuf_8)
    17    0.055156    0.106098    0.197493    0.715250 ^ clkbuf_leaf_24_hz100/X (sky130_fd_sc_hd__clkbuf_8)
                                                         clknet_leaf_24_hz100 (net)
                      0.106110    0.001142    0.716392 ^ _3360_/CLK (sky130_fd_sc_hd__dfxtp_1)
     2    0.021177    0.203622    0.441319    1.157711 ^ _3360_/Q (sky130_fd_sc_hd__dfxtp_1)
                                                         matmult_inst.addr[1] (net)
                      0.203622    0.000536    1.158248 ^ fanout262/A (sky130_fd_sc_hd__buf_2)
     8    0.047350    0.232137    0.290688    1.448936 ^ fanout262/X (sky130_fd_sc_hd__buf_2)
                                                         net262 (net)
                      0.232143    0.000988    1.449924 ^ fanout261/A (sky130_fd_sc_hd__clkbuf_2)
    10    0.037590    0.206712    0.275133    1.725057 ^ fanout261/X (sky130_fd_sc_hd__clkbuf_2)
                                                         net261 (net)
                      0.206811    0.002108    1.727165 ^ _1616_/B (sky130_fd_sc_hd__and2_1)
     2    0.010058    0.110446    0.204841    1.932006 ^ _1616_/X (sky130_fd_sc_hd__and2_1)
                                                         _0535_ (net)
                      0.110446    0.000220    1.932227 ^ fanout198/A (sky130_fd_sc_hd__buf_2)
    10    0.050949    0.248754    0.274979    2.207205 ^ fanout198/X (sky130_fd_sc_hd__buf_2)
                                                         net198 (net)
                      0.248866    0.004370    2.211576 ^ _1627_/A (sky130_fd_sc_hd__or4b_4)
     4    0.056337    0.168816    0.289817    2.501393 ^ _1627_/X (sky130_fd_sc_hd__or4b_4)
                                                         _0546_ (net)
                      0.168974    0.003120    2.504512 ^ fanout133/A (sky130_fd_sc_hd__dlymetal6s2s_1)
     7    0.024957    0.261033    0.277105    2.781617 ^ fanout133/X (sky130_fd_sc_hd__dlymetal6s2s_1)
                                                         net133 (net)
                      0.261037    0.000823    2.782440 ^ fanout132/A (sky130_fd_sc_hd__clkbuf_2)
     7    0.025487    0.144387    0.239611    3.022051 ^ fanout132/X (sky130_fd_sc_hd__clkbuf_2)
                                                         net132 (net)
                      0.144387    0.000367    3.022418 ^ fanout131/A (sky130_fd_sc_hd__clkbuf_2)
    10    0.029546    0.164713    0.223273    3.245692 ^ fanout131/X (sky130_fd_sc_hd__clkbuf_2)
                                                         net131 (net)
                      0.164795    0.001751    3.247443 ^ _3216_/A (sky130_fd_sc_hd__and2_1)
     1    0.004629    0.062679    0.159038    3.406481 ^ _3216_/X (sky130_fd_sc_hd__and2_1)
                                                         _0113_ (net)
                      0.062679    0.000067    3.406549 ^ _3334_/SET_B (sky130_fd_sc_hd__dfstp_1)
                                              3.406549   data arrival time

                                 25.000000   25.000000   clock hz100 (rise edge)
                                  0.000000   25.000000   clock source latency
     1    0.032681    0.151856    0.107130   25.107130 ^ hz100 (in)
                                                         hz100 (net)
                      0.152033    0.000000   25.107130 ^ clkbuf_0_hz100/A (sky130_fd_sc_hd__clkbuf_16)
     4    0.078750    0.096348    0.206734   25.313864 ^ clkbuf_0_hz100/X (sky130_fd_sc_hd__clkbuf_16)
                                                         clknet_0_hz100 (net)
                      0.096581    0.003373   25.317238 ^ clkbuf_2_3__f_hz100/A (sky130_fd_sc_hd__clkbuf_16)
    10    0.089568    0.105754    0.196620   25.513857 ^ clkbuf_2_3__f_hz100/X (sky130_fd_sc_hd__clkbuf_16)
                                                         clknet_2_3__leaf_hz100 (net)
                      0.105928    0.002988   25.516844 ^ clkbuf_leaf_9_hz100/A (sky130_fd_sc_hd__clkbuf_8)
    11    0.048607    0.095443    0.189203   25.706047 ^ clkbuf_leaf_9_hz100/X (sky130_fd_sc_hd__clkbuf_8)
                                                         clknet_leaf_9_hz100 (net)
                      0.095458    0.001195   25.707243 ^ _3334_/CLK (sky130_fd_sc_hd__dfstp_1)
                                 -0.250000   25.457245   clock uncertainty
                                  0.000000   25.457245   clock reconvergence pessimism
                                  0.149908   25.607153   library recovery time
                                             25.607153   data required time
---------------------------------------------------------------------------------------------
                                             25.607153   data required time
                                             -3.406549   data arrival time
---------------------------------------------------------------------------------------------
                                             22.200605   slack (MET)


Startpoint: _3670_ (rising edge-triggered flip-flop clocked by hz100)
Endpoint: ready (output port clocked by hz100)
Path Group: hz100
Path Type: max

Fanout         Cap        Slew       Delay        Time   Description
---------------------------------------------------------------------------------------------
                                  0.000000    0.000000   clock hz100 (rise edge)
                                  0.000000    0.000000   clock source latency
     1    0.032681    0.151856    0.107131    0.107131 ^ hz100 (in)
                                                         hz100 (net)
                      0.152033    0.000000    0.107131 ^ clkbuf_0_hz100/A (sky130_fd_sc_hd__clkbuf_16)
     4    0.078750    0.096348    0.206734    0.313864 ^ clkbuf_0_hz100/X (sky130_fd_sc_hd__clkbuf_16)
                                                         clknet_0_hz100 (net)
                      0.096461    0.002954    0.316818 ^ clkbuf_2_0__f_hz100/A (sky130_fd_sc_hd__clkbuf_16)
     7    0.077505    0.094349    0.188141    0.504959 ^ clkbuf_2_0__f_hz100/X (sky130_fd_sc_hd__clkbuf_16)
                                                         clknet_2_0__leaf_hz100 (net)
                      0.094374    0.001473    0.506432 ^ clkbuf_leaf_28_hz100/A (sky130_fd_sc_hd__clkbuf_8)
    12    0.050649    0.098900    0.187516    0.693948 ^ clkbuf_leaf_28_hz100/X (sky130_fd_sc_hd__clkbuf_8)
                                                         clknet_leaf_28_hz100 (net)
                      0.098905    0.000821    0.694769 ^ _3670_/CLK (sky130_fd_sc_hd__dfxtp_1)
     5    0.018324    0.091853    0.368879    1.063648 v _3670_/Q (sky130_fd_sc_hd__dfxtp_1)
                                                         matmult_inst.fsm_inst.state[2] (net)
                      0.091853    0.000269    1.063918 v fanout199/A (sky130_fd_sc_hd__clkbuf_2)
    10    0.029364    0.115058    0.195784    1.259702 v fanout199/X (sky130_fd_sc_hd__clkbuf_2)
                                                         net199 (net)
                      0.115060    0.000582    1.260284 v _1617_/A (sky130_fd_sc_hd__nor2_1)
     2    0.007284    0.149055    0.177438    1.437721 ^ _1617_/Y (sky130_fd_sc_hd__nor2_1)
                                                         _0536_ (net)
                      0.149055    0.000181    1.437902 ^ _1619_/B (sky130_fd_sc_hd__nand2_1)
     6    0.016990    0.143061    0.152383    1.590285 v _1619_/Y (sky130_fd_sc_hd__nand2_1)
                                                         _0538_ (net)
                      0.143061    0.000435    1.590721 v _1621_/A (sky130_fd_sc_hd__nor2_1)
     2    0.011420    0.218061    0.238182    1.828903 ^ _1621_/Y (sky130_fd_sc_hd__nor2_1)
                                                         _0540_ (net)
                      0.218061    0.000207    1.829110 ^ wire156/A (sky130_fd_sc_hd__buf_1)
     3    0.012633    0.155031    0.193982    2.023092 ^ wire156/X (sky130_fd_sc_hd__buf_1)
                                                         net156 (net)
                      0.155031    0.000405    2.023497 ^ _1955_/C (sky130_fd_sc_hd__and4_1)
     1    0.006142    0.083892    0.229303    2.252799 ^ _1955_/X (sky130_fd_sc_hd__and4_1)
                                                         net5 (net)
                      0.083892    0.000240    2.253039 ^ output5/A (sky130_fd_sc_hd__buf_2)
     1    0.034393    0.170974    0.212771    2.465810 ^ output5/X (sky130_fd_sc_hd__buf_2)
                                                         ready (net)
                      0.170975    0.000748    2.466558 ^ ready (out)
                                              2.466558   data arrival time

                                 25.000000   25.000000   clock hz100 (rise edge)
                                  0.000000   25.000000   clock network delay (propagated)
                                 -0.250000   24.750000   clock uncertainty
                                  0.000000   24.750000   clock reconvergence pessimism
                                 -5.000000   19.750000   output external delay
                                             19.750000   data required time
---------------------------------------------------------------------------------------------
                                             19.750000   data required time
                                             -2.466558   data arrival time
---------------------------------------------------------------------------------------------
                                             17.283442   slack (MET)




===========================================================================
report_checks --slack_max -0.01
============================================================================
======================= nom_tt_025C_1v80 Corner ===================================

No paths found.


===========================================================================
 report_check_types -max_slew -max_cap -max_fanout -violators
============================================================================
======================= nom_tt_025C_1v80 Corner ===================================

max fanout

Pin                                   Limit Fanout  Slack
---------------------------------------------------------
clkbuf_leaf_18_hz100/X                   10     21    -11 (VIOLATED)
clkbuf_leaf_26_hz100/X                   10     21    -11 (VIOLATED)
clkbuf_leaf_17_hz100/X                   10     19     -9 (VIOLATED)
clkbuf_leaf_25_hz100/X                   10     19     -9 (VIOLATED)
clkbuf_leaf_7_hz100/X                    10     19     -9 (VIOLATED)
clkbuf_leaf_8_hz100/X                    10     19     -9 (VIOLATED)
clkbuf_leaf_1_hz100/X                    10     18     -8 (VIOLATED)
clkbuf_leaf_2_hz100/X                    10     18     -8 (VIOLATED)
clkbuf_leaf_24_hz100/X                   10     17     -7 (VIOLATED)
clkbuf_leaf_29_hz100/X                   10     17     -7 (VIOLATED)
clkbuf_leaf_10_hz100/X                   10     16     -6 (VIOLATED)
clkbuf_leaf_12_hz100/X                   10     16     -6 (VIOLATED)
clkbuf_leaf_16_hz100/X                   10     16     -6 (VIOLATED)
clkbuf_leaf_21_hz100/X                   10     16     -6 (VIOLATED)
clkbuf_leaf_22_hz100/X                   10     15     -5 (VIOLATED)
clkbuf_leaf_6_hz100/X                    10     15     -5 (VIOLATED)
clkbuf_leaf_13_hz100/X                   10     14     -4 (VIOLATED)
clkbuf_leaf_23_hz100/X                   10     14     -4 (VIOLATED)
clkbuf_leaf_14_hz100/X                   10     12     -2 (VIOLATED)
clkbuf_leaf_15_hz100/X                   10     12     -2 (VIOLATED)
clkbuf_leaf_20_hz100/X                   10     12     -2 (VIOLATED)
clkbuf_leaf_28_hz100/X                   10     12     -2 (VIOLATED)
clkbuf_leaf_27_hz100/X                   10     11        (VIOLATED)
clkbuf_leaf_9_hz100/X                    10     11        (VIOLATED)
fanout116/X                              10     11        (VIOLATED)



===========================================================================
report_parasitic_annotation -report_unannotated
============================================================================
Found 31 unannotated drivers.
 _3270__294/LO
 clkload0/Y
 clkload1/Y
 clkload10/Y
 clkload11/Y
 clkload12/Y
 clkload13/Y
 clkload14/Y
 clkload15/Y
 clkload16/Y
 clkload17/Y
 clkload18/Y
 clkload19/Y
 clkload2/X
 clkload20/Y
 clkload21/X
 clkload22/Y
 clkload23/Y
 clkload24/Y
 clkload25/Y
 clkload26/Y
 clkload27/Y
 clkload28/Y
 clkload29/Y
 clkload3/Y
 clkload4/Y
 clkload5/Y
 clkload6/Y
 clkload7/Y
 clkload8/Y
 clkload9/Y
Found 0 partially unannotated drivers.

===========================================================================
max slew violation count 0
max fanout violation count 25
max cap violation count 0
============================================================================

===========================================================================
check_setup -verbose -unconstrained_endpoints -multiple_clock -no_clock -no_input_delay -loops -generated_clocks
===========================================================================
Warning: There are 38 unclocked register/latch pins.
  _3251_/CLK
  _3270_/CLK
  _3271_/CLK
  _3272_/CLK
  _3273_/CLK
  _3274_/CLK
  _3275_/CLK
  _3276_/CLK
  _3277_/CLK
  _3278_/CLK
  _3279_/CLK
  _3280_/CLK
  _3281_/CLK
  _3282_/CLK
  _3283_/CLK
  _3284_/CLK
  _3285_/CLK
  _3286_/CLK
  _3316_/CLK
  _3317_/CLK
  _3318_/CLK
  _3319_/CLK
  _3320_/CLK
  _3321_/CLK
  _3322_/CLK
  _3324_/CLK
  _3326_/CLK
  _3327_/CLK
  _3328_/CLK
  _3329_/CLK
  _3330_/CLK
  _3331_/CLK
  _3332_/CLK
  _3333_/CLK
  _3335_/CLK
  _3336_/CLK
  _3337_/CLK
  _3338_/CLK
Warning: There are 47 unconstrained endpoints.
  _3243_/D
  _3244_/D
  _3245_/D
  _3246_/D
  _3247_/D
  _3248_/D
  _3249_/D
  _3250_/D
  _3251_/D
  _3270_/D
  _3271_/D
  _3272_/D
  _3273_/D
  _3274_/D
  _3275_/D
  _3276_/D
  _3277_/D
  _3278_/D
  _3279_/D
  _3280_/D
  _3281_/D
  _3282_/D
  _3283_/D
  _3284_/D
  _3285_/D
  _3286_/D
  _3315_/D
  _3316_/D
  _3317_/D
  _3318_/D
  _3319_/D
  _3320_/D
  _3321_/D
  _3322_/D
  _3324_/D
  _3326_/D
  _3327_/D
  _3328_/D
  _3329_/D
  _3330_/D
  _3331_/D
  _3332_/D
  _3333_/D
  _3335_/D
  _3336_/D
  _3337_/D
  _3338_/D
