Clock: hz100
Sources: hz100 
Generated: no
Virtual: yes
Propagated: no
Period: 25.000000

===========================================================================
report_clock_properties
============================================================================
Clock                   Period          Waveform
----------------------------------------------------
hz100                25.000000    0.000000 12.500000

===========================================================================
report_clock_latency
============================================================================
Clock hz100
rise -> rise
    min     max
0.000000 0.000000 source latency
0.672749         network latency _3404_/CLK
        5.858918 network latency _3322_/CLK
---------------
0.672749 5.858918 latency
        5.186169 skew

rise -> fall
    min     max
0.000000 0.000000 source latency
5.340717         network latency _3275_/CLK
        6.000773 network latency _3316_/CLK
---------------
5.340717 6.000773 latency
        0.660056 skew

fall -> fall
    min     max
0.000000 0.000000 source latency
0.598617         network latency _3404_/CLK
        0.636558 network latency _3310_/CLK
---------------
0.598617 0.636558 latency
        0.037940 skew



===========================================================================
report_clock_min_period
============================================================================
hz100 period_min = 4.80 fmax = 208.19
